{"id": "asmr7_bully_01_raw", "dnsmos_signal": 3.5437830230911733, "dnsmos_background": 4.0214362465007385, "dnsmos_overall": 3.216805787509241, "dnsmos_windows": 6, "dnsmos_repeated_short_clip": true}
{"id": "asmr7_bully_01_natural", "dnsmos_signal": 3.4749668819557193, "dnsmos_background": 3.629305905517942, "dnsmos_overall": 2.9603059946098496, "dnsmos_windows": 7, "dnsmos_repeated_short_clip": true}
{"id": "asmr7_bully_01_clean", "dnsmos_signal": 3.411214601588527, "dnsmos_background": 4.110214352149762, "dnsmos_overall": 3.125546026031271, "dnsmos_windows": 6, "dnsmos_repeated_short_clip": true}
{"id": "asmr7_bully_02_raw", "dnsmos_signal": 3.623154668559599, "dnsmos_background": 4.060363841519128, "dnsmos_overall": 3.3004989288325697, "dnsmos_windows": 6, "dnsmos_repeated_short_clip": true}
{"id": "asmr7_bully_02_natural", "dnsmos_signal": 3.663249737915144, "dnsmos_background": 4.194023788634894, "dnsmos_overall": 3.43623818888391, "dnsmos_windows": 6, "dnsmos_repeated_short_clip": true}
{"id": "asmr7_bully_02_clean", "dnsmos_signal": 3.537447786109271, "dnsmos_background": 3.9614310650052325, "dnsmos_overall": 3.2122159514972153, "dnsmos_windows": 6, "dnsmos_repeated_short_clip": true}
{"id": "asmr7_conversational_01_raw", "dnsmos_signal": 3.374835438917143, "dnsmos_background": 3.642013438211316, "dnsmos_overall": 2.903795001721745, "dnsmos_windows": 6, "dnsmos_repeated_short_clip": true}
{"id": "asmr7_conversational_01_natural", "dnsmos_signal": 3.505807782911632, "dnsmos_background": 3.9423780523326024, "dnsmos_overall": 3.147788157288395, "dnsmos_windows": 7, "dnsmos_repeated_short_clip": true}
{"id": "asmr7_conversational_01_clean", "dnsmos_signal": 3.670592661100023, "dnsmos_background": 4.202849319264229, "dnsmos_overall": 3.446877251589369, "dnsmos_windows": 7, "dnsmos_repeated_short_clip": true}
{"id": "asmr7_soft_praise_01_raw", "dnsmos_signal": 3.568343295860654, "dnsmos_background": 3.824276736608205, "dnsmos_overall": 3.189838055213292, "dnsmos_windows": 6, "dnsmos_repeated_short_clip": true}
{"id": "asmr7_soft_praise_01_natural", "dnsmos_signal": 3.3586029830510733, "dnsmos_background": 3.1011489987022247, "dnsmos_overall": 2.6357493460988115, "dnsmos_windows": 6, "dnsmos_repeated_short_clip": true}
{"id": "asmr7_soft_praise_01_clean", "dnsmos_signal": 3.525747560170346, "dnsmos_background": 3.630226148216169, "dnsmos_overall": 3.036811212936776, "dnsmos_windows": 6, "dnsmos_repeated_short_clip": true}
{"id": "asmr7_emotional_01_raw", "dnsmos_signal": 3.6767434544443702, "dnsmos_background": 4.169259080612263, "dnsmos_overall": 3.4248935108830385, "dnsmos_windows": 6, "dnsmos_repeated_short_clip": true}
{"id": "asmr7_emotional_01_natural", "dnsmos_signal": 3.684324979167411, "dnsmos_background": 4.218460642321289, "dnsmos_overall": 3.4547204041543758, "dnsmos_windows": 6, "dnsmos_repeated_short_clip": true}
{"id": "asmr7_emotional_01_clean", "dnsmos_signal": 3.644086023524409, "dnsmos_background": 4.21712315550587, "dnsmos_overall": 3.414241124826153, "dnsmos_windows": 6, "dnsmos_repeated_short_clip": true}
{"id": "asmr7_emotional_02_raw", "dnsmos_signal": 3.563157814369337, "dnsmos_background": 4.0814815544615985, "dnsmos_overall": 3.257229375617121, "dnsmos_windows": 4, "dnsmos_repeated_short_clip": true}
{"id": "asmr7_emotional_02_natural", "dnsmos_signal": 3.549725526755572, "dnsmos_background": 4.064320591496369, "dnsmos_overall": 3.2472712351168247, "dnsmos_windows": 5, "dnsmos_repeated_short_clip": true}
{"id": "asmr7_emotional_02_clean", "dnsmos_signal": 3.608829293160847, "dnsmos_background": 4.076903842283787, "dnsmos_overall": 3.3101674783173856, "dnsmos_windows": 4, "dnsmos_repeated_short_clip": true}
{"id": "asmr7_party_01_raw", "dnsmos_signal": 3.6175025589939276, "dnsmos_background": 4.063694242773396, "dnsmos_overall": 3.324931580252243, "dnsmos_windows": 5, "dnsmos_repeated_short_clip": true}
{"id": "asmr7_party_01_natural", "dnsmos_signal": 3.5897409858675773, "dnsmos_background": 4.123172308389777, "dnsmos_overall": 3.3132210512460536, "dnsmos_windows": 6, "dnsmos_repeated_short_clip": true}
{"id": "asmr7_party_01_clean", "dnsmos_signal": 3.5539813671737503, "dnsmos_background": 4.1788554392626205, "dnsmos_overall": 3.3295963693049044, "dnsmos_windows": 5, "dnsmos_repeated_short_clip": true}
