MemoryMax=640MiB, MemoryHigh=512MiB, no swap, 2 CPU cores, one job; desktop reserve=4GiB
Running as unit: nano-lab-model.service
{"id": "calibration_asmr7_train_01", "wer": 0.888889, "transcript": "Okay, gather around everybody. Great. So, as the one throwing the party."}
{"id": "calibration_asmr7_train_02", "wer": 0.0, "transcript": "There's a closet in pretty much every room in this house, so we might as well put them to use."}
{"id": "asmr7_repair_001", "wer": 0.5, "transcript": "Woah, we're easy there. Okay, I swear."}
{"id": "asmr7_repair_002", "wer": 0.1, "transcript": "If anyone breaks my parents' face, I'm gonna be pissed."}
{"id": "asmr7_repair_003", "wer": 0.263158, "transcript": "Yes, I hit it in one of the locked rooms, but you know stuff is going to pick a lot."}
{"id": "asmr7_repair_004", "wer": 0.384615, "transcript": "Oh, wow, there's a game that's been the bottle going already."}
{"id": "asmr7_repair_005", "wer": 0.1, "transcript": "You want it? Of course I'm going in."}
{"id": "asmr7_repair_006", "wer": 0.0, "transcript": "There's a closet in pretty much every room in this house, so we might as well put them to use."}
{"id": "asmr7_repair_007", "wer": 0.0, "transcript": "Sound good? Great. Very well."}
{"id": "asmr7_repair_008", "wer": 0.0, "transcript": "Now, let's get this game underway. I'll be nice enough to let whoever started the game up to go on first."}
{"id": "asmr7_repair_009", "wer": 0.058824, "transcript": "Alright, my turn. Let me see who the lucky person that gets to kiss me as tonight."}
{"id": "asmr7_repair_010", "wer": 0.0, "transcript": "It's my birthday, so they better make these seven minutes worth it."}
{"id": "asmr7_repair_011", "wer": 0.0, "transcript": "Will you stop pushing me? I'm getting up already."}
{"id": "asmr7_repair_012", "wer": 0.166667, "transcript": "Don't worry, wait a hold on."}
{"id": "asmr7_repair_013", "wer": 0.0, "transcript": "Look, why on earth are you even here?"}
{"id": "asmr7_repair_014", "wer": 0.0, "transcript": "It just means I'm stuck here with you for longer."}
{"id": "asmr7_repair_015", "wer": 0.0, "transcript": "Did I mention it's you? Why?"}
{"id": "asmr7_repair_016", "wer": 0.166667, "transcript": "I hate you because you're a nerd loser and a loner who keeps getting in my way."}
{"id": "asmr7_repair_017", "wer": 0.0, "transcript": "school after school at the park, and now my own party."}
{"id": "asmr7_repair_018", "wer": 0.117647, "transcript": "Cheese. I put out into the universe I don't want to see one person in boom."}
{"id": "asmr7_repair_019", "wer": 0.0, "transcript": "They're everywhere. You are so that bad."}
{"id": "asmr7_repair_020", "wer": 0.25, "transcript": "What do you look like that?"}
{"id": "asmr7_repair_021", "wer": 0.5, "transcript": "Oh, you look sad. My sad. Okay. Okay."}
{"id": "asmr7_repair_022", "wer": 0.0, "transcript": "How's it finally dawned on you that you ruined my birthday party by destroying my one chance? my one chance to kiss a random person"}
{"id": "asmr7_repair_023", "wer": 0.071429, "transcript": "Oh, well, when I usually insult you, you just throw him back at me."}
{"id": "asmr7_repair_024", "wer": 0.0, "transcript": "I didn't think I actually hurt you when I say these things."}
{"id": "asmr7_repair_025", "wer": 0.133333, "transcript": "Right back to the top back because you just want to hear me sing your praises."}
{"id": "asmr7_repair_026", "wer": 0.363636, "transcript": "You're a temper that I originally thought. Should I think someone's coming in?"}
{"id": "asmr7_repair_027", "wer": 0.428571, "transcript": "I'm gonna shut up and quick, kiss me. Yes, I'm serious, kiss me."}
{"id": "asmr7_repair_028", "wer": 0.076923, "transcript": "We need to make them go away and they find us talking."}
{"id": "asmr7_repair_029", "wer": 0.25, "transcript": "Don't say anything, just one more, a little longer."}
{"id": "asmr7_repair_030", "wer": 0.058824, "transcript": "Yes, I'm sure I did. Guess I am failing to make your day worse now."}
{"id": "asmr7_repair_031", "wer": 0.111111, "transcript": "Come on, I know my kissing isn't that bad."}
{"id": "asmr7_repair_032", "wer": 0.2, "transcript": "I have had plenty of practice and a lot of majority of those who have experienced"}
{"id": "asmr7_repair_033", "wer": 0.285714, "transcript": "Oh, um, not we meant, gotcha."}
{"id": "asmr7_repair_034", "wer": 0.0, "transcript": "I read this closet experience, a solid 7 out of 10"}
          Finished with result: success
Main processes terminated with: code=exited, status=0/SUCCESS
               Service runtime: 50.869s
             CPU time consumed: 1min 38.369s
                   Memory peak: 263.6M (swap: 0B)
