MemoryMax=3GiB, MemoryHigh=2500MiB, no swap, 2 CPU cores, one job
Running as unit: nano-lab-model.service; invocation ID: ab850ec099ca47dabec4a5be68765273
{"id": "asmr_conversational_reassurance_47_master", "wer": 0.086957, "transcript": "You do not need to solve everything to mind. Choose one small step, give yourself a little space, and we can begin again tomorrow."}
{"id": "asmr_conversational_reassurance_47_opening", "wer": 0.5, "transcript": "You do not need to solve everything to mind. Choose one."}
{"id": "harvey_tune_natural_master", "wer": 0.263158, "transcript": "Check the details, prepare your next move, and walk into that meeting with confidence."}
{"id": "harvey_tune_natural_opening", "wer": 1.0, "transcript": "Check the details"}
{"id": "harvey_tune_isolated_natdecode_master", "wer": 0.263158, "transcript": "Check the details, prepare your next move, and walk into that meeting with confidence."}
{"id": "harvey_tune_isolated_natdecode_opening", "wer": 1.0, "transcript": "Check the details"}
{"id": "harvey_tune_natural_mean_master", "wer": 0.263158, "transcript": "Check the details, prepare your next move, and walk into that meeting with confidence."}
{"id": "harvey_tune_natural_mean_opening", "wer": 1.0, "transcript": "Check the details."}
{"id": "asmr7_train_01", "wer": 0.888889, "transcript": "Okay, gather around everybody. Great. So, as the one throwing the party,"}
{"id": "asmr7_train_02", "wer": 0.0, "transcript": "There's a closet in pretty much every room in this house, so we might as well put them to use."}
{"id": "asmr7_train_03", "wer": 0.0, "transcript": "I'll be nice enough to let whoever started the game up to go on first."}
{"id": "asmr7_train_04", "wer": 0.1875, "transcript": "It's my birthday, so they better make these seven minutes worth it."}
{"id": "asmr7_train_05", "wer": 0.0, "transcript": "What did I do to end up here with you? I know I spun the bottle. Fucking dumbass."}
{"id": "asmr7_train_06", "wer": 0.928571, "transcript": "some reason you're here now and stuck in a closet with me. I'm not sure if this is more torture for me or"}
{"id": "asmr7_train_07", "wer": 0.083333, "transcript": "I hate you. You're too perfect. Like untouchable by misfortune."}
{"id": "asmr7_train_08", "wer": 0.526316, "transcript": "The fact is, when I see you, I see you."}
{"id": "asmr7_train_09", "wer": 0.4, "transcript": "Okay, what I'm trying to say is that you made me jump."}
{"id": "asmr7_valid_04", "wer": 0.44, "transcript": "Thanks. Wait, that better not be implying that I'm also a nerd because I won't take back all the nice things I said about you. I am not a nerd. And you know what?"}
          Finished with result: success
Main processes terminated with: code=exited, status=0/SUCCESS
               Service runtime: 35.311s
             CPU time consumed: 35.670s
                   Memory peak: 2.1G (swap: 0B)
