MemoryMax=3072MiB, MemoryHigh=2500MiB, no swap, 2 CPU cores, one job; desktop reserve=4GiB
Running as unit: nano-lab-model.service
/home/terryd/gooning/voicecloning/voicebox/backend/venv/lib/python3.12/site-packages/diffusers/models/lora.py:391: FutureWarning: `LoRACompatibleLinear` is deprecated and will be removed in version 1.0.0. Use of `LoRACompatibleLinear` is deprecated. Please switch to PEFT backend by installing PEFT: `pip install peft`.
  deprecate("LoRACompatibleLinear", "1.0.0", deprecation_message)
{
  "output_dir": "/home/terryd/gooning/voicecloning/artifacts/nano_lab/decoder_embedding_fit",
  "parity": {
    "atol": 0.0001,
    "failures": [],
    "max_abs": 0.0,
    "rmse_mean": 0.0,
    "rows": [
      {
        "id": "asmr7_repair_001",
        "max_abs": 0.0,
        "passed": true,
        "rmse": 0.0,
        "shape": [
          1,
          80,
          216
        ]
      },
      {
        "id": "asmr7_repair_006",
        "max_abs": 0.0,
        "passed": true,
        "rmse": 0.0,
        "shape": [
          1,
          80,
          280
        ]
      },
      {
        "id": "asmr7_repair_007",
        "max_abs": 0.0,
        "passed": true,
        "rmse": 0.0,
        "shape": [
          1,
          80,
          204
        ]
      },
      {
        "id": "asmr7_repair_008",
        "max_abs": 0.0,
        "passed": true,
        "rmse": 0.0,
        "shape": [
          1,
          80,
          444
        ]
      },
      {
        "id": "asmr7_repair_010",
        "max_abs": 0.0,
        "passed": true,
        "rmse": 0.0,
        "shape": [
          1,
          80,
          198
        ]
      },
      {
        "id": "asmr7_repair_012",
        "max_abs": 0.0,
        "passed": true,
        "rmse": 0.0,
        "shape": [
          1,
          80,
          266
        ]
      },
      {
        "id": "asmr7_repair_013",
        "max_abs": 0.0,
        "passed": true,
        "rmse": 0.0,
        "shape": [
          1,
          80,
          174
        ]
      },
      {
        "id": "asmr7_repair_014",
        "max_abs": 0.0,
        "passed": true,
        "rmse": 0.0,
        "shape": [
          1,
          80,
          220
        ]
      },
      {
        "id": "asmr7_repair_015",
        "max_abs": 0.0,
        "passed": true,
        "rmse": 0.0,
        "shape": [
          1,
          80,
          258
        ]
      },
      {
        "id": "asmr7_repair_019",
        "max_abs": 0.0,
        "passed": true,
        "rmse": 0.0,
        "shape": [
          1,
          80,
          238
        ]
      },
      {
        "id": "asmr7_repair_023",
        "max_abs": 0.0,
        "passed": true,
        "rmse": 0.0,
        "shape": [
          1,
          80,
          370
        ]
      },
      {
        "id": "asmr7_repair_024",
        "max_abs": 0.0,
        "passed": true,
        "rmse": 0.0,
        "shape": [
          1,
          80,
          194
        ]
      },
      {
        "id": "asmr7_repair_025",
        "max_abs": 0.0,
        "passed": true,
        "rmse": 0.0,
        "shape": [
          1,
          80,
          284
        ]
      },
      {
        "id": "asmr7_repair_028",
        "max_abs": 0.0,
        "passed": true,
        "rmse": 0.0,
        "shape": [
          1,
          80,
          268
        ]
      },
      {
        "id": "asmr7_repair_033",
        "max_abs": 0.0,
        "passed": true,
        "rmse": 0.0,
        "shape": [
          1,
          80,
          212
        ]
      },
      {
        "id": "asmr7_repair_011",
        "max_abs": 0.0,
        "passed": true,
        "rmse": 0.0,
        "shape": [
          1,
          80,
          208
        ]
      },
      {
        "id": "asmr7_repair_022",
        "max_abs": 0.0,
        "passed": true,
        "rmse": 0.0,
        "shape": [
          1,
          80,
          552
        ]
      }
    ],
    "status": "passed"
  },
  "status": "fit_complete"
}
          Finished with result: success
Main processes terminated with: code=exited, status=0/SUCCESS
               Service runtime: 4min 59.185s
             CPU time consumed: 4min 59.256s
                   Memory peak: 1.4G (swap: 0B)
