MemoryMax=3GiB, MemoryHigh=2500MiB, no swap, 2 CPU cores, one job
Running as unit: nano-lab-model.service
/home/terryd/gooning/voicecloning/scripts/nano_lab/onnx_staged.py:207: DeprecationWarning: You are using the legacy TorchScript-based ONNX export. Starting in PyTorch 2.9, the new torch.export-based ONNX exporter has become the default. Learn more about the new export logic: https://docs.pytorch.org/docs/stable/onnx_export.html. For exporting control flow: https://pytorch.org/tutorials/beginner/onnx/export_control_flow_model_to_onnx_tutorial.html
  torch.onnx.export(
{
  "checkpoint": {
    "bytes": 869899204,
    "exists": true,
    "path": "/home/terryd/gooning/voicecloning/models/chatterbox-nano/t3_nano_v1.safetensors",
    "sha256": "72b110185087d945dbdf54dee4e333848e1811bdd5fd6cb16ceb8da50006f0c9"
  },
  "created_unix": 1790672905.7074668,
  "device": "cuda",
  "dtype": "torch.float32",
  "examples": {
    "bytes": 1055528,
    "cases": {
      "decode": {
        "input_names": [
          "inputs_embeds",
          "cache_position",
          "past_0",
          "past_1",
          "past_2",
          "past_3",
          "past_4",
          "past_5",
          "past_6",
          "past_7",
          "past_8",
          "past_9",
          "past_10",
          "past_11",
          "past_12",
          "past_13",
          "past_14",
          "past_15",
          "past_16",
          "past_17",
          "past_18",
          "past_19",
          "past_20",
          "past_21",
          "past_22",
          "past_23"
        ],
        "output_names": [
          "output_0",
          "output_1",
          "output_2",
          "output_3",
          "output_4",
          "output_5",
          "output_6",
          "output_7",
          "output_8",
          "output_9",
          "output_10",
          "output_11",
          "output_12",
          "output_13",
          "output_14",
          "output_15",
          "output_16",
          "output_17",
          "output_18",
          "output_19",
          "output_20",
          "output_21",
          "output_22",
          "output_23",
          "output_24"
        ]
      },
      "prefill": {
        "input_names": [
          "inputs_embeds",
          "cache_position",
          "past_0",
          "past_1",
          "past_2",
          "past_3",
          "past_4",
          "past_5",
          "past_6",
          "past_7",
          "past_8",
          "past_9",
          "past_10",
          "past_11",
          "past_12",
          "past_13",
          "past_14",
          "past_15",
          "past_16",
          "past_17",
          "past_18",
          "past_19",
          "past_20",
          "past_21",
          "past_22",
          "past_23"
        ],
        "output_names": [
          "output_0",
          "output_1",
          "output_2",
          "output_3",
          "output_4",
          "output_5",
          "output_6",
          "output_7",
          "output_8",
          "output_9",
          "output_10",
          "output_11",
          "output_12",
          "output_13",
          "output_14",
          "output_15",
          "output_16",
          "output_17",
          "output_18",
          "output_19",
          "output_20",
          "output_21",
          "output_22",
          "output_23",
          "output_24"
        ]
      }
    },
    "path": "examples.npz"
  },
  "external_weights": {
    "speaker_projection_bias": {
      "bytes": 3200,
      "dtype": "torch.float32",
      "path": "speaker_projection_bias.npy",
      "sha256": "a831324752fbb6ee83c22082ef2b2b13207fdb4acd2065616387c15aa1a9073f",
      "shape": [
        768
      ]
    },
    "speaker_projection_weight": {
      "bytes": 786560,
      "dtype": "torch.float32",
      "path": "speaker_projection_weight.npy",
      "sha256": "8e94539f926c05280c5f78d1b74024cb01ca254e330fe80eab963a76a04482bc",
      "shape": [
        768,
        256
      ]
    },
    "speech_embedding": {
      "bytes": 20161664,
      "dtype": "torch.float32",
      "path": "speech_embedding.npy",
      "sha256": "6c771ffa53193dae38ddb2ccc967bedd8f8b9eb63e8d61475a531c3ecdd830ae",
      "shape": [
        6563,
        768
      ]
    },
    "text_embedding": {
      "bytes": 154448000,
      "dtype": "torch.float32",
      "path": "text_embedding.npy",
      "sha256": "dfbdc98e23e172f93767414c93675efacecaf662073aa8bbbdd2c3c5c70c879e",
      "shape": [
        50276,
        768
      ]
    }
  },
  "graph": {
    "bytes": 385854610,
    "elapsed_seconds": 7.2729543179993925,
    "opset": 18,
    "path": "nano_t3_kv.onnx",
    "requested_inputs": [
      "inputs_embeds",
      "cache_position",
      "past_0",
      "past_1",
      "past_2",
      "past_3",
      "past_4",
      "past_5",
      "past_6",
      "past_7",
      "past_8",
      "past_9",
      "past_10",
      "past_11",
      "past_12",
      "past_13",
      "past_14",
      "past_15",
      "past_16",
      "past_17",
      "past_18",
      "past_19",
      "past_20",
      "past_21",
      "past_22",
      "past_23"
    ],
    "requested_outputs": [
      "logits",
      "present_0",
      "present_1",
      "present_2",
      "present_3",
      "present_4",
      "present_5",
      "present_6",
      "present_7",
      "present_8",
      "present_9",
      "present_10",
      "present_11",
      "present_12",
      "present_13",
      "present_14",
      "present_15",
      "present_16",
      "present_17",
      "present_18",
      "present_19",
      "present_20",
      "present_21",
      "present_22",
      "present_23"
    ],
    "validation": "pending separate ORT verification"
  },
  "load": {
    "ignored_missing_tensors": [],
    "loaded_tensors": 153,
    "missing_tensors": [],
    "optimized_loader": "runtime._stream_load_safetensors after meta/to_empty",
    "removed_parameters": [
      "tfmr.wte",
      "text_head"
    ],
    "skipped_tensors": 2,
    "unexpected_tensors": []
  },
  "model": "ResembleAI/chatterbox-nano",
  "runtime_contract": "Caller mmap-loads the external embedding/projection .npy tables, assembles exact Nano embeddings, and performs Python sampling; zero-length past selects prefill.",
  "schema_version": 1,
  "source": "local Nano checkpoint; no Turbo substitution",
  "stage": "t3",
  "status": "exported",
  "torch_output_layout": {
    "decode": [
      "output_0",
      "output_1",
      "output_2",
      "output_3",
      "output_4",
      "output_5",
      "output_6",
      "output_7",
      "output_8",
      "output_9",
      "output_10",
      "output_11",
      "output_12",
      "output_13",
      "output_14",
      "output_15",
      "output_16",
      "output_17",
      "output_18",
      "output_19",
      "output_20",
      "output_21",
      "output_22",
      "output_23",
      "output_24"
    ],
    "prefill": [
      "output_0",
      "output_1",
      "output_2",
      "output_3",
      "output_4",
      "output_5",
      "output_6",
      "output_7",
      "output_8",
      "output_9",
      "output_10",
      "output_11",
      "output_12",
      "output_13",
      "output_14",
      "output_15",
      "output_16",
      "output_17",
      "output_18",
      "output_19",
      "output_20",
      "output_21",
      "output_22",
      "output_23",
      "output_24"
    ]
  },
  "verification": {
    "command": "onnx_staged.py verify --stage t3",
    "status": "not_run"
  }
}
          Finished with result: success
Main processes terminated with: code=exited, status=0/SUCCESS
               Service runtime: 44.470s
             CPU time consumed: 41.251s
                   Memory peak: 2.4G (swap: 0B)
