MemoryMax=1280MiB, MemoryHigh=1024MiB, no swap, 2 CPU cores, one job; desktop reserve=4GiB
Running as unit: nano-lab-model.service
{
  "elapsed_seconds": 5.375684499740601,
  "finished_unix": 1790708182.1005301,
  "result": {
    "conditioning_cache": "/home/terryd/gooning/voicecloning/artifacts/nano_lab/decoder_embedding_fit/conditionals.pt",
    "field_count": 7,
    "mode": "speaker_specific_text_and_decoder_fit",
    "profile": "/home/terryd/gooning/voicecloning/voices/nano/asmr_decoder_fitted_experimental.json",
    "profile_validation": {
      "adapter": {
        "adapter_patch_format": "nano_t3_lora_merged_v1",
        "adapter_sha256": "cec985d98348a0a09a437766b996862d1f1017d36bdb8f400bbc0ad1547b0c4d",
        "enabled": true,
        "graph": "/home/terryd/gooning/voicecloning/artifacts/nano_lab/onnx_staged_adapter_aligned_all_attn/t3/nano_t3_kv.onnx",
        "graph_sha256": "01c73f743c816b379ea93d56846e2253f7869118394b363ebd5c2fdde36dee83",
        "manifest": "/home/terryd/gooning/voicecloning/artifacts/nano_lab/onnx_staged_adapter_aligned_all_attn/t3/manifest.json",
        "manifest_sha256": "4a523c90ca95d5eba858fe0cb7474aa173a5406f2ec45dc7ecd66d485eabe421",
        "patched_graph_sha256": "01c73f743c816b379ea93d56846e2253f7869118394b363ebd5c2fdde36dee83",
        "profile_adapter": "/home/terryd/gooning/voicecloning/artifacts/nano_lab/adapter_aligned_all_attn.pt",
        "profile_scale": 1.0
      },
      "mel_calibration": {
        "applied": false,
        "delta_path": "/home/terryd/gooning/voicecloning/artifacts/nano_lab/mel_calibration_asmr/delta.npy",
        "delta_sha256": "f2fe4c931a6d2d68e8a7be9775761c6e1911dd9740c9f3715861debc99637e83",
        "enabled": true,
        "report": "/home/terryd/gooning/voicecloning/artifacts/nano_lab/mel_calibration_asmr/report.json",
        "report_sha256": "df5644ca3f83a8dbea1a5d8887d902475edf01b7335040d1a8e20b3e877e9719",
        "strength": 1.0
      },
      "profile": "/home/terryd/gooning/voicecloning/voices/nano/asmr_decoder_fitted_experimental.json"
    },
    "skipped_optional_fields": [
      "t3.clap_emb",
      "t3.cond_prompt_speech_emb",
      "gen.prompt_feat_len"
    ]
  },
  "rss": {
    "peak_rss_bytes": 233902080,
    "rss_bytes": 235327488
  },
  "schema_version": 1,
  "stage": "prepare",
  "started_unix": 1790708176.7248483,
  "status": "ok"
}
None of PyTorch, TensorFlow >= 2.0, or Flax have been found. Models won't be available and only tokenizers, configuration and file/data utilities can be used.
{
  "elapsed_seconds": 12.308871030807495,
  "finished_unix": 1790708195.6103868,
  "result": {
    "eos_seen": true,
    "experimental_t3": true,
    "generated_token_count": 134,
    "length_limit_reached": false,
    "mode": "t3_generated_numpy_sampler",
    "prefill_sequence_length": 353,
    "raw_sampled_token_count": 135,
    "runtime": {
      "cuda_arena_shrinkage_after_run": true,
      "cuda_kv_cache_location": "cuda_ortvalue",
      "cuda_kv_resident_active": true,
      "cuda_kv_resident_requested": true,
      "cuda_memory_pattern_enabled": false,
      "fallback_disabled": true,
      "graph": "/home/terryd/gooning/voicecloning/artifacts/nano_lab/onnx_staged_adapter_aligned_all_attn/t3/nano_t3_kv.onnx",
      "inputs": [
        "inputs_embeds",
        "cache_position",
        "past_0",
        "past_1",
        "past_2",
        "past_3",
        "past_4",
        "past_5",
        "past_6",
        "past_7",
        "past_8",
        "past_9",
        "past_10",
        "past_11",
        "past_12",
        "past_13",
        "past_14",
        "past_15",
        "past_16",
        "past_17",
        "past_18",
        "past_19",
        "past_20",
        "past_21",
        "past_22",
        "past_23"
      ],
      "io_binding_calls": 135,
      "ort_provider": "cuda",
      "ort_version": "1.26.0",
      "outputs": [
        "logits",
        "present_0",
        "present_1",
        "present_2",
        "present_3",
        "present_4",
        "present_5",
        "present_6",
        "present_7",
        "present_8",
        "present_9",
        "present_10",
        "present_11",
        "present_12",
        "present_13",
        "present_14",
        "present_15",
        "present_16",
        "present_17",
        "present_18",
        "present_19",
        "present_20",
        "present_21",
        "present_22",
        "present_23"
      ],
      "profile_requested": false,
      "profiling": {
        "enabled": false,
        "ended": true,
        "profile_path": null,
        "profile_prefix": null
      },
      "provider_metadata": {
        "available": [
          "TensorrtExecutionProvider",
          "CUDAExecutionProvider",
          "CPUExecutionProvider"
        ],
        "cuda_options": {
          "arena_extend_strategy": "kSameAsRequested",
          "cudnn_conv_algo_search": "HEURISTIC",
          "device_id": 0,
          "do_copy_in_default_stream": true,
          "gpu_mem_limit": 2147483648,
          "use_tf32": 0
        },
        "preload_dlls": {
          "attempted": true,
          "directory": "",
          "status": "ok"
        },
        "requested": "cuda"
      },
      "providers": [
        "CUDAExecutionProvider",
        "CPUExecutionProvider"
      ],
      "requested_provider_options": {
        "arena_extend_strategy": "kSameAsRequested",
        "cuda_device_id": 0,
        "cudnn_conv_algo_search": "HEURISTIC",
        "do_copy_in_default_stream": true,
        "gpu_mem_limit_mib": 2048
      },
      "requested_providers": [
        "CUDAExecutionProvider",
        "CPUExecutionProvider"
      ],
      "stage": "t3",
      "threads": "bounded by caller; default 1 intra-op and 1 inter-op",
      "verification_only": false
    },
    "speech_token_count_with_silence": 137,
    "t3_used": true
  },
  "rss": {
    "peak_rss_bytes": 855560192,
    "rss_bytes": 848809984
  },
  "schema_version": 1,
  "stage": "tokens",
  "started_unix": 1790708183.3015194,
  "status": "ok"
}
[1;31m2026-09-29 11:56:39.729441072 [E:onnxruntime:Default, cudnn_fe_call.cc:38 CudaErrString<cudnn_frontend::error_object>] [cudnn_frontend] Error: No execution plans support the graph.[m
[1;31m2026-09-29 11:56:40.193668233 [E:onnxruntime:Default, cudnn_fe_call.cc:38 CudaErrString<cudnn_frontend::error_object>] [cudnn_frontend] Error: No execution plans support the graph.[m
{
  "elapsed_seconds": 3.3501994609832764,
  "finished_unix": 1790708200.2382183,
  "result": {
    "mel_length": 774,
    "prompt_feat_length": 500,
    "prompt_token_count": 250,
    "runtime": {
      "cuda_arena_shrinkage_after_run": true,
      "cuda_kv_cache_location": "numpy_cpu",
      "cuda_kv_resident_active": false,
      "cuda_kv_resident_requested": true,
      "cuda_memory_pattern_enabled": false,
      "fallback_disabled": true,
      "graph": "/home/terryd/gooning/voicecloning/artifacts/nano_lab/onnx_staged_adapter_aligned_all_attn/flow_encoder/nano_flow_encoder.onnx",
      "inputs": [
        "speech_tokens",
        "token_lengths"
      ],
      "io_binding_calls": 0,
      "ort_provider": "cuda",
      "ort_version": "1.26.0",
      "outputs": [
        "mu",
        "mask"
      ],
      "profile_requested": false,
      "profiling": {
        "enabled": false,
        "ended": true,
        "profile_path": null,
        "profile_prefix": null
      },
      "provider_metadata": {
        "available": [
          "TensorrtExecutionProvider",
          "CUDAExecutionProvider",
          "CPUExecutionProvider"
        ],
        "cuda_options": {
          "arena_extend_strategy": "kSameAsRequested",
          "cudnn_conv_algo_search": "HEURISTIC",
          "device_id": 0,
          "do_copy_in_default_stream": true,
          "gpu_mem_limit": 2147483648,
          "use_tf32": 0
        },
        "preload_dlls": {
          "attempted": true,
          "directory": "",
          "status": "ok"
        },
        "requested": "cuda"
      },
      "providers": [
        "CUDAExecutionProvider",
        "CPUExecutionProvider"
      ],
      "requested_provider_options": {
        "arena_extend_strategy": "kSameAsRequested",
        "cuda_device_id": 0,
        "cudnn_conv_algo_search": "HEURISTIC",
        "do_copy_in_default_stream": true,
        "gpu_mem_limit_mib": 2048
      },
      "requested_providers": [
        "CUDAExecutionProvider",
        "CPUExecutionProvider"
      ],
      "stage": "flow_encoder",
      "threads": "bounded by caller; default 1 intra-op and 1 inter-op",
      "verification_only": false
    },
    "speech_token_count": 137
  },
  "rss": {
    "peak_rss_bytes": 934375424,
    "rss_bytes": 933367808
  },
  "schema_version": 1,
  "stage": "flow",
  "started_unix": 1790708196.8880205,
  "status": "ok"
}
[0;93m2026-09-29 11:56:44.621859799 [W:onnxruntime:, transformer_memcpy.cc:111 ApplyImpl] 56 Memcpy nodes are added to the graph main_graph for CUDAExecutionProvider. It might have negative impact on performance (including unable to run CUDA graph). Set session_options.log_severity_level=1 to see the detail logs before this message.[m
[1;31m2026-09-29 11:56:48.911970102 [E:onnxruntime:Default, cudnn_fe_call.cc:38 CudaErrString<cudnn_frontend::error_object>] [cudnn_frontend] Error: No execution plans support the graph.[m
[1;31m2026-09-29 11:56:49.038550101 [E:onnxruntime:Default, cudnn_fe_call.cc:38 CudaErrString<cudnn_frontend::error_object>] [cudnn_frontend] Error: No execution plans support the graph.[m
[1;31m2026-09-29 11:56:49.147364218 [E:onnxruntime:Default, cudnn_fe_call.cc:38 CudaErrString<cudnn_frontend::error_object>] [cudnn_frontend] Error: No execution plans support the graph.[m
[1;31m2026-09-29 11:56:49.160456084 [E:onnxruntime:Default, cudnn_fe_call.cc:38 CudaErrString<cudnn_frontend::error_object>] [cudnn_frontend] Error: No execution plans support the graph.[m
[1;31m2026-09-29 11:56:49.173758023 [E:onnxruntime:Default, cudnn_fe_call.cc:38 CudaErrString<cudnn_frontend::error_object>] [cudnn_frontend] Error: No execution plans support the graph.[m
[1;31m2026-09-29 11:56:49.202345520 [E:onnxruntime:Default, cudnn_fe_call.cc:38 CudaErrString<cudnn_frontend::error_object>] [cudnn_frontend] Error: No execution plans support the graph.[m
[1;31m2026-09-29 11:56:49.215843911 [E:onnxruntime:Default, cudnn_fe_call.cc:38 CudaErrString<cudnn_frontend::error_object>] [cudnn_frontend] Error: No execution plans support the graph.[m
[1;31m2026-09-29 11:56:49.240597194 [E:onnxruntime:Default, cudnn_fe_call.cc:38 CudaErrString<cudnn_frontend::error_object>] [cudnn_frontend] Error: No execution plans support the graph.[m
[1;31m2026-09-29 11:56:49.250002686 [E:onnxruntime:Default, cudnn_fe_call.cc:38 CudaErrString<cudnn_frontend::error_object>] [cudnn_frontend] Error: No execution plans support the graph.[m
[1;31m2026-09-29 11:56:49.265515418 [E:onnxruntime:Default, cudnn_fe_call.cc:38 CudaErrString<cudnn_frontend::error_object>] [cudnn_frontend] Error: No execution plans support the graph.[m
[1;31m2026-09-29 11:56:49.273187345 [E:onnxruntime:Default, cudnn_fe_call.cc:38 CudaErrString<cudnn_frontend::error_object>] [cudnn_frontend] Error: No execution plans support the graph.[m
[1;31m2026-09-29 11:56:49.285789142 [E:onnxruntime:Default, cudnn_fe_call.cc:38 CudaErrString<cudnn_frontend::error_object>] [cudnn_frontend] Error: No execution plans support the graph.[m
[1;31m2026-09-29 11:56:49.290533640 [E:onnxruntime:Default, cudnn_fe_call.cc:38 CudaErrString<cudnn_frontend::error_object>] [cudnn_frontend] Error: No execution plans support the graph.[m
[1;31m2026-09-29 11:56:49.301984248 [E:onnxruntime:Default, cudnn_fe_call.cc:38 CudaErrString<cudnn_frontend::error_object>] [cudnn_frontend] Error: No execution plans support the graph.[m
[1;31m2026-09-29 11:56:49.306392922 [E:onnxruntime:Default, cudnn_fe_call.cc:38 CudaErrString<cudnn_frontend::error_object>] [cudnn_frontend] Error: No execution plans support the graph.[m
[1;31m2026-09-29 11:56:49.317181638 [E:onnxruntime:Default, cudnn_fe_call.cc:38 CudaErrString<cudnn_frontend::error_object>] [cudnn_frontend] Error: No execution plans support the graph.[m
[1;31m2026-09-29 11:56:49.324234220 [E:onnxruntime:Default, cudnn_fe_call.cc:38 CudaErrString<cudnn_frontend::error_object>] [cudnn_frontend] Error: No execution plans support the graph.[m
[1;31m2026-09-29 11:56:49.337497303 [E:onnxruntime:Default, cudnn_fe_call.cc:38 CudaErrString<cudnn_frontend::error_object>] [cudnn_frontend] Error: No execution plans support the graph.[m
[1;31m2026-09-29 11:56:49.341821001 [E:onnxruntime:Default, cudnn_fe_call.cc:38 CudaErrString<cudnn_frontend::error_object>] [cudnn_frontend] Error: No execution plans support the graph.[m
[1;31m2026-09-29 11:56:49.352962731 [E:onnxruntime:Default, cudnn_fe_call.cc:38 CudaErrString<cudnn_frontend::error_object>] [cudnn_frontend] Error: No execution plans support the graph.[m
[1;31m2026-09-29 11:56:49.358932675 [E:onnxruntime:Default, cudnn_fe_call.cc:38 CudaErrString<cudnn_frontend::error_object>] [cudnn_frontend] Error: No execution plans support the graph.[m
[1;31m2026-09-29 11:56:49.372990846 [E:onnxruntime:Default, cudnn_fe_call.cc:38 CudaErrString<cudnn_frontend::error_object>] [cudnn_frontend] Error: No execution plans support the graph.[m
[1;31m2026-09-29 11:56:49.378126038 [E:onnxruntime:Default, cudnn_fe_call.cc:38 CudaErrString<cudnn_frontend::error_object>] [cudnn_frontend] Error: No execution plans support the graph.[m
[1;31m2026-09-29 11:56:49.390550180 [E:onnxruntime:Default, cudnn_fe_call.cc:38 CudaErrString<cudnn_frontend::error_object>] [cudnn_frontend] Error: No execution plans support the graph.[m
[1;31m2026-09-29 11:56:49.397108348 [E:onnxruntime:Default, cudnn_fe_call.cc:38 CudaErrString<cudnn_frontend::error_object>] [cudnn_frontend] Error: No execution plans support the graph.[m
[1;31m2026-09-29 11:56:49.410691917 [E:onnxruntime:Default, cudnn_fe_call.cc:38 CudaErrString<cudnn_frontend::error_object>] [cudnn_frontend] Error: No execution plans support the graph.[m
[1;31m2026-09-29 11:56:49.415516271 [E:onnxruntime:Default, cudnn_fe_call.cc:38 CudaErrString<cudnn_frontend::error_object>] [cudnn_frontend] Error: No execution plans support the graph.[m
[1;31m2026-09-29 11:56:49.437352719 [E:onnxruntime:Default, cudnn_fe_call.cc:38 CudaErrString<cudnn_frontend::error_object>] [cudnn_frontend] Error: No execution plans support the graph.[m
[1;31m2026-09-29 11:56:49.442702097 [E:onnxruntime:Default, cudnn_fe_call.cc:38 CudaErrString<cudnn_frontend::error_object>] [cudnn_frontend] Error: No execution plans support the graph.[m
[1;31m2026-09-29 11:56:49.453603541 [E:onnxruntime:Default, cudnn_fe_call.cc:38 CudaErrString<cudnn_frontend::error_object>] [cudnn_frontend] Error: No execution plans support the graph.[m
[1;31m2026-09-29 11:56:49.459233443 [E:onnxruntime:Default, cudnn_fe_call.cc:38 CudaErrString<cudnn_frontend::error_object>] [cudnn_frontend] Error: No execution plans support the graph.[m
{
  "elapsed_seconds": 8.40928053855896,
  "finished_unix": 1790708209.5962038,
  "result": {
    "mel_length": 274,
    "prompt_feat_length": 500,
    "runtime": {
      "cuda_arena_shrinkage_after_run": true,
      "cuda_kv_cache_location": "numpy_cpu",
      "cuda_kv_resident_active": false,
      "cuda_kv_resident_requested": true,
      "cuda_memory_pattern_enabled": false,
      "fallback_disabled": true,
      "graph": "/home/terryd/gooning/voicecloning/artifacts/nano_lab/onnx_staged_adapter_aligned_all_attn/meanflow_estimator/nano_meanflow_estimator.onnx",
      "inputs": [
        "x",
        "mask",
        "mu",
        "t",
        "speaker_embedding",
        "cond",
        "r"
      ],
      "io_binding_calls": 0,
      "ort_provider": "cuda",
      "ort_version": "1.26.0",
      "outputs": [
        "dxdt"
      ],
      "profile_requested": false,
      "profiling": {
        "enabled": false,
        "ended": true,
        "profile_path": null,
        "profile_prefix": null
      },
      "provider_metadata": {
        "available": [
          "TensorrtExecutionProvider",
          "CUDAExecutionProvider",
          "CPUExecutionProvider"
        ],
        "cuda_options": {
          "arena_extend_strategy": "kSameAsRequested",
          "cudnn_conv_algo_search": "HEURISTIC",
          "device_id": 0,
          "do_copy_in_default_stream": true,
          "gpu_mem_limit": 2147483648,
          "use_tf32": 0
        },
        "preload_dlls": {
          "attempted": true,
          "directory": "",
          "status": "ok"
        },
        "requested": "cuda"
      },
      "providers": [
        "CUDAExecutionProvider",
        "CPUExecutionProvider"
      ],
      "requested_provider_options": {
        "arena_extend_strategy": "kSameAsRequested",
        "cuda_device_id": 0,
        "cudnn_conv_algo_search": "HEURISTIC",
        "do_copy_in_default_stream": true,
        "gpu_mem_limit_mib": 2048
      },
      "requested_providers": [
        "CUDAExecutionProvider",
        "CPUExecutionProvider"
      ],
      "stage": "meanflow_estimator",
      "threads": "bounded by caller; default 1 intra-op and 1 inter-op",
      "verification_only": false
    },
    "seed": 79,
    "speech_token_count": 137,
    "steps": 2
  },
  "rss": {
    "peak_rss_bytes": 975659008,
    "rss_bytes": 974520320
  },
  "schema_version": 1,
  "stage": "estimator",
  "started_unix": 1790708201.1869247,
  "status": "ok"
}
{
  "elapsed_seconds": 4.9009339809417725,
  "finished_unix": 1790708215.512822,
  "result": {
    "audio_samples": 131520,
    "audio_seconds": 5.48,
    "mel_calibration": {
      "applied": true,
      "delta_path": "/home/terryd/gooning/voicecloning/artifacts/nano_lab/mel_calibration_asmr/delta.npy",
      "delta_sha256": "f2fe4c931a6d2d68e8a7be9775761c6e1911dd9740c9f3715861debc99637e83",
      "enabled": true,
      "report": "/home/terryd/gooning/voicecloning/artifacts/nano_lab/mel_calibration_asmr/report.json",
      "report_sha256": "df5644ca3f83a8dbea1a5d8887d902475edf01b7335040d1a8e20b3e877e9719",
      "strength": 1.0
    },
    "mel_length": 274,
    "runtime": {
      "cuda_arena_shrinkage_after_run": true,
      "cuda_kv_cache_location": "numpy_cpu",
      "cuda_kv_resident_active": false,
      "cuda_kv_resident_requested": true,
      "cuda_memory_pattern_enabled": false,
      "fallback_disabled": true,
      "graph": "/home/terryd/gooning/voicecloning/artifacts/nano_lab/onnx_staged_adapter_aligned_all_attn/vocoder/nano_hift_vocoder.onnx",
      "inputs": [
        "speech_feat",
        "phase_noise",
        "sine_noise"
      ],
      "io_binding_calls": 0,
      "ort_provider": "cuda",
      "ort_version": "1.26.0",
      "outputs": [
        "audio"
      ],
      "profile_requested": false,
      "profiling": {
        "enabled": false,
        "ended": true,
        "profile_path": null,
        "profile_prefix": null
      },
      "provider_metadata": {
        "available": [
          "TensorrtExecutionProvider",
          "CUDAExecutionProvider",
          "CPUExecutionProvider"
        ],
        "cuda_options": {
          "arena_extend_strategy": "kSameAsRequested",
          "cudnn_conv_algo_search": "HEURISTIC",
          "device_id": 0,
          "do_copy_in_default_stream": true,
          "gpu_mem_limit": 2147483648,
          "use_tf32": 0
        },
        "preload_dlls": {
          "attempted": true,
          "directory": "",
          "status": "ok"
        },
        "requested": "cuda"
      },
      "providers": [
        "CUDAExecutionProvider",
        "CPUExecutionProvider"
      ],
      "requested_provider_options": {
        "arena_extend_strategy": "kSameAsRequested",
        "cuda_device_id": 0,
        "cudnn_conv_algo_search": "HEURISTIC",
        "do_copy_in_default_stream": true,
        "gpu_mem_limit_mib": 2048
      },
      "requested_providers": [
        "CUDAExecutionProvider",
        "CPUExecutionProvider"
      ],
      "stage": "vocoder",
      "threads": "bounded by caller; default 1 intra-op and 1 inter-op",
      "verification_only": false
    }
  },
  "rss": {
    "peak_rss_bytes": 958844928,
    "rss_bytes": 953446400
  },
  "schema_version": 1,
  "stage": "vocoder",
  "started_unix": 1790708210.6118898,
  "status": "ok"
}
loaded PerthNet (Implicit) at step 250,000
{
  "elapsed_seconds": 9.483345985412598,
  "finished_unix": 1790708225.9110138,
  "result": {
    "audio_samples": 131520,
    "audio_seconds": 5.48,
    "master_processing": {
      "achieved_lufs": -19.000000194563924,
      "gain_db": 11.024971263538045,
      "highpass_hz": 45,
      "noise_gate": false,
      "target_lufs": -19,
      "true_peak_ceiling_dbtp": -1,
      "true_peak_oversampling": 4
    },
    "output": "/home/terryd/gooning/voicecloning/artifacts/nano_lab/onnx_asmr_decoder_fitted.wav",
    "sample_rate": 24000,
    "schema_version": 1,
    "source": "/home/terryd/gooning/voicecloning/artifacts/nano_lab/onnx_asmr_decoder_fitted/vocoder/audio.npz",
    "trim_fade": {
      "fade_ms": 20,
      "n_trim": 480
    },
    "watermark": "PerthImplicitWatermarker",
    "watermark_applied": true
  },
  "rss": {
    "peak_rss_bytes": 502706176,
    "rss_bytes": 498835456
  },
  "schema_version": 1,
  "stage": "finish",
  "started_unix": 1790708216.4276693,
  "status": "ok"
}
{
  "cuda_kv_resident": true,
  "elapsed_seconds": 50.87405824661255,
  "experimental_t3": true,
  "experimental_t3_limitation": "The long T3 reference at sequence length 400 is not within the strict 3e-4 cache gate: 176 of 7.4M cache values exceeded the gate (max abs 0.000989; relative L2 1.44e-5). Logits, lengths 32/128, and decode cases passed. This integration run is experimental and does not claim full numerical T3 verification.",
  "finished_unix": 1790708227.2396262,
  "model_dir": "/home/terryd/gooning/voicecloning/artifacts/nano_lab/onnx_staged_adapter_aligned_all_attn",
  "model_manifest_sha256": {
    "flow_encoder": "a9e6d3ab0a0c1bfd721a95e9012beddaa5eb55d25fb75829d904aca1ea9645b2",
    "meanflow_estimator": "5fa7bfb0dde0a818f50518b6d5b157f5d2998f04137f2137ae47c7b09cba9c7c",
    "t3": "4a523c90ca95d5eba858fe0cb7474aa173a5406f2ec45dc7ecd66d485eabe421",
    "vocoder": "9d4fc85a206c8b7a1326ad0194317ac98cac7665cc7dac23c5ac83a06a562e69"
  },
  "numpy_sampler": "not Torch-identical",
  "ort_profile": false,
  "ort_profiles": [],
  "ort_provider": "cuda",
  "ort_provider_options": {
    "arena_extend_strategy": "kSameAsRequested",
    "cuda_device_id": 0,
    "cudnn_conv_algo_search": "HEURISTIC",
    "do_copy_in_default_stream": true,
    "gpu_mem_limit_mib": 2048
  },
  "output": "/home/terryd/gooning/voicecloning/artifacts/nano_lab/onnx_asmr_decoder_fitted.wav",
  "pipeline_source_sha256": "8e36dba627292b43cc17e9b0d1d8619b87bc0794a36cd49777055f1a77113b35",
  "python_executable": "/home/terryd/gooning/voicecloning/.venv-nano-ort/bin/python",
  "rss_sample_interval_seconds": 0.1,
  "rtf": 9.28358727127966,
  "run_dir": "/home/terryd/gooning/voicecloning/artifacts/nano_lab/onnx_asmr_decoder_fitted",
  "sampled_peak_tree_rss_bytes": 1096364032,
  "schema_version": 1,
  "seed": 79,
  "stages": [
    {
      "elapsed_seconds": 5.375684499740601,
      "finished_unix": 1790708182.1005301,
      "ort_profile": {
        "profile_path": null,
        "status": "not_requested"
      },
      "parent_elapsed_seconds": 6.473111152648926,
      "result": {
        "conditioning_cache": "/home/terryd/gooning/voicecloning/artifacts/nano_lab/decoder_embedding_fit/conditionals.pt",
        "field_count": 7,
        "mode": "speaker_specific_text_and_decoder_fit",
        "profile": "/home/terryd/gooning/voicecloning/voices/nano/asmr_decoder_fitted_experimental.json",
        "profile_validation": {
          "adapter": {
            "adapter_patch_format": "nano_t3_lora_merged_v1",
            "adapter_sha256": "cec985d98348a0a09a437766b996862d1f1017d36bdb8f400bbc0ad1547b0c4d",
            "enabled": true,
            "graph": "/home/terryd/gooning/voicecloning/artifacts/nano_lab/onnx_staged_adapter_aligned_all_attn/t3/nano_t3_kv.onnx",
            "graph_sha256": "01c73f743c816b379ea93d56846e2253f7869118394b363ebd5c2fdde36dee83",
            "manifest": "/home/terryd/gooning/voicecloning/artifacts/nano_lab/onnx_staged_adapter_aligned_all_attn/t3/manifest.json",
            "manifest_sha256": "4a523c90ca95d5eba858fe0cb7474aa173a5406f2ec45dc7ecd66d485eabe421",
            "patched_graph_sha256": "01c73f743c816b379ea93d56846e2253f7869118394b363ebd5c2fdde36dee83",
            "profile_adapter": "/home/terryd/gooning/voicecloning/artifacts/nano_lab/adapter_aligned_all_attn.pt",
            "profile_scale": 1.0
          },
          "mel_calibration": {
            "applied": false,
            "delta_path": "/home/terryd/gooning/voicecloning/artifacts/nano_lab/mel_calibration_asmr/delta.npy",
            "delta_sha256": "f2fe4c931a6d2d68e8a7be9775761c6e1911dd9740c9f3715861debc99637e83",
            "enabled": true,
            "report": "/home/terryd/gooning/voicecloning/artifacts/nano_lab/mel_calibration_asmr/report.json",
            "report_sha256": "df5644ca3f83a8dbea1a5d8887d902475edf01b7335040d1a8e20b3e877e9719",
            "strength": 1.0
          },
          "profile": "/home/terryd/gooning/voicecloning/voices/nano/asmr_decoder_fitted_experimental.json"
        },
        "skipped_optional_fields": [
          "t3.clap_emb",
          "t3.cond_prompt_speech_emb",
          "gen.prompt_feat_len"
        ]
      },
      "returncode": 0,
      "rss": {
        "peak_rss_bytes": 233902080,
        "rss_bytes": 235327488
      },
      "sampled_peak_tree_rss_bytes": 277708800,
      "schema_version": 1,
      "stage": "prepare",
      "started_unix": 1790708176.7248483,
      "status": "ok"
    },
    {
      "elapsed_seconds": 12.308871030807495,
      "finished_unix": 1790708195.6103868,
      "ort_profile": {
        "profile_path": null,
        "status": "not_requested"
      },
      "parent_elapsed_seconds": 13.44522762298584,
      "result": {
        "eos_seen": true,
        "experimental_t3": true,
        "generated_token_count": 134,
        "length_limit_reached": false,
        "mode": "t3_generated_numpy_sampler",
        "prefill_sequence_length": 353,
        "raw_sampled_token_count": 135,
        "runtime": {
          "cuda_arena_shrinkage_after_run": true,
          "cuda_kv_cache_location": "cuda_ortvalue",
          "cuda_kv_resident_active": true,
          "cuda_kv_resident_requested": true,
          "cuda_memory_pattern_enabled": false,
          "fallback_disabled": true,
          "graph": "/home/terryd/gooning/voicecloning/artifacts/nano_lab/onnx_staged_adapter_aligned_all_attn/t3/nano_t3_kv.onnx",
          "inputs": [
            "inputs_embeds",
            "cache_position",
            "past_0",
            "past_1",
            "past_2",
            "past_3",
            "past_4",
            "past_5",
            "past_6",
            "past_7",
            "past_8",
            "past_9",
            "past_10",
            "past_11",
            "past_12",
            "past_13",
            "past_14",
            "past_15",
            "past_16",
            "past_17",
            "past_18",
            "past_19",
            "past_20",
            "past_21",
            "past_22",
            "past_23"
          ],
          "io_binding_calls": 135,
          "ort_provider": "cuda",
          "ort_version": "1.26.0",
          "outputs": [
            "logits",
            "present_0",
            "present_1",
            "present_2",
            "present_3",
            "present_4",
            "present_5",
            "present_6",
            "present_7",
            "present_8",
            "present_9",
            "present_10",
            "present_11",
            "present_12",
            "present_13",
            "present_14",
            "present_15",
            "present_16",
            "present_17",
            "present_18",
            "present_19",
            "present_20",
            "present_21",
            "present_22",
            "present_23"
          ],
          "profile_requested": false,
          "profiling": {
            "enabled": false,
            "ended": true,
            "profile_path": null,
            "profile_prefix": null
          },
          "provider_metadata": {
            "available": [
              "TensorrtExecutionProvider",
              "CUDAExecutionProvider",
              "CPUExecutionProvider"
            ],
            "cuda_options": {
              "arena_extend_strategy": "kSameAsRequested",
              "cudnn_conv_algo_search": "HEURISTIC",
              "device_id": 0,
              "do_copy_in_default_stream": true,
              "gpu_mem_limit": 2147483648,
              "use_tf32": 0
            },
            "preload_dlls": {
              "attempted": true,
              "directory": "",
              "status": "ok"
            },
            "requested": "cuda"
          },
          "providers": [
            "CUDAExecutionProvider",
            "CPUExecutionProvider"
          ],
          "requested_provider_options": {
            "arena_extend_strategy": "kSameAsRequested",
            "cuda_device_id": 0,
            "cudnn_conv_algo_search": "HEURISTIC",
            "do_copy_in_default_stream": true,
            "gpu_mem_limit_mib": 2048
          },
          "requested_providers": [
            "CUDAExecutionProvider",
            "CPUExecutionProvider"
          ],
          "stage": "t3",
          "threads": "bounded by caller; default 1 intra-op and 1 inter-op",
          "verification_only": false
        },
        "speech_token_count_with_silence": 137,
        "t3_used": true
      },
      "returncode": 0,
      "rss": {
        "peak_rss_bytes": 855560192,
        "rss_bytes": 848809984
      },
      "sampled_peak_tree_rss_bytes": 970117120,
      "schema_version": 1,
      "stage": "tokens",
      "started_unix": 1790708183.3015194,
      "status": "ok"
    },
    {
      "elapsed_seconds": 3.3501994609832764,
      "finished_unix": 1790708200.2382183,
      "ort_profile": {
        "profile_path": null,
        "status": "not_requested"
      },
      "parent_elapsed_seconds": 4.555659770965576,
      "result": {
        "mel_length": 774,
        "prompt_feat_length": 500,
        "prompt_token_count": 250,
        "runtime": {
          "cuda_arena_shrinkage_after_run": true,
          "cuda_kv_cache_location": "numpy_cpu",
          "cuda_kv_resident_active": false,
          "cuda_kv_resident_requested": true,
          "cuda_memory_pattern_enabled": false,
          "fallback_disabled": true,
          "graph": "/home/terryd/gooning/voicecloning/artifacts/nano_lab/onnx_staged_adapter_aligned_all_attn/flow_encoder/nano_flow_encoder.onnx",
          "inputs": [
            "speech_tokens",
            "token_lengths"
          ],
          "io_binding_calls": 0,
          "ort_provider": "cuda",
          "ort_version": "1.26.0",
          "outputs": [
            "mu",
            "mask"
          ],
          "profile_requested": false,
          "profiling": {
            "enabled": false,
            "ended": true,
            "profile_path": null,
            "profile_prefix": null
          },
          "provider_metadata": {
            "available": [
              "TensorrtExecutionProvider",
              "CUDAExecutionProvider",
              "CPUExecutionProvider"
            ],
            "cuda_options": {
              "arena_extend_strategy": "kSameAsRequested",
              "cudnn_conv_algo_search": "HEURISTIC",
              "device_id": 0,
              "do_copy_in_default_stream": true,
              "gpu_mem_limit": 2147483648,
              "use_tf32": 0
            },
            "preload_dlls": {
              "attempted": true,
              "directory": "",
              "status": "ok"
            },
            "requested": "cuda"
          },
          "providers": [
            "CUDAExecutionProvider",
            "CPUExecutionProvider"
          ],
          "requested_provider_options": {
            "arena_extend_strategy": "kSameAsRequested",
            "cuda_device_id": 0,
            "cudnn_conv_algo_search": "HEURISTIC",
            "do_copy_in_default_stream": true,
            "gpu_mem_limit_mib": 2048
          },
          "requested_providers": [
            "CUDAExecutionProvider",
            "CPUExecutionProvider"
          ],
          "stage": "flow_encoder",
          "threads": "bounded by caller; default 1 intra-op and 1 inter-op",
          "verification_only": false
        },
        "speech_token_count": 137
      },
      "returncode": 0,
      "rss": {
        "peak_rss_bytes": 934375424,
        "rss_bytes": 933367808
      },
      "sampled_peak_tree_rss_bytes": 997072896,
      "schema_version": 1,
      "stage": "flow",
      "started_unix": 1790708196.8880205,
      "status": "ok"
    },
    {
      "elapsed_seconds": 8.40928053855896,
      "finished_unix": 1790708209.5962038,
      "ort_profile": {
        "profile_path": null,
        "status": "not_requested"
      },
      "parent_elapsed_seconds": 9.293039321899414,
      "result": {
        "mel_length": 274,
        "prompt_feat_length": 500,
        "runtime": {
          "cuda_arena_shrinkage_after_run": true,
          "cuda_kv_cache_location": "numpy_cpu",
          "cuda_kv_resident_active": false,
          "cuda_kv_resident_requested": true,
          "cuda_memory_pattern_enabled": false,
          "fallback_disabled": true,
          "graph": "/home/terryd/gooning/voicecloning/artifacts/nano_lab/onnx_staged_adapter_aligned_all_attn/meanflow_estimator/nano_meanflow_estimator.onnx",
          "inputs": [
            "x",
            "mask",
            "mu",
            "t",
            "speaker_embedding",
            "cond",
            "r"
          ],
          "io_binding_calls": 0,
          "ort_provider": "cuda",
          "ort_version": "1.26.0",
          "outputs": [
            "dxdt"
          ],
          "profile_requested": false,
          "profiling": {
            "enabled": false,
            "ended": true,
            "profile_path": null,
            "profile_prefix": null
          },
          "provider_metadata": {
            "available": [
              "TensorrtExecutionProvider",
              "CUDAExecutionProvider",
              "CPUExecutionProvider"
            ],
            "cuda_options": {
              "arena_extend_strategy": "kSameAsRequested",
              "cudnn_conv_algo_search": "HEURISTIC",
              "device_id": 0,
              "do_copy_in_default_stream": true,
              "gpu_mem_limit": 2147483648,
              "use_tf32": 0
            },
            "preload_dlls": {
              "attempted": true,
              "directory": "",
              "status": "ok"
            },
            "requested": "cuda"
          },
          "providers": [
            "CUDAExecutionProvider",
            "CPUExecutionProvider"
          ],
          "requested_provider_options": {
            "arena_extend_strategy": "kSameAsRequested",
            "cuda_device_id": 0,
            "cudnn_conv_algo_search": "HEURISTIC",
            "do_copy_in_default_stream": true,
            "gpu_mem_limit_mib": 2048
          },
          "requested_providers": [
            "CUDAExecutionProvider",
            "CPUExecutionProvider"
          ],
          "stage": "meanflow_estimator",
          "threads": "bounded by caller; default 1 intra-op and 1 inter-op",
          "verification_only": false
        },
        "seed": 79,
        "speech_token_count": 137,
        "steps": 2
      },
      "returncode": 0,
      "rss": {
        "peak_rss_bytes": 975659008,
        "rss_bytes": 974520320
      },
      "sampled_peak_tree_rss_bytes": 1096364032,
      "schema_version": 1,
      "stage": "estimator",
      "started_unix": 1790708201.1869247,
      "status": "ok"
    },
    {
      "elapsed_seconds": 4.9009339809417725,
      "finished_unix": 1790708215.512822,
      "ort_profile": {
        "profile_path": null,
        "status": "not_requested"
      },
      "parent_elapsed_seconds": 5.862490892410278,
      "result": {
        "audio_samples": 131520,
        "audio_seconds": 5.48,
        "mel_calibration": {
          "applied": true,
          "delta_path": "/home/terryd/gooning/voicecloning/artifacts/nano_lab/mel_calibration_asmr/delta.npy",
          "delta_sha256": "f2fe4c931a6d2d68e8a7be9775761c6e1911dd9740c9f3715861debc99637e83",
          "enabled": true,
          "report": "/home/terryd/gooning/voicecloning/artifacts/nano_lab/mel_calibration_asmr/report.json",
          "report_sha256": "df5644ca3f83a8dbea1a5d8887d902475edf01b7335040d1a8e20b3e877e9719",
          "strength": 1.0
        },
        "mel_length": 274,
        "runtime": {
          "cuda_arena_shrinkage_after_run": true,
          "cuda_kv_cache_location": "numpy_cpu",
          "cuda_kv_resident_active": false,
          "cuda_kv_resident_requested": true,
          "cuda_memory_pattern_enabled": false,
          "fallback_disabled": true,
          "graph": "/home/terryd/gooning/voicecloning/artifacts/nano_lab/onnx_staged_adapter_aligned_all_attn/vocoder/nano_hift_vocoder.onnx",
          "inputs": [
            "speech_feat",
            "phase_noise",
            "sine_noise"
          ],
          "io_binding_calls": 0,
          "ort_provider": "cuda",
          "ort_version": "1.26.0",
          "outputs": [
            "audio"
          ],
          "profile_requested": false,
          "profiling": {
            "enabled": false,
            "ended": true,
            "profile_path": null,
            "profile_prefix": null
          },
          "provider_metadata": {
            "available": [
              "TensorrtExecutionProvider",
              "CUDAExecutionProvider",
              "CPUExecutionProvider"
            ],
            "cuda_options": {
              "arena_extend_strategy": "kSameAsRequested",
              "cudnn_conv_algo_search": "HEURISTIC",
              "device_id": 0,
              "do_copy_in_default_stream": true,
              "gpu_mem_limit": 2147483648,
              "use_tf32": 0
            },
            "preload_dlls": {
              "attempted": true,
              "directory": "",
              "status": "ok"
            },
            "requested": "cuda"
          },
          "providers": [
            "CUDAExecutionProvider",
            "CPUExecutionProvider"
          ],
          "requested_provider_options": {
            "arena_extend_strategy": "kSameAsRequested",
            "cuda_device_id": 0,
            "cudnn_conv_algo_search": "HEURISTIC",
            "do_copy_in_default_stream": true,
            "gpu_mem_limit_mib": 2048
          },
          "requested_providers": [
            "CUDAExecutionProvider",
            "CPUExecutionProvider"
          ],
          "stage": "vocoder",
          "threads": "bounded by caller; default 1 intra-op and 1 inter-op",
          "verification_only": false
        }
      },
      "returncode": 0,
      "rss": {
        "peak_rss_bytes": 958844928,
        "rss_bytes": 953446400
      },
      "sampled_peak_tree_rss_bytes": 998178816,
      "schema_version": 1,
      "stage": "vocoder",
      "started_unix": 1790708210.6118898,
      "status": "ok"
    },
    {
      "elapsed_seconds": 9.483345985412598,
      "finished_unix": 1790708225.9110138,
      "ort_profile": {
        "profile_path": null,
        "status": "not_requested"
      },
      "parent_elapsed_seconds": 11.220463514328003,
      "result": {
        "audio_samples": 131520,
        "audio_seconds": 5.48,
        "master_processing": {
          "achieved_lufs": -19.000000194563924,
          "gain_db": 11.024971263538045,
          "highpass_hz": 45,
          "noise_gate": false,
          "target_lufs": -19,
          "true_peak_ceiling_dbtp": -1,
          "true_peak_oversampling": 4
        },
        "output": "/home/terryd/gooning/voicecloning/artifacts/nano_lab/onnx_asmr_decoder_fitted.wav",
        "sample_rate": 24000,
        "schema_version": 1,
        "source": "/home/terryd/gooning/voicecloning/artifacts/nano_lab/onnx_asmr_decoder_fitted/vocoder/audio.npz",
        "trim_fade": {
          "fade_ms": 20,
          "n_trim": 480
        },
        "watermark": "PerthImplicitWatermarker",
        "watermark_applied": true
      },
      "returncode": 0,
      "rss": {
        "peak_rss_bytes": 502706176,
        "rss_bytes": 498835456
      },
      "sampled_peak_tree_rss_bytes": 544866304,
      "schema_version": 1,
      "stage": "finish",
      "started_unix": 1790708216.4276693,
      "status": "ok"
    }
  ],
  "status": "ok",
  "supplied_tokens_mode": false,
  "voice": "asmr_decoder_fitted_experimental"
}
          Finished with result: success
Main processes terminated with: code=exited, status=0/SUCCESS
               Service runtime: 51.481s
             CPU time consumed: 50.386s
                   Memory peak: 1G (swap: 0B)
