MemoryMax=3072MiB, MemoryHigh=2500MiB, no swap, 2 CPU cores, one job; desktop reserve=4GiB
Running as unit: nano-lab-model.service
{
  "elapsed_seconds": 3.475027084350586,
  "finished_unix": 1790698991.7298598,
  "result": {
    "conditioning_cache": "/home/terryd/gooning/voicecloning/artifacts/nano_lab/sweep_round2/asmr_soft_morning_31.conds.pt",
    "field_count": 7,
    "mode": "zero_shot",
    "profile": "/home/terryd/gooning/voicecloning/voices/nano/asmr_soft.json",
    "skipped_optional_fields": [
      "t3.clap_emb",
      "t3.cond_prompt_speech_emb",
      "gen.prompt_feat_len"
    ]
  },
  "rss": {
    "peak_rss_bytes": 234668032,
    "rss_bytes": 235827200
  },
  "schema_version": 1,
  "stage": "prepare",
  "started_unix": 1790698988.254834,
  "status": "ok"
}
None of PyTorch, TensorFlow >= 2.0, or Flax have been found. Models won't be available and only tokenizers, configuration and file/data utilities can be used.
[1;31m2026-09-29 09:23:17.995320749 [E:onnxruntime:Default, provider_bridge_ort.cc:2369 TryGetProviderInfo_CUDA] /onnxruntime_src/onnxruntime/core/session/provider_bridge_ort.cc:1962 onnxruntime::Provider& onnxruntime::ProviderLibrary::Get() [ONNXRuntimeError] : 1 : FAIL : Failed to load library /home/terryd/gooning/voicecloning/.venv-nano-ort/lib/python3.12/site-packages/onnxruntime/capi/libonnxruntime_providers_cuda.so with error: libcublasLt.so.12: cannot open shared object file: No such file or directory
[m
[0;93m2026-09-29 09:23:17.995653257 [W:onnxruntime:Default, onnxruntime_pybind_state.cc:1094 CreateExecutionProviderFactoryInstance] Failed to create CUDAExecutionProvider. Require cuDNN 9.* and CUDA 12.*. Please install all dependencies as mentioned in the GPU requirements page (https://onnxruntime.ai/docs/execution-providers/CUDA-ExecutionProvider.html#requirements), make sure they're in the PATH, and that your GPU is supported.[m
Failed to load libcublasLt.so.12: libcublasLt.so.12: cannot open shared object file: No such file or directory
Failed to load libcublas.so.12: libcublas.so.12: cannot open shared object file: No such file or directory
Failed to load libnvrtc.so.12: libnvrtc.so.12: cannot open shared object file: No such file or directory
Failed to load libcurand.so.10: libcurand.so.10: cannot open shared object file: No such file or directory
Failed to load libcufft.so.11: libcufft.so.11: cannot open shared object file: No such file or directory
Failed to load libcudart.so.12: libcudart.so.12: cannot open shared object file: No such file or directory
Failed to load libcudnn.so.9: libcudnn.so.9: cannot open shared object file: No such file or directory
Please follow https://onnxruntime.ai/docs/install/#cuda-and-cudnn to install CUDA and CuDNN.
{
  "elapsed_seconds": 7.165571928024292,
  "error": "RuntimeError: ort_provider='cuda' requested CUDAExecutionProvider, but the session is not CUDA-backed: ['CPUExecutionProvider']",
  "finished_unix": 1790698999.9176674,
  "rss": {
    "peak_rss_bytes": 758611968,
    "rss_bytes": 759648256
  },
  "schema_version": 1,
  "stage": "tokens",
  "started_unix": 1790698992.7520974,
  "status": "error",
  "traceback": "Traceback (most recent call last):\n  File \"/home/terryd/gooning/voicecloning/scripts/nano_lab/onnx_pipeline.py\", line 1013, in _dispatch_stage\n    result = functions[stage_name](args)\n             ^^^^^^^^^^^^^^^^^^^^^^^^^^^\n  File \"/home/terryd/gooning/voicecloning/scripts/nano_lab/onnx_pipeline.py\", line 558, in stage_tokens\n    return _run_t3_generation(args, token_config_path=stage / \"config.json\")\n           ^^^^^^^^^^^^^^^^^^^^^^^^^^^^^^^^^^^^^^^^^^^^^^^^^^^^^^^^^^^^^^^^^\n  File \"/home/terryd/gooning/voicecloning/scripts/nano_lab/onnx_pipeline.py\", line 604, in _run_t3_generation\n    runtime = T3UnifiedOrtRuntime(Path(args.model_dir), **_ort_runtime_kwargs(args, \"t3\"))\n              ^^^^^^^^^^^^^^^^^^^^^^^^^^^^^^^^^^^^^^^^^^^^^^^^^^^^^^^^^^^^^^^^^^^^^^^^^^^^\n  File \"/home/terryd/gooning/voicecloning/scripts/nano_lab/onnx_staged_runtime.py\", line 291, in __init__\n    self.session = _session(\n                   ^^^^^^^^^\n  File \"/home/terryd/gooning/voicecloning/scripts/nano_lab/onnx_staged_runtime.py\", line 215, in _session\n    raise RuntimeError(\nRuntimeError: ort_provider='cuda' requested CUDAExecutionProvider, but the session is not CUDA-backed: ['CPUExecutionProvider']\n"
}
{
  "elapsed_seconds": 12.340094566345215,
  "error": "RuntimeError: CUDA profiling for stage tokens did not show a CUDA kernel: {'status': 'not_requested', 'profile_path': None}",
  "experimental_t3": true,
  "experimental_t3_limitation": "The long T3 reference at sequence length 400 is not within the strict 3e-4 cache gate: 176 of 7.4M cache values exceeded the gate (max abs 0.000989; relative L2 1.44e-5). Logits, lengths 32/128, and decode cases passed. This integration run is experimental and does not claim full numerical T3 verification.",
  "finished_unix": 1790699000.2841303,
  "model_dir": "/home/terryd/gooning/voicecloning/artifacts/nano_lab/onnx_staged",
  "model_manifest_sha256": {
    "flow_encoder": "a9e6d3ab0a0c1bfd721a95e9012beddaa5eb55d25fb75829d904aca1ea9645b2",
    "meanflow_estimator": "5fa7bfb0dde0a818f50518b6d5b157f5d2998f04137f2137ae47c7b09cba9c7c",
    "t3": "f4d0570d14a17f278f12d89000f32193d9ac0e12dca3b7468ce8f718f015fbcc",
    "vocoder": "9d4fc85a206c8b7a1326ad0194317ac98cac7665cc7dac23c5ac83a06a562e69"
  },
  "numpy_sampler": "not Torch-identical",
  "ort_profile": true,
  "ort_profiles": [
    {
      "profile_path": null,
      "stage": "prepare",
      "status": "not_requested"
    },
    {
      "profile_path": null,
      "stage": "tokens",
      "status": "not_requested"
    }
  ],
  "ort_provider": "cuda",
  "ort_provider_options": {
    "arena_extend_strategy": "kSameAsRequested",
    "cuda_device_id": 0,
    "cudnn_conv_algo_search": "HEURISTIC",
    "do_copy_in_default_stream": true,
    "gpu_mem_limit_mib": 2048
  },
  "pipeline_source_sha256": "3f370926d04c13a92f39dce83f9a6fe2626e93495a1b84cffc402ed75ecf3098",
  "python_executable": "/home/terryd/gooning/voicecloning/.venv-nano-ort/bin/python",
  "rss_sample_interval_seconds": 0.1,
  "run_dir": "/home/terryd/gooning/voicecloning/artifacts/nano_lab/onnx_pipeline/soft_cuda",
  "sampled_peak_tree_rss_bytes": 277258240,
  "schema_version": 1,
  "seed": 31,
  "stages": [
    {
      "elapsed_seconds": 3.475027084350586,
      "finished_unix": 1790698991.7298598,
      "ort_profile": {
        "profile_path": null,
        "status": "not_requested"
      },
      "parent_elapsed_seconds": 4.44440484046936,
      "result": {
        "conditioning_cache": "/home/terryd/gooning/voicecloning/artifacts/nano_lab/sweep_round2/asmr_soft_morning_31.conds.pt",
        "field_count": 7,
        "mode": "zero_shot",
        "profile": "/home/terryd/gooning/voicecloning/voices/nano/asmr_soft.json",
        "skipped_optional_fields": [
          "t3.clap_emb",
          "t3.cond_prompt_speech_emb",
          "gen.prompt_feat_len"
        ]
      },
      "returncode": 0,
      "rss": {
        "peak_rss_bytes": 234668032,
        "rss_bytes": 235827200
      },
      "sampled_peak_tree_rss_bytes": 277258240,
      "schema_version": 1,
      "stage": "prepare",
      "started_unix": 1790698988.254834,
      "status": "ok"
    }
  ],
  "status": "error",
  "supplied_tokens_mode": false,
  "traceback": "Traceback (most recent call last):\n  File \"/home/terryd/gooning/voicecloning/scripts/nano_lab/onnx_pipeline.py\", line 1216, in _run_pipeline\n    raise RuntimeError(\nRuntimeError: CUDA profiling for stage tokens did not show a CUDA kernel: {'status': 'not_requested', 'profile_path': None}\n",
  "voice": "asmr_soft"
}
          Finished with result: exit-code
Main processes terminated with: code=exited, status=1/FAILURE
               Service runtime: 12.925s
             CPU time consumed: 12.782s
                   Memory peak: 1.1G (swap: 0B)
