MemoryMax=3072MiB, MemoryHigh=2500MiB, no swap, 2 CPU cores, one job; desktop reserve=4GiB
Running as unit: nano-lab-model.service
{
  "batch_dir": "/home/terryd/gooning/voicecloning/artifacts/nano_lab/onnx_batch_asmr_fitted_fp32",
  "batch_source_sha256": "ad3a9cb77e3c1ed7db70d038aeb0c5d70922d16a12b40b1b2497abd720e0cf2b",
  "case_count": 3,
  "cases": [
    {
      "actual_rss_current_mib": 1748.69,
      "actual_rss_peak_mib": 1748.69,
      "audio_seconds": 5.48,
      "case_id": "asmr_cold",
      "cold_generation_seconds": 24.747736498997256,
      "cold_or_warm": "cold",
      "finish_result": {
        "audio_samples": 131520,
        "audio_seconds": 5.48,
        "master_processing": {
          "achieved_lufs": -19.000000020383258,
          "gain_db": 11.185900895644533,
          "highpass_hz": 45,
          "noise_gate": false,
          "target_lufs": -19,
          "true_peak_ceiling_dbtp": -1,
          "true_peak_oversampling": 4
        },
        "output": "/home/terryd/gooning/voicecloning/artifacts/nano_lab/onnx_batch_asmr_fitted_fp32/asmr_cold.wav",
        "sample_rate": 24000,
        "schema_version": 1,
        "source": "/home/terryd/gooning/voicecloning/artifacts/nano_lab/onnx_batch_asmr_fitted_fp32/cases/000_asmr_cold/vocoder/audio.npz",
        "trim_fade": {
          "fade_ms": 20,
          "n_trim": 480
        },
        "watermark": "PerthImplicitWatermarker",
        "watermark_applied": true
      },
      "finish_seconds": 0.945830841003044,
      "full_worker_request_seconds": 32.18711990599695,
      "generation_seconds": 24.747736498997256,
      "output": "/home/terryd/gooning/voicecloning/artifacts/nano_lab/onnx_batch_asmr_fitted_fp32/asmr_cold.wav",
      "prepare_rss_peak_mib": 264.73,
      "prepare_seconds": 4.321729613999196,
      "rss_current_mib": 1748.69,
      "rss_peak_mib": 1748.69,
      "run_dir": "/home/terryd/gooning/voicecloning/artifacts/nano_lab/onnx_batch_asmr_fitted_fp32/cases/000_asmr_cold",
      "seed": 79,
      "session_creation_seconds": {
        "flow_encoder": 1.2786278359999415,
        "meanflow_estimator": 6.730212686998129,
        "t3": 4.721202455999446,
        "vocoder": 1.045915105001768
      },
      "session_creation_total_seconds": 13.775958083999285,
      "stage_results": {
        "estimator": {
          "mel_length": 274,
          "prompt_feat_length": 500,
          "runtime": {
            "cuda_arena_shrinkage_after_run": true,
            "cuda_kv_cache_location": "numpy_cpu",
            "cuda_kv_resident_active": false,
            "cuda_kv_resident_requested": true,
            "cuda_memory_pattern_enabled": false,
            "fallback_disabled": true,
            "graph": "/home/terryd/gooning/voicecloning/artifacts/nano_lab/onnx_staged_adapter_aligned_all_attn/meanflow_estimator/nano_meanflow_estimator.onnx",
            "inputs": [
              "x",
              "mask",
              "mu",
              "t",
              "speaker_embedding",
              "cond",
              "r"
            ],
            "io_binding_calls": 0,
            "ort_provider": "cuda",
            "ort_version": "1.26.0",
            "outputs": [
              "dxdt"
            ],
            "profile_requested": false,
            "profiling": {
              "enabled": false,
              "ended": false,
              "profile_path": null,
              "profile_prefix": null
            },
            "provider_metadata": {
              "available": [
                "TensorrtExecutionProvider",
                "CUDAExecutionProvider",
                "CPUExecutionProvider"
              ],
              "cuda_options": {
                "arena_extend_strategy": "kSameAsRequested",
                "cudnn_conv_algo_search": "HEURISTIC",
                "device_id": 0,
                "do_copy_in_default_stream": true,
                "gpu_mem_limit": 2147483648,
                "use_tf32": 0
              },
              "preload_dlls": {
                "attempted": true,
                "directory": "",
                "status": "ok"
              },
              "requested": "cuda"
            },
            "providers": [
              "CUDAExecutionProvider",
              "CPUExecutionProvider"
            ],
            "requested_provider_options": {
              "arena_extend_strategy": "kSameAsRequested",
              "cuda_device_id": 0,
              "cudnn_conv_algo_search": "HEURISTIC",
              "do_copy_in_default_stream": true,
              "gpu_mem_limit_mib": 2048
            },
            "requested_providers": [
              "CUDAExecutionProvider",
              "CPUExecutionProvider"
            ],
            "stage": "meanflow_estimator",
            "threads": "bounded by caller; default 1 intra-op and 1 inter-op",
            "verification_only": false
          },
          "seed": 79,
          "speech_token_count": 137,
          "steps": 2
        },
        "flow": {
          "mel_length": 774,
          "prompt_feat_length": 500,
          "prompt_token_count": 250,
          "runtime": {
            "cuda_arena_shrinkage_after_run": true,
            "cuda_kv_cache_location": "numpy_cpu",
            "cuda_kv_resident_active": false,
            "cuda_kv_resident_requested": true,
            "cuda_memory_pattern_enabled": false,
            "fallback_disabled": true,
            "graph": "/home/terryd/gooning/voicecloning/artifacts/nano_lab/onnx_staged_adapter_aligned_all_attn/flow_encoder/nano_flow_encoder.onnx",
            "inputs": [
              "speech_tokens",
              "token_lengths"
            ],
            "io_binding_calls": 0,
            "ort_provider": "cuda",
            "ort_version": "1.26.0",
            "outputs": [
              "mu",
              "mask"
            ],
            "profile_requested": false,
            "profiling": {
              "enabled": false,
              "ended": false,
              "profile_path": null,
              "profile_prefix": null
            },
            "provider_metadata": {
              "available": [
                "TensorrtExecutionProvider",
                "CUDAExecutionProvider",
                "CPUExecutionProvider"
              ],
              "cuda_options": {
                "arena_extend_strategy": "kSameAsRequested",
                "cudnn_conv_algo_search": "HEURISTIC",
                "device_id": 0,
                "do_copy_in_default_stream": true,
                "gpu_mem_limit": 2147483648,
                "use_tf32": 0
              },
              "preload_dlls": {
                "attempted": true,
                "directory": "",
                "status": "ok"
              },
              "requested": "cuda"
            },
            "providers": [
              "CUDAExecutionProvider",
              "CPUExecutionProvider"
            ],
            "requested_provider_options": {
              "arena_extend_strategy": "kSameAsRequested",
              "cuda_device_id": 0,
              "cudnn_conv_algo_search": "HEURISTIC",
              "do_copy_in_default_stream": true,
              "gpu_mem_limit_mib": 2048
            },
            "requested_providers": [
              "CUDAExecutionProvider",
              "CPUExecutionProvider"
            ],
            "stage": "flow_encoder",
            "threads": "bounded by caller; default 1 intra-op and 1 inter-op",
            "verification_only": false
          },
          "speech_token_count": 137
        },
        "tokens": {
          "eos_seen": true,
          "experimental_t3": true,
          "generated_token_count": 134,
          "length_limit_reached": false,
          "mode": "t3_generated_numpy_sampler",
          "prefill_sequence_length": 353,
          "raw_sampled_token_count": 135,
          "runtime": {
            "cuda_arena_shrinkage_after_run": true,
            "cuda_kv_cache_location": "cuda_ortvalue",
            "cuda_kv_resident_active": true,
            "cuda_kv_resident_requested": true,
            "cuda_memory_pattern_enabled": false,
            "fallback_disabled": true,
            "graph": "/home/terryd/gooning/voicecloning/artifacts/nano_lab/onnx_staged_adapter_aligned_all_attn/t3/nano_t3_kv.onnx",
            "inputs": [
              "inputs_embeds",
              "cache_position",
              "past_0",
              "past_1",
              "past_2",
              "past_3",
              "past_4",
              "past_5",
              "past_6",
              "past_7",
              "past_8",
              "past_9",
              "past_10",
              "past_11",
              "past_12",
              "past_13",
              "past_14",
              "past_15",
              "past_16",
              "past_17",
              "past_18",
              "past_19",
              "past_20",
              "past_21",
              "past_22",
              "past_23"
            ],
            "io_binding_calls": 135,
            "ort_provider": "cuda",
            "ort_version": "1.26.0",
            "outputs": [
              "logits",
              "present_0",
              "present_1",
              "present_2",
              "present_3",
              "present_4",
              "present_5",
              "present_6",
              "present_7",
              "present_8",
              "present_9",
              "present_10",
              "present_11",
              "present_12",
              "present_13",
              "present_14",
              "present_15",
              "present_16",
              "present_17",
              "present_18",
              "present_19",
              "present_20",
              "present_21",
              "present_22",
              "present_23"
            ],
            "profile_requested": false,
            "profiling": {
              "enabled": false,
              "ended": false,
              "profile_path": null,
              "profile_prefix": null
            },
            "provider_metadata": {
              "available": [
                "TensorrtExecutionProvider",
                "CUDAExecutionProvider",
                "CPUExecutionProvider"
              ],
              "cuda_options": {
                "arena_extend_strategy": "kSameAsRequested",
                "cudnn_conv_algo_search": "HEURISTIC",
                "device_id": 0,
                "do_copy_in_default_stream": true,
                "gpu_mem_limit": 2147483648,
                "use_tf32": 0
              },
              "preload_dlls": {
                "attempted": true,
                "directory": "",
                "status": "ok"
              },
              "requested": "cuda"
            },
            "providers": [
              "CUDAExecutionProvider",
              "CPUExecutionProvider"
            ],
            "requested_provider_options": {
              "arena_extend_strategy": "kSameAsRequested",
              "cuda_device_id": 0,
              "cudnn_conv_algo_search": "HEURISTIC",
              "do_copy_in_default_stream": true,
              "gpu_mem_limit_mib": 2048
            },
            "requested_providers": [
              "CUDAExecutionProvider",
              "CPUExecutionProvider"
            ],
            "stage": "t3",
            "threads": "bounded by caller; default 1 intra-op and 1 inter-op",
            "verification_only": false
          },
          "speech_token_count_with_silence": 137,
          "t3_used": true
        },
        "vocoder": {
          "audio_samples": 131520,
          "audio_seconds": 5.48,
          "mel_calibration": {
            "applied": true,
            "delta_path": "/home/terryd/gooning/voicecloning/artifacts/nano_lab/mel_calibration_asmr/delta.npy",
            "delta_sha256": "f2fe4c931a6d2d68e8a7be9775761c6e1911dd9740c9f3715861debc99637e83",
            "enabled": true,
            "report": "/home/terryd/gooning/voicecloning/artifacts/nano_lab/mel_calibration_asmr/report.json",
            "report_sha256": "df5644ca3f83a8dbea1a5d8887d902475edf01b7335040d1a8e20b3e877e9719",
            "strength": 1.0
          },
          "mel_length": 274,
          "runtime": {
            "cuda_arena_shrinkage_after_run": true,
            "cuda_kv_cache_location": "numpy_cpu",
            "cuda_kv_resident_active": false,
            "cuda_kv_resident_requested": true,
            "cuda_memory_pattern_enabled": false,
            "fallback_disabled": true,
            "graph": "/home/terryd/gooning/voicecloning/artifacts/nano_lab/onnx_staged_adapter_aligned_all_attn/vocoder/nano_hift_vocoder.onnx",
            "inputs": [
              "speech_feat",
              "phase_noise",
              "sine_noise"
            ],
            "io_binding_calls": 0,
            "ort_provider": "cuda",
            "ort_version": "1.26.0",
            "outputs": [
              "audio"
            ],
            "profile_requested": false,
            "profiling": {
              "enabled": false,
              "ended": false,
              "profile_path": null,
              "profile_prefix": null
            },
            "provider_metadata": {
              "available": [
                "TensorrtExecutionProvider",
                "CUDAExecutionProvider",
                "CPUExecutionProvider"
              ],
              "cuda_options": {
                "arena_extend_strategy": "kSameAsRequested",
                "cudnn_conv_algo_search": "HEURISTIC",
                "device_id": 0,
                "do_copy_in_default_stream": true,
                "gpu_mem_limit": 2147483648,
                "use_tf32": 0
              },
              "preload_dlls": {
                "attempted": true,
                "directory": "",
                "status": "ok"
              },
              "requested": "cuda"
            },
            "providers": [
              "CUDAExecutionProvider",
              "CPUExecutionProvider"
            ],
            "requested_provider_options": {
              "arena_extend_strategy": "kSameAsRequested",
              "cuda_device_id": 0,
              "cudnn_conv_algo_search": "HEURISTIC",
              "do_copy_in_default_stream": true,
              "gpu_mem_limit_mib": 2048
            },
            "requested_providers": [
              "CUDAExecutionProvider",
              "CPUExecutionProvider"
            ],
            "stage": "vocoder",
            "threads": "bounded by caller; default 1 intra-op and 1 inter-op",
            "verification_only": false
          }
        }
      },
      "stage_seconds": {
        "estimator": 7.306334986998991,
        "flow": 2.056486497000151,
        "tokens": 12.93336357500084,
        "vocoder": 2.451505883997015
      },
      "text": "Did you remember the blue folder? I thought we agreed to meet at half past nine.",
      "voice": "asmr_fitted_experimental",
      "warm_generation_seconds": null,
      "watermarker_init_seconds": 6.492250263996539
    },
    {
      "actual_rss_current_mib": 1761.46,
      "actual_rss_peak_mib": 1762.91,
      "audio_seconds": 5.48,
      "case_id": "asmr_warm_repeat",
      "cold_generation_seconds": null,
      "cold_or_warm": "warm",
      "finish_result": {
        "audio_samples": 131520,
        "audio_seconds": 5.48,
        "master_processing": {
          "achieved_lufs": -19.000000100315482,
          "gain_db": 11.185900979903405,
          "highpass_hz": 45,
          "noise_gate": false,
          "target_lufs": -19,
          "true_peak_ceiling_dbtp": -1,
          "true_peak_oversampling": 4
        },
        "output": "/home/terryd/gooning/voicecloning/artifacts/nano_lab/onnx_batch_asmr_fitted_fp32/asmr_warm_repeat.wav",
        "sample_rate": 24000,
        "schema_version": 1,
        "source": "/home/terryd/gooning/voicecloning/artifacts/nano_lab/onnx_batch_asmr_fitted_fp32/cases/001_asmr_warm_repeat/vocoder/audio.npz",
        "trim_fade": {
          "fade_ms": 20,
          "n_trim": 480
        },
        "watermark": "PerthImplicitWatermarker",
        "watermark_applied": true
      },
      "finish_seconds": 0.29538755899557145,
      "full_worker_request_seconds": 5.580468228996324,
      "generation_seconds": 5.284273200006282,
      "output": "/home/terryd/gooning/voicecloning/artifacts/nano_lab/onnx_batch_asmr_fitted_fp32/asmr_warm_repeat.wav",
      "prepare_rss_peak_mib": 264.79,
      "prepare_seconds": 4.328294415005075,
      "rss_current_mib": 1761.46,
      "rss_peak_mib": 1762.91,
      "run_dir": "/home/terryd/gooning/voicecloning/artifacts/nano_lab/onnx_batch_asmr_fitted_fp32/cases/001_asmr_warm_repeat",
      "seed": 79,
      "session_creation_seconds": {
        "flow_encoder": 0.0,
        "meanflow_estimator": 0.0,
        "t3": 0.0,
        "vocoder": 0.0
      },
      "session_creation_total_seconds": 0.0,
      "stage_results": {
        "estimator": {
          "mel_length": 274,
          "prompt_feat_length": 500,
          "runtime": {
            "cuda_arena_shrinkage_after_run": true,
            "cuda_kv_cache_location": "numpy_cpu",
            "cuda_kv_resident_active": false,
            "cuda_kv_resident_requested": true,
            "cuda_memory_pattern_enabled": false,
            "fallback_disabled": true,
            "graph": "/home/terryd/gooning/voicecloning/artifacts/nano_lab/onnx_staged_adapter_aligned_all_attn/meanflow_estimator/nano_meanflow_estimator.onnx",
            "inputs": [
              "x",
              "mask",
              "mu",
              "t",
              "speaker_embedding",
              "cond",
              "r"
            ],
            "io_binding_calls": 0,
            "ort_provider": "cuda",
            "ort_version": "1.26.0",
            "outputs": [
              "dxdt"
            ],
            "profile_requested": false,
            "profiling": {
              "enabled": false,
              "ended": false,
              "profile_path": null,
              "profile_prefix": null
            },
            "provider_metadata": {
              "available": [
                "TensorrtExecutionProvider",
                "CUDAExecutionProvider",
                "CPUExecutionProvider"
              ],
              "cuda_options": {
                "arena_extend_strategy": "kSameAsRequested",
                "cudnn_conv_algo_search": "HEURISTIC",
                "device_id": 0,
                "do_copy_in_default_stream": true,
                "gpu_mem_limit": 2147483648,
                "use_tf32": 0
              },
              "preload_dlls": {
                "attempted": true,
                "directory": "",
                "status": "ok"
              },
              "requested": "cuda"
            },
            "providers": [
              "CUDAExecutionProvider",
              "CPUExecutionProvider"
            ],
            "requested_provider_options": {
              "arena_extend_strategy": "kSameAsRequested",
              "cuda_device_id": 0,
              "cudnn_conv_algo_search": "HEURISTIC",
              "do_copy_in_default_stream": true,
              "gpu_mem_limit_mib": 2048
            },
            "requested_providers": [
              "CUDAExecutionProvider",
              "CPUExecutionProvider"
            ],
            "stage": "meanflow_estimator",
            "threads": "bounded by caller; default 1 intra-op and 1 inter-op",
            "verification_only": false
          },
          "seed": 79,
          "speech_token_count": 137,
          "steps": 2
        },
        "flow": {
          "mel_length": 774,
          "prompt_feat_length": 500,
          "prompt_token_count": 250,
          "runtime": {
            "cuda_arena_shrinkage_after_run": true,
            "cuda_kv_cache_location": "numpy_cpu",
            "cuda_kv_resident_active": false,
            "cuda_kv_resident_requested": true,
            "cuda_memory_pattern_enabled": false,
            "fallback_disabled": true,
            "graph": "/home/terryd/gooning/voicecloning/artifacts/nano_lab/onnx_staged_adapter_aligned_all_attn/flow_encoder/nano_flow_encoder.onnx",
            "inputs": [
              "speech_tokens",
              "token_lengths"
            ],
            "io_binding_calls": 0,
            "ort_provider": "cuda",
            "ort_version": "1.26.0",
            "outputs": [
              "mu",
              "mask"
            ],
            "profile_requested": false,
            "profiling": {
              "enabled": false,
              "ended": false,
              "profile_path": null,
              "profile_prefix": null
            },
            "provider_metadata": {
              "available": [
                "TensorrtExecutionProvider",
                "CUDAExecutionProvider",
                "CPUExecutionProvider"
              ],
              "cuda_options": {
                "arena_extend_strategy": "kSameAsRequested",
                "cudnn_conv_algo_search": "HEURISTIC",
                "device_id": 0,
                "do_copy_in_default_stream": true,
                "gpu_mem_limit": 2147483648,
                "use_tf32": 0
              },
              "preload_dlls": {
                "attempted": true,
                "directory": "",
                "status": "ok"
              },
              "requested": "cuda"
            },
            "providers": [
              "CUDAExecutionProvider",
              "CPUExecutionProvider"
            ],
            "requested_provider_options": {
              "arena_extend_strategy": "kSameAsRequested",
              "cuda_device_id": 0,
              "cudnn_conv_algo_search": "HEURISTIC",
              "do_copy_in_default_stream": true,
              "gpu_mem_limit_mib": 2048
            },
            "requested_providers": [
              "CUDAExecutionProvider",
              "CPUExecutionProvider"
            ],
            "stage": "flow_encoder",
            "threads": "bounded by caller; default 1 intra-op and 1 inter-op",
            "verification_only": false
          },
          "speech_token_count": 137
        },
        "tokens": {
          "eos_seen": true,
          "experimental_t3": true,
          "generated_token_count": 134,
          "length_limit_reached": false,
          "mode": "t3_generated_numpy_sampler",
          "prefill_sequence_length": 353,
          "raw_sampled_token_count": 135,
          "runtime": {
            "cuda_arena_shrinkage_after_run": true,
            "cuda_kv_cache_location": "cuda_ortvalue",
            "cuda_kv_resident_active": true,
            "cuda_kv_resident_requested": true,
            "cuda_memory_pattern_enabled": false,
            "fallback_disabled": true,
            "graph": "/home/terryd/gooning/voicecloning/artifacts/nano_lab/onnx_staged_adapter_aligned_all_attn/t3/nano_t3_kv.onnx",
            "inputs": [
              "inputs_embeds",
              "cache_position",
              "past_0",
              "past_1",
              "past_2",
              "past_3",
              "past_4",
              "past_5",
              "past_6",
              "past_7",
              "past_8",
              "past_9",
              "past_10",
              "past_11",
              "past_12",
              "past_13",
              "past_14",
              "past_15",
              "past_16",
              "past_17",
              "past_18",
              "past_19",
              "past_20",
              "past_21",
              "past_22",
              "past_23"
            ],
            "io_binding_calls": 270,
            "ort_provider": "cuda",
            "ort_version": "1.26.0",
            "outputs": [
              "logits",
              "present_0",
              "present_1",
              "present_2",
              "present_3",
              "present_4",
              "present_5",
              "present_6",
              "present_7",
              "present_8",
              "present_9",
              "present_10",
              "present_11",
              "present_12",
              "present_13",
              "present_14",
              "present_15",
              "present_16",
              "present_17",
              "present_18",
              "present_19",
              "present_20",
              "present_21",
              "present_22",
              "present_23"
            ],
            "profile_requested": false,
            "profiling": {
              "enabled": false,
              "ended": false,
              "profile_path": null,
              "profile_prefix": null
            },
            "provider_metadata": {
              "available": [
                "TensorrtExecutionProvider",
                "CUDAExecutionProvider",
                "CPUExecutionProvider"
              ],
              "cuda_options": {
                "arena_extend_strategy": "kSameAsRequested",
                "cudnn_conv_algo_search": "HEURISTIC",
                "device_id": 0,
                "do_copy_in_default_stream": true,
                "gpu_mem_limit": 2147483648,
                "use_tf32": 0
              },
              "preload_dlls": {
                "attempted": true,
                "directory": "",
                "status": "ok"
              },
              "requested": "cuda"
            },
            "providers": [
              "CUDAExecutionProvider",
              "CPUExecutionProvider"
            ],
            "requested_provider_options": {
              "arena_extend_strategy": "kSameAsRequested",
              "cuda_device_id": 0,
              "cudnn_conv_algo_search": "HEURISTIC",
              "do_copy_in_default_stream": true,
              "gpu_mem_limit_mib": 2048
            },
            "requested_providers": [
              "CUDAExecutionProvider",
              "CPUExecutionProvider"
            ],
            "stage": "t3",
            "threads": "bounded by caller; default 1 intra-op and 1 inter-op",
            "verification_only": false
          },
          "speech_token_count_with_silence": 137,
          "t3_used": true
        },
        "vocoder": {
          "audio_samples": 131520,
          "audio_seconds": 5.48,
          "mel_calibration": {
            "applied": true,
            "delta_path": "/home/terryd/gooning/voicecloning/artifacts/nano_lab/mel_calibration_asmr/delta.npy",
            "delta_sha256": "f2fe4c931a6d2d68e8a7be9775761c6e1911dd9740c9f3715861debc99637e83",
            "enabled": true,
            "report": "/home/terryd/gooning/voicecloning/artifacts/nano_lab/mel_calibration_asmr/report.json",
            "report_sha256": "df5644ca3f83a8dbea1a5d8887d902475edf01b7335040d1a8e20b3e877e9719",
            "strength": 1.0
          },
          "mel_length": 274,
          "runtime": {
            "cuda_arena_shrinkage_after_run": true,
            "cuda_kv_cache_location": "numpy_cpu",
            "cuda_kv_resident_active": false,
            "cuda_kv_resident_requested": true,
            "cuda_memory_pattern_enabled": false,
            "fallback_disabled": true,
            "graph": "/home/terryd/gooning/voicecloning/artifacts/nano_lab/onnx_staged_adapter_aligned_all_attn/vocoder/nano_hift_vocoder.onnx",
            "inputs": [
              "speech_feat",
              "phase_noise",
              "sine_noise"
            ],
            "io_binding_calls": 0,
            "ort_provider": "cuda",
            "ort_version": "1.26.0",
            "outputs": [
              "audio"
            ],
            "profile_requested": false,
            "profiling": {
              "enabled": false,
              "ended": false,
              "profile_path": null,
              "profile_prefix": null
            },
            "provider_metadata": {
              "available": [
                "TensorrtExecutionProvider",
                "CUDAExecutionProvider",
                "CPUExecutionProvider"
              ],
              "cuda_options": {
                "arena_extend_strategy": "kSameAsRequested",
                "cudnn_conv_algo_search": "HEURISTIC",
                "device_id": 0,
                "do_copy_in_default_stream": true,
                "gpu_mem_limit": 2147483648,
                "use_tf32": 0
              },
              "preload_dlls": {
                "attempted": true,
                "directory": "",
                "status": "ok"
              },
              "requested": "cuda"
            },
            "providers": [
              "CUDAExecutionProvider",
              "CPUExecutionProvider"
            ],
            "requested_provider_options": {
              "arena_extend_strategy": "kSameAsRequested",
              "cuda_device_id": 0,
              "cudnn_conv_algo_search": "HEURISTIC",
              "do_copy_in_default_stream": true,
              "gpu_mem_limit_mib": 2048
            },
            "requested_providers": [
              "CUDAExecutionProvider",
              "CPUExecutionProvider"
            ],
            "stage": "vocoder",
            "threads": "bounded by caller; default 1 intra-op and 1 inter-op",
            "verification_only": false
          }
        }
      },
      "stage_seconds": {
        "estimator": 0.1737547610027832,
        "flow": 0.03983976099698339,
        "tokens": 3.683187385002384,
        "vocoder": 1.3874606449971907
      },
      "text": "Did you remember the blue folder? I thought we agreed to meet at half past nine.",
      "voice": "asmr_fitted_experimental",
      "warm_generation_seconds": 5.284273200006282,
      "watermarker_init_seconds": 0.0
    },
    {
      "actual_rss_current_mib": 1795.04,
      "actual_rss_peak_mib": 1795.04,
      "audio_seconds": 6.52,
      "case_id": "asmr_warm_new",
      "cold_generation_seconds": null,
      "cold_or_warm": "warm",
      "finish_result": {
        "audio_samples": 156480,
        "audio_seconds": 6.52,
        "master_processing": {
          "achieved_lufs": -19.000000223824266,
          "gain_db": 9.053117612318992,
          "highpass_hz": 45,
          "noise_gate": false,
          "target_lufs": -19,
          "true_peak_ceiling_dbtp": -1,
          "true_peak_oversampling": 4
        },
        "output": "/home/terryd/gooning/voicecloning/artifacts/nano_lab/onnx_batch_asmr_fitted_fp32/asmr_warm_new.wav",
        "sample_rate": 24000,
        "schema_version": 1,
        "source": "/home/terryd/gooning/voicecloning/artifacts/nano_lab/onnx_batch_asmr_fitted_fp32/cases/002_asmr_warm_new/vocoder/audio.npz",
        "trim_fade": {
          "fade_ms": 20,
          "n_trim": 480
        },
        "watermark": "PerthImplicitWatermarker",
        "watermark_applied": true
      },
      "finish_seconds": 0.322162341006333,
      "full_worker_request_seconds": 6.208935902999656,
      "generation_seconds": 5.885432972994749,
      "output": "/home/terryd/gooning/voicecloning/artifacts/nano_lab/onnx_batch_asmr_fitted_fp32/asmr_warm_new.wav",
      "prepare_rss_peak_mib": 264.76,
      "prepare_seconds": 4.733982445002766,
      "rss_current_mib": 1795.04,
      "rss_peak_mib": 1795.04,
      "run_dir": "/home/terryd/gooning/voicecloning/artifacts/nano_lab/onnx_batch_asmr_fitted_fp32/cases/002_asmr_warm_new",
      "seed": 47,
      "session_creation_seconds": {
        "flow_encoder": 0.0,
        "meanflow_estimator": 0.0,
        "t3": 0.0,
        "vocoder": 0.0
      },
      "session_creation_total_seconds": 0.0,
      "stage_results": {
        "estimator": {
          "mel_length": 326,
          "prompt_feat_length": 500,
          "runtime": {
            "cuda_arena_shrinkage_after_run": true,
            "cuda_kv_cache_location": "numpy_cpu",
            "cuda_kv_resident_active": false,
            "cuda_kv_resident_requested": true,
            "cuda_memory_pattern_enabled": false,
            "fallback_disabled": true,
            "graph": "/home/terryd/gooning/voicecloning/artifacts/nano_lab/onnx_staged_adapter_aligned_all_attn/meanflow_estimator/nano_meanflow_estimator.onnx",
            "inputs": [
              "x",
              "mask",
              "mu",
              "t",
              "speaker_embedding",
              "cond",
              "r"
            ],
            "io_binding_calls": 0,
            "ort_provider": "cuda",
            "ort_version": "1.26.0",
            "outputs": [
              "dxdt"
            ],
            "profile_requested": false,
            "profiling": {
              "enabled": false,
              "ended": false,
              "profile_path": null,
              "profile_prefix": null
            },
            "provider_metadata": {
              "available": [
                "TensorrtExecutionProvider",
                "CUDAExecutionProvider",
                "CPUExecutionProvider"
              ],
              "cuda_options": {
                "arena_extend_strategy": "kSameAsRequested",
                "cudnn_conv_algo_search": "HEURISTIC",
                "device_id": 0,
                "do_copy_in_default_stream": true,
                "gpu_mem_limit": 2147483648,
                "use_tf32": 0
              },
              "preload_dlls": {
                "attempted": true,
                "directory": "",
                "status": "ok"
              },
              "requested": "cuda"
            },
            "providers": [
              "CUDAExecutionProvider",
              "CPUExecutionProvider"
            ],
            "requested_provider_options": {
              "arena_extend_strategy": "kSameAsRequested",
              "cuda_device_id": 0,
              "cudnn_conv_algo_search": "HEURISTIC",
              "do_copy_in_default_stream": true,
              "gpu_mem_limit_mib": 2048
            },
            "requested_providers": [
              "CUDAExecutionProvider",
              "CPUExecutionProvider"
            ],
            "stage": "meanflow_estimator",
            "threads": "bounded by caller; default 1 intra-op and 1 inter-op",
            "verification_only": false
          },
          "seed": 47,
          "speech_token_count": 163,
          "steps": 2
        },
        "flow": {
          "mel_length": 826,
          "prompt_feat_length": 500,
          "prompt_token_count": 250,
          "runtime": {
            "cuda_arena_shrinkage_after_run": true,
            "cuda_kv_cache_location": "numpy_cpu",
            "cuda_kv_resident_active": false,
            "cuda_kv_resident_requested": true,
            "cuda_memory_pattern_enabled": false,
            "fallback_disabled": true,
            "graph": "/home/terryd/gooning/voicecloning/artifacts/nano_lab/onnx_staged_adapter_aligned_all_attn/flow_encoder/nano_flow_encoder.onnx",
            "inputs": [
              "speech_tokens",
              "token_lengths"
            ],
            "io_binding_calls": 0,
            "ort_provider": "cuda",
            "ort_version": "1.26.0",
            "outputs": [
              "mu",
              "mask"
            ],
            "profile_requested": false,
            "profiling": {
              "enabled": false,
              "ended": false,
              "profile_path": null,
              "profile_prefix": null
            },
            "provider_metadata": {
              "available": [
                "TensorrtExecutionProvider",
                "CUDAExecutionProvider",
                "CPUExecutionProvider"
              ],
              "cuda_options": {
                "arena_extend_strategy": "kSameAsRequested",
                "cudnn_conv_algo_search": "HEURISTIC",
                "device_id": 0,
                "do_copy_in_default_stream": true,
                "gpu_mem_limit": 2147483648,
                "use_tf32": 0
              },
              "preload_dlls": {
                "attempted": true,
                "directory": "",
                "status": "ok"
              },
              "requested": "cuda"
            },
            "providers": [
              "CUDAExecutionProvider",
              "CPUExecutionProvider"
            ],
            "requested_provider_options": {
              "arena_extend_strategy": "kSameAsRequested",
              "cuda_device_id": 0,
              "cudnn_conv_algo_search": "HEURISTIC",
              "do_copy_in_default_stream": true,
              "gpu_mem_limit_mib": 2048
            },
            "requested_providers": [
              "CUDAExecutionProvider",
              "CPUExecutionProvider"
            ],
            "stage": "flow_encoder",
            "threads": "bounded by caller; default 1 intra-op and 1 inter-op",
            "verification_only": false
          },
          "speech_token_count": 163
        },
        "tokens": {
          "eos_seen": true,
          "experimental_t3": true,
          "generated_token_count": 160,
          "length_limit_reached": false,
          "mode": "t3_generated_numpy_sampler",
          "prefill_sequence_length": 358,
          "raw_sampled_token_count": 161,
          "runtime": {
            "cuda_arena_shrinkage_after_run": true,
            "cuda_kv_cache_location": "cuda_ortvalue",
            "cuda_kv_resident_active": true,
            "cuda_kv_resident_requested": true,
            "cuda_memory_pattern_enabled": false,
            "fallback_disabled": true,
            "graph": "/home/terryd/gooning/voicecloning/artifacts/nano_lab/onnx_staged_adapter_aligned_all_attn/t3/nano_t3_kv.onnx",
            "inputs": [
              "inputs_embeds",
              "cache_position",
              "past_0",
              "past_1",
              "past_2",
              "past_3",
              "past_4",
              "past_5",
              "past_6",
              "past_7",
              "past_8",
              "past_9",
              "past_10",
              "past_11",
              "past_12",
              "past_13",
              "past_14",
              "past_15",
              "past_16",
              "past_17",
              "past_18",
              "past_19",
              "past_20",
              "past_21",
              "past_22",
              "past_23"
            ],
            "io_binding_calls": 431,
            "ort_provider": "cuda",
            "ort_version": "1.26.0",
            "outputs": [
              "logits",
              "present_0",
              "present_1",
              "present_2",
              "present_3",
              "present_4",
              "present_5",
              "present_6",
              "present_7",
              "present_8",
              "present_9",
              "present_10",
              "present_11",
              "present_12",
              "present_13",
              "present_14",
              "present_15",
              "present_16",
              "present_17",
              "present_18",
              "present_19",
              "present_20",
              "present_21",
              "present_22",
              "present_23"
            ],
            "profile_requested": false,
            "profiling": {
              "enabled": false,
              "ended": false,
              "profile_path": null,
              "profile_prefix": null
            },
            "provider_metadata": {
              "available": [
                "TensorrtExecutionProvider",
                "CUDAExecutionProvider",
                "CPUExecutionProvider"
              ],
              "cuda_options": {
                "arena_extend_strategy": "kSameAsRequested",
                "cudnn_conv_algo_search": "HEURISTIC",
                "device_id": 0,
                "do_copy_in_default_stream": true,
                "gpu_mem_limit": 2147483648,
                "use_tf32": 0
              },
              "preload_dlls": {
                "attempted": true,
                "directory": "",
                "status": "ok"
              },
              "requested": "cuda"
            },
            "providers": [
              "CUDAExecutionProvider",
              "CPUExecutionProvider"
            ],
            "requested_provider_options": {
              "arena_extend_strategy": "kSameAsRequested",
              "cuda_device_id": 0,
              "cudnn_conv_algo_search": "HEURISTIC",
              "do_copy_in_default_stream": true,
              "gpu_mem_limit_mib": 2048
            },
            "requested_providers": [
              "CUDAExecutionProvider",
              "CPUExecutionProvider"
            ],
            "stage": "t3",
            "threads": "bounded by caller; default 1 intra-op and 1 inter-op",
            "verification_only": false
          },
          "speech_token_count_with_silence": 163,
          "t3_used": true
        },
        "vocoder": {
          "audio_samples": 156480,
          "audio_seconds": 6.52,
          "mel_calibration": {
            "applied": true,
            "delta_path": "/home/terryd/gooning/voicecloning/artifacts/nano_lab/mel_calibration_asmr/delta.npy",
            "delta_sha256": "f2fe4c931a6d2d68e8a7be9775761c6e1911dd9740c9f3715861debc99637e83",
            "enabled": true,
            "report": "/home/terryd/gooning/voicecloning/artifacts/nano_lab/mel_calibration_asmr/report.json",
            "report_sha256": "df5644ca3f83a8dbea1a5d8887d902475edf01b7335040d1a8e20b3e877e9719",
            "strength": 1.0
          },
          "mel_length": 326,
          "runtime": {
            "cuda_arena_shrinkage_after_run": true,
            "cuda_kv_cache_location": "numpy_cpu",
            "cuda_kv_resident_active": false,
            "cuda_kv_resident_requested": true,
            "cuda_memory_pattern_enabled": false,
            "fallback_disabled": true,
            "graph": "/home/terryd/gooning/voicecloning/artifacts/nano_lab/onnx_staged_adapter_aligned_all_attn/vocoder/nano_hift_vocoder.onnx",
            "inputs": [
              "speech_feat",
              "phase_noise",
              "sine_noise"
            ],
            "io_binding_calls": 0,
            "ort_provider": "cuda",
            "ort_version": "1.26.0",
            "outputs": [
              "audio"
            ],
            "profile_requested": false,
            "profiling": {
              "enabled": false,
              "ended": false,
              "profile_path": null,
              "profile_prefix": null
            },
            "provider_metadata": {
              "available": [
                "TensorrtExecutionProvider",
                "CUDAExecutionProvider",
                "CPUExecutionProvider"
              ],
              "cuda_options": {
                "arena_extend_strategy": "kSameAsRequested",
                "cudnn_conv_algo_search": "HEURISTIC",
                "device_id": 0,
                "do_copy_in_default_stream": true,
                "gpu_mem_limit": 2147483648,
                "use_tf32": 0
              },
              "preload_dlls": {
                "attempted": true,
                "directory": "",
                "status": "ok"
              },
              "requested": "cuda"
            },
            "providers": [
              "CUDAExecutionProvider",
              "CPUExecutionProvider"
            ],
            "requested_provider_options": {
              "arena_extend_strategy": "kSameAsRequested",
              "cuda_device_id": 0,
              "cudnn_conv_algo_search": "HEURISTIC",
              "do_copy_in_default_stream": true,
              "gpu_mem_limit_mib": 2048
            },
            "requested_providers": [
              "CUDAExecutionProvider",
              "CPUExecutionProvider"
            ],
            "stage": "vocoder",
            "threads": "bounded by caller; default 1 intra-op and 1 inter-op",
            "verification_only": false
          }
        }
      },
      "stage_seconds": {
        "estimator": 0.4409929829998873,
        "flow": 0.05956746199808549,
        "tokens": 4.115136291999079,
        "vocoder": 1.2697083279999788
      },
      "text": "The last train had already left when I reached the station. A small light was still on above the ticket office.",
      "voice": "asmr_fitted_experimental",
      "warm_generation_seconds": 5.885432972994749,
      "watermarker_init_seconds": 0.0
    }
  ],
  "cuda_kv_resident": true,
  "end_to_end_seconds": 60.01837480899849,
  "experimental_t3": true,
  "experimental_t3_limitation": "The long T3 reference at sequence length 400 is not within the strict 3e-4 cache gate: 176 of 7.4M cache values exceeded the gate (max abs 0.000989; relative L2 1.44e-5). Logits, lengths 32/128, and decode cases passed. This integration run is experimental and does not claim full numerical T3 verification.",
  "finish_in_worker": true,
  "finish_seconds": 1.5633807410049485,
  "gpu_arena": {
    "note": "Each ORT session has its own arena; summed limits can add. This is not a total GPU allocation guarantee.",
    "per_session_limit_mib": 2048,
    "reference_device_budget_mib": 8192,
    "session_count": 4,
    "theoretical_sum_mib": 8192
  },
  "manifest": "/home/terryd/gooning/voicecloning/artifacts/nano_lab/onnx_batch_asmr_fitted_manifest.json",
  "manifest_sha256": "a93ddf7878877b98a21c86a3535a88183f0b0cac0146041d893b0120d4854cf0",
  "max_tree_peak_mib": 1930.95,
  "model_dir": "/home/terryd/gooning/voicecloning/artifacts/nano_lab/onnx_staged_adapter_aligned_all_attn",
  "model_manifest_sha256": {
    "flow_encoder": "a9e6d3ab0a0c1bfd721a95e9012beddaa5eb55d25fb75829d904aca1ea9645b2",
    "meanflow_estimator": "5fa7bfb0dde0a818f50518b6d5b157f5d2998f04137f2137ae47c7b09cba9c7c",
    "t3": "4a523c90ca95d5eba858fe0cb7474aa173a5406f2ec45dc7ecd66d485eabe421",
    "vocoder": "9d4fc85a206c8b7a1326ad0194317ac98cac7665cc7dac23c5ac83a06a562e69"
  },
  "ort_profile": false,
  "ort_provider": "cuda",
  "pipeline_source_sha256": "37d9eff7a196a4e74b801ce52acd20bde3a32b757cdd5fc778068a6809145746",
  "prepare_seconds": 13.384006474007037,
  "process_tree_rss": {
    "definition": "maximum sampled simultaneous sum of parent and all descendant process RSS",
    "max_serial_peak_mib": 1930.95,
    "sampling_interval_seconds": 0.05
  },
  "python_executable": "/home/terryd/gooning/voicecloning/.venv-nano-ort/bin/python",
  "schema_version": 1,
  "status": "ok",
  "timing_definition": "generation_seconds covers tokens+flow+estimator+vocoder in the persistent worker; full_worker_request_seconds also includes optional in-worker Perth/master/WAV; end_to_end_seconds includes serial prepare, worker startup, and finish work",
  "warm_compute_is_not_request_latency": true,
  "worker": {
    "cases": [
      {
        "actual_rss_current_mib": 1748.69,
        "actual_rss_peak_mib": 1748.69,
        "audio_seconds": 5.48,
        "case_id": "asmr_cold",
        "cold_generation_seconds": 24.747736498997256,
        "cold_or_warm": "cold",
        "finish_result": {
          "audio_samples": 131520,
          "audio_seconds": 5.48,
          "master_processing": {
            "achieved_lufs": -19.000000020383258,
            "gain_db": 11.185900895644533,
            "highpass_hz": 45,
            "noise_gate": false,
            "target_lufs": -19,
            "true_peak_ceiling_dbtp": -1,
            "true_peak_oversampling": 4
          },
          "output": "/home/terryd/gooning/voicecloning/artifacts/nano_lab/onnx_batch_asmr_fitted_fp32/asmr_cold.wav",
          "sample_rate": 24000,
          "schema_version": 1,
          "source": "/home/terryd/gooning/voicecloning/artifacts/nano_lab/onnx_batch_asmr_fitted_fp32/cases/000_asmr_cold/vocoder/audio.npz",
          "trim_fade": {
            "fade_ms": 20,
            "n_trim": 480
          },
          "watermark": "PerthImplicitWatermarker",
          "watermark_applied": true
        },
        "finish_seconds": 0.945830841003044,
        "full_worker_request_seconds": 32.18711990599695,
        "generation_seconds": 24.747736498997256,
        "output": "/home/terryd/gooning/voicecloning/artifacts/nano_lab/onnx_batch_asmr_fitted_fp32/asmr_cold.wav",
        "rss_current_mib": 1748.69,
        "rss_peak_mib": 1748.69,
        "run_dir": "/home/terryd/gooning/voicecloning/artifacts/nano_lab/onnx_batch_asmr_fitted_fp32/cases/000_asmr_cold",
        "seed": 79,
        "session_creation_seconds": {
          "flow_encoder": 1.2786278359999415,
          "meanflow_estimator": 6.730212686998129,
          "t3": 4.721202455999446,
          "vocoder": 1.045915105001768
        },
        "session_creation_total_seconds": 13.775958083999285,
        "stage_results": {
          "estimator": {
            "mel_length": 274,
            "prompt_feat_length": 500,
            "runtime": {
              "cuda_arena_shrinkage_after_run": true,
              "cuda_kv_cache_location": "numpy_cpu",
              "cuda_kv_resident_active": false,
              "cuda_kv_resident_requested": true,
              "cuda_memory_pattern_enabled": false,
              "fallback_disabled": true,
              "graph": "/home/terryd/gooning/voicecloning/artifacts/nano_lab/onnx_staged_adapter_aligned_all_attn/meanflow_estimator/nano_meanflow_estimator.onnx",
              "inputs": [
                "x",
                "mask",
                "mu",
                "t",
                "speaker_embedding",
                "cond",
                "r"
              ],
              "io_binding_calls": 0,
              "ort_provider": "cuda",
              "ort_version": "1.26.0",
              "outputs": [
                "dxdt"
              ],
              "profile_requested": false,
              "profiling": {
                "enabled": false,
                "ended": false,
                "profile_path": null,
                "profile_prefix": null
              },
              "provider_metadata": {
                "available": [
                  "TensorrtExecutionProvider",
                  "CUDAExecutionProvider",
                  "CPUExecutionProvider"
                ],
                "cuda_options": {
                  "arena_extend_strategy": "kSameAsRequested",
                  "cudnn_conv_algo_search": "HEURISTIC",
                  "device_id": 0,
                  "do_copy_in_default_stream": true,
                  "gpu_mem_limit": 2147483648,
                  "use_tf32": 0
                },
                "preload_dlls": {
                  "attempted": true,
                  "directory": "",
                  "status": "ok"
                },
                "requested": "cuda"
              },
              "providers": [
                "CUDAExecutionProvider",
                "CPUExecutionProvider"
              ],
              "requested_provider_options": {
                "arena_extend_strategy": "kSameAsRequested",
                "cuda_device_id": 0,
                "cudnn_conv_algo_search": "HEURISTIC",
                "do_copy_in_default_stream": true,
                "gpu_mem_limit_mib": 2048
              },
              "requested_providers": [
                "CUDAExecutionProvider",
                "CPUExecutionProvider"
              ],
              "stage": "meanflow_estimator",
              "threads": "bounded by caller; default 1 intra-op and 1 inter-op",
              "verification_only": false
            },
            "seed": 79,
            "speech_token_count": 137,
            "steps": 2
          },
          "flow": {
            "mel_length": 774,
            "prompt_feat_length": 500,
            "prompt_token_count": 250,
            "runtime": {
              "cuda_arena_shrinkage_after_run": true,
              "cuda_kv_cache_location": "numpy_cpu",
              "cuda_kv_resident_active": false,
              "cuda_kv_resident_requested": true,
              "cuda_memory_pattern_enabled": false,
              "fallback_disabled": true,
              "graph": "/home/terryd/gooning/voicecloning/artifacts/nano_lab/onnx_staged_adapter_aligned_all_attn/flow_encoder/nano_flow_encoder.onnx",
              "inputs": [
                "speech_tokens",
                "token_lengths"
              ],
              "io_binding_calls": 0,
              "ort_provider": "cuda",
              "ort_version": "1.26.0",
              "outputs": [
                "mu",
                "mask"
              ],
              "profile_requested": false,
              "profiling": {
                "enabled": false,
                "ended": false,
                "profile_path": null,
                "profile_prefix": null
              },
              "provider_metadata": {
                "available": [
                  "TensorrtExecutionProvider",
                  "CUDAExecutionProvider",
                  "CPUExecutionProvider"
                ],
                "cuda_options": {
                  "arena_extend_strategy": "kSameAsRequested",
                  "cudnn_conv_algo_search": "HEURISTIC",
                  "device_id": 0,
                  "do_copy_in_default_stream": true,
                  "gpu_mem_limit": 2147483648,
                  "use_tf32": 0
                },
                "preload_dlls": {
                  "attempted": true,
                  "directory": "",
                  "status": "ok"
                },
                "requested": "cuda"
              },
              "providers": [
                "CUDAExecutionProvider",
                "CPUExecutionProvider"
              ],
              "requested_provider_options": {
                "arena_extend_strategy": "kSameAsRequested",
                "cuda_device_id": 0,
                "cudnn_conv_algo_search": "HEURISTIC",
                "do_copy_in_default_stream": true,
                "gpu_mem_limit_mib": 2048
              },
              "requested_providers": [
                "CUDAExecutionProvider",
                "CPUExecutionProvider"
              ],
              "stage": "flow_encoder",
              "threads": "bounded by caller; default 1 intra-op and 1 inter-op",
              "verification_only": false
            },
            "speech_token_count": 137
          },
          "tokens": {
            "eos_seen": true,
            "experimental_t3": true,
            "generated_token_count": 134,
            "length_limit_reached": false,
            "mode": "t3_generated_numpy_sampler",
            "prefill_sequence_length": 353,
            "raw_sampled_token_count": 135,
            "runtime": {
              "cuda_arena_shrinkage_after_run": true,
              "cuda_kv_cache_location": "cuda_ortvalue",
              "cuda_kv_resident_active": true,
              "cuda_kv_resident_requested": true,
              "cuda_memory_pattern_enabled": false,
              "fallback_disabled": true,
              "graph": "/home/terryd/gooning/voicecloning/artifacts/nano_lab/onnx_staged_adapter_aligned_all_attn/t3/nano_t3_kv.onnx",
              "inputs": [
                "inputs_embeds",
                "cache_position",
                "past_0",
                "past_1",
                "past_2",
                "past_3",
                "past_4",
                "past_5",
                "past_6",
                "past_7",
                "past_8",
                "past_9",
                "past_10",
                "past_11",
                "past_12",
                "past_13",
                "past_14",
                "past_15",
                "past_16",
                "past_17",
                "past_18",
                "past_19",
                "past_20",
                "past_21",
                "past_22",
                "past_23"
              ],
              "io_binding_calls": 135,
              "ort_provider": "cuda",
              "ort_version": "1.26.0",
              "outputs": [
                "logits",
                "present_0",
                "present_1",
                "present_2",
                "present_3",
                "present_4",
                "present_5",
                "present_6",
                "present_7",
                "present_8",
                "present_9",
                "present_10",
                "present_11",
                "present_12",
                "present_13",
                "present_14",
                "present_15",
                "present_16",
                "present_17",
                "present_18",
                "present_19",
                "present_20",
                "present_21",
                "present_22",
                "present_23"
              ],
              "profile_requested": false,
              "profiling": {
                "enabled": false,
                "ended": false,
                "profile_path": null,
                "profile_prefix": null
              },
              "provider_metadata": {
                "available": [
                  "TensorrtExecutionProvider",
                  "CUDAExecutionProvider",
                  "CPUExecutionProvider"
                ],
                "cuda_options": {
                  "arena_extend_strategy": "kSameAsRequested",
                  "cudnn_conv_algo_search": "HEURISTIC",
                  "device_id": 0,
                  "do_copy_in_default_stream": true,
                  "gpu_mem_limit": 2147483648,
                  "use_tf32": 0
                },
                "preload_dlls": {
                  "attempted": true,
                  "directory": "",
                  "status": "ok"
                },
                "requested": "cuda"
              },
              "providers": [
                "CUDAExecutionProvider",
                "CPUExecutionProvider"
              ],
              "requested_provider_options": {
                "arena_extend_strategy": "kSameAsRequested",
                "cuda_device_id": 0,
                "cudnn_conv_algo_search": "HEURISTIC",
                "do_copy_in_default_stream": true,
                "gpu_mem_limit_mib": 2048
              },
              "requested_providers": [
                "CUDAExecutionProvider",
                "CPUExecutionProvider"
              ],
              "stage": "t3",
              "threads": "bounded by caller; default 1 intra-op and 1 inter-op",
              "verification_only": false
            },
            "speech_token_count_with_silence": 137,
            "t3_used": true
          },
          "vocoder": {
            "audio_samples": 131520,
            "audio_seconds": 5.48,
            "mel_calibration": {
              "applied": true,
              "delta_path": "/home/terryd/gooning/voicecloning/artifacts/nano_lab/mel_calibration_asmr/delta.npy",
              "delta_sha256": "f2fe4c931a6d2d68e8a7be9775761c6e1911dd9740c9f3715861debc99637e83",
              "enabled": true,
              "report": "/home/terryd/gooning/voicecloning/artifacts/nano_lab/mel_calibration_asmr/report.json",
              "report_sha256": "df5644ca3f83a8dbea1a5d8887d902475edf01b7335040d1a8e20b3e877e9719",
              "strength": 1.0
            },
            "mel_length": 274,
            "runtime": {
              "cuda_arena_shrinkage_after_run": true,
              "cuda_kv_cache_location": "numpy_cpu",
              "cuda_kv_resident_active": false,
              "cuda_kv_resident_requested": true,
              "cuda_memory_pattern_enabled": false,
              "fallback_disabled": true,
              "graph": "/home/terryd/gooning/voicecloning/artifacts/nano_lab/onnx_staged_adapter_aligned_all_attn/vocoder/nano_hift_vocoder.onnx",
              "inputs": [
                "speech_feat",
                "phase_noise",
                "sine_noise"
              ],
              "io_binding_calls": 0,
              "ort_provider": "cuda",
              "ort_version": "1.26.0",
              "outputs": [
                "audio"
              ],
              "profile_requested": false,
              "profiling": {
                "enabled": false,
                "ended": false,
                "profile_path": null,
                "profile_prefix": null
              },
              "provider_metadata": {
                "available": [
                  "TensorrtExecutionProvider",
                  "CUDAExecutionProvider",
                  "CPUExecutionProvider"
                ],
                "cuda_options": {
                  "arena_extend_strategy": "kSameAsRequested",
                  "cudnn_conv_algo_search": "HEURISTIC",
                  "device_id": 0,
                  "do_copy_in_default_stream": true,
                  "gpu_mem_limit": 2147483648,
                  "use_tf32": 0
                },
                "preload_dlls": {
                  "attempted": true,
                  "directory": "",
                  "status": "ok"
                },
                "requested": "cuda"
              },
              "providers": [
                "CUDAExecutionProvider",
                "CPUExecutionProvider"
              ],
              "requested_provider_options": {
                "arena_extend_strategy": "kSameAsRequested",
                "cuda_device_id": 0,
                "cudnn_conv_algo_search": "HEURISTIC",
                "do_copy_in_default_stream": true,
                "gpu_mem_limit_mib": 2048
              },
              "requested_providers": [
                "CUDAExecutionProvider",
                "CPUExecutionProvider"
              ],
              "stage": "vocoder",
              "threads": "bounded by caller; default 1 intra-op and 1 inter-op",
              "verification_only": false
            }
          }
        },
        "stage_seconds": {
          "estimator": 7.306334986998991,
          "flow": 2.056486497000151,
          "tokens": 12.93336357500084,
          "vocoder": 2.451505883997015
        },
        "text": "Did you remember the blue folder? I thought we agreed to meet at half past nine.",
        "voice": "asmr_fitted_experimental",
        "warm_generation_seconds": null,
        "watermarker_init_seconds": 6.492250263996539
      },
      {
        "actual_rss_current_mib": 1761.46,
        "actual_rss_peak_mib": 1762.91,
        "audio_seconds": 5.48,
        "case_id": "asmr_warm_repeat",
        "cold_generation_seconds": null,
        "cold_or_warm": "warm",
        "finish_result": {
          "audio_samples": 131520,
          "audio_seconds": 5.48,
          "master_processing": {
            "achieved_lufs": -19.000000100315482,
            "gain_db": 11.185900979903405,
            "highpass_hz": 45,
            "noise_gate": false,
            "target_lufs": -19,
            "true_peak_ceiling_dbtp": -1,
            "true_peak_oversampling": 4
          },
          "output": "/home/terryd/gooning/voicecloning/artifacts/nano_lab/onnx_batch_asmr_fitted_fp32/asmr_warm_repeat.wav",
          "sample_rate": 24000,
          "schema_version": 1,
          "source": "/home/terryd/gooning/voicecloning/artifacts/nano_lab/onnx_batch_asmr_fitted_fp32/cases/001_asmr_warm_repeat/vocoder/audio.npz",
          "trim_fade": {
            "fade_ms": 20,
            "n_trim": 480
          },
          "watermark": "PerthImplicitWatermarker",
          "watermark_applied": true
        },
        "finish_seconds": 0.29538755899557145,
        "full_worker_request_seconds": 5.580468228996324,
        "generation_seconds": 5.284273200006282,
        "output": "/home/terryd/gooning/voicecloning/artifacts/nano_lab/onnx_batch_asmr_fitted_fp32/asmr_warm_repeat.wav",
        "rss_current_mib": 1761.46,
        "rss_peak_mib": 1762.91,
        "run_dir": "/home/terryd/gooning/voicecloning/artifacts/nano_lab/onnx_batch_asmr_fitted_fp32/cases/001_asmr_warm_repeat",
        "seed": 79,
        "session_creation_seconds": {
          "flow_encoder": 0.0,
          "meanflow_estimator": 0.0,
          "t3": 0.0,
          "vocoder": 0.0
        },
        "session_creation_total_seconds": 0.0,
        "stage_results": {
          "estimator": {
            "mel_length": 274,
            "prompt_feat_length": 500,
            "runtime": {
              "cuda_arena_shrinkage_after_run": true,
              "cuda_kv_cache_location": "numpy_cpu",
              "cuda_kv_resident_active": false,
              "cuda_kv_resident_requested": true,
              "cuda_memory_pattern_enabled": false,
              "fallback_disabled": true,
              "graph": "/home/terryd/gooning/voicecloning/artifacts/nano_lab/onnx_staged_adapter_aligned_all_attn/meanflow_estimator/nano_meanflow_estimator.onnx",
              "inputs": [
                "x",
                "mask",
                "mu",
                "t",
                "speaker_embedding",
                "cond",
                "r"
              ],
              "io_binding_calls": 0,
              "ort_provider": "cuda",
              "ort_version": "1.26.0",
              "outputs": [
                "dxdt"
              ],
              "profile_requested": false,
              "profiling": {
                "enabled": false,
                "ended": false,
                "profile_path": null,
                "profile_prefix": null
              },
              "provider_metadata": {
                "available": [
                  "TensorrtExecutionProvider",
                  "CUDAExecutionProvider",
                  "CPUExecutionProvider"
                ],
                "cuda_options": {
                  "arena_extend_strategy": "kSameAsRequested",
                  "cudnn_conv_algo_search": "HEURISTIC",
                  "device_id": 0,
                  "do_copy_in_default_stream": true,
                  "gpu_mem_limit": 2147483648,
                  "use_tf32": 0
                },
                "preload_dlls": {
                  "attempted": true,
                  "directory": "",
                  "status": "ok"
                },
                "requested": "cuda"
              },
              "providers": [
                "CUDAExecutionProvider",
                "CPUExecutionProvider"
              ],
              "requested_provider_options": {
                "arena_extend_strategy": "kSameAsRequested",
                "cuda_device_id": 0,
                "cudnn_conv_algo_search": "HEURISTIC",
                "do_copy_in_default_stream": true,
                "gpu_mem_limit_mib": 2048
              },
              "requested_providers": [
                "CUDAExecutionProvider",
                "CPUExecutionProvider"
              ],
              "stage": "meanflow_estimator",
              "threads": "bounded by caller; default 1 intra-op and 1 inter-op",
              "verification_only": false
            },
            "seed": 79,
            "speech_token_count": 137,
            "steps": 2
          },
          "flow": {
            "mel_length": 774,
            "prompt_feat_length": 500,
            "prompt_token_count": 250,
            "runtime": {
              "cuda_arena_shrinkage_after_run": true,
              "cuda_kv_cache_location": "numpy_cpu",
              "cuda_kv_resident_active": false,
              "cuda_kv_resident_requested": true,
              "cuda_memory_pattern_enabled": false,
              "fallback_disabled": true,
              "graph": "/home/terryd/gooning/voicecloning/artifacts/nano_lab/onnx_staged_adapter_aligned_all_attn/flow_encoder/nano_flow_encoder.onnx",
              "inputs": [
                "speech_tokens",
                "token_lengths"
              ],
              "io_binding_calls": 0,
              "ort_provider": "cuda",
              "ort_version": "1.26.0",
              "outputs": [
                "mu",
                "mask"
              ],
              "profile_requested": false,
              "profiling": {
                "enabled": false,
                "ended": false,
                "profile_path": null,
                "profile_prefix": null
              },
              "provider_metadata": {
                "available": [
                  "TensorrtExecutionProvider",
                  "CUDAExecutionProvider",
                  "CPUExecutionProvider"
                ],
                "cuda_options": {
                  "arena_extend_strategy": "kSameAsRequested",
                  "cudnn_conv_algo_search": "HEURISTIC",
                  "device_id": 0,
                  "do_copy_in_default_stream": true,
                  "gpu_mem_limit": 2147483648,
                  "use_tf32": 0
                },
                "preload_dlls": {
                  "attempted": true,
                  "directory": "",
                  "status": "ok"
                },
                "requested": "cuda"
              },
              "providers": [
                "CUDAExecutionProvider",
                "CPUExecutionProvider"
              ],
              "requested_provider_options": {
                "arena_extend_strategy": "kSameAsRequested",
                "cuda_device_id": 0,
                "cudnn_conv_algo_search": "HEURISTIC",
                "do_copy_in_default_stream": true,
                "gpu_mem_limit_mib": 2048
              },
              "requested_providers": [
                "CUDAExecutionProvider",
                "CPUExecutionProvider"
              ],
              "stage": "flow_encoder",
              "threads": "bounded by caller; default 1 intra-op and 1 inter-op",
              "verification_only": false
            },
            "speech_token_count": 137
          },
          "tokens": {
            "eos_seen": true,
            "experimental_t3": true,
            "generated_token_count": 134,
            "length_limit_reached": false,
            "mode": "t3_generated_numpy_sampler",
            "prefill_sequence_length": 353,
            "raw_sampled_token_count": 135,
            "runtime": {
              "cuda_arena_shrinkage_after_run": true,
              "cuda_kv_cache_location": "cuda_ortvalue",
              "cuda_kv_resident_active": true,
              "cuda_kv_resident_requested": true,
              "cuda_memory_pattern_enabled": false,
              "fallback_disabled": true,
              "graph": "/home/terryd/gooning/voicecloning/artifacts/nano_lab/onnx_staged_adapter_aligned_all_attn/t3/nano_t3_kv.onnx",
              "inputs": [
                "inputs_embeds",
                "cache_position",
                "past_0",
                "past_1",
                "past_2",
                "past_3",
                "past_4",
                "past_5",
                "past_6",
                "past_7",
                "past_8",
                "past_9",
                "past_10",
                "past_11",
                "past_12",
                "past_13",
                "past_14",
                "past_15",
                "past_16",
                "past_17",
                "past_18",
                "past_19",
                "past_20",
                "past_21",
                "past_22",
                "past_23"
              ],
              "io_binding_calls": 270,
              "ort_provider": "cuda",
              "ort_version": "1.26.0",
              "outputs": [
                "logits",
                "present_0",
                "present_1",
                "present_2",
                "present_3",
                "present_4",
                "present_5",
                "present_6",
                "present_7",
                "present_8",
                "present_9",
                "present_10",
                "present_11",
                "present_12",
                "present_13",
                "present_14",
                "present_15",
                "present_16",
                "present_17",
                "present_18",
                "present_19",
                "present_20",
                "present_21",
                "present_22",
                "present_23"
              ],
              "profile_requested": false,
              "profiling": {
                "enabled": false,
                "ended": false,
                "profile_path": null,
                "profile_prefix": null
              },
              "provider_metadata": {
                "available": [
                  "TensorrtExecutionProvider",
                  "CUDAExecutionProvider",
                  "CPUExecutionProvider"
                ],
                "cuda_options": {
                  "arena_extend_strategy": "kSameAsRequested",
                  "cudnn_conv_algo_search": "HEURISTIC",
                  "device_id": 0,
                  "do_copy_in_default_stream": true,
                  "gpu_mem_limit": 2147483648,
                  "use_tf32": 0
                },
                "preload_dlls": {
                  "attempted": true,
                  "directory": "",
                  "status": "ok"
                },
                "requested": "cuda"
              },
              "providers": [
                "CUDAExecutionProvider",
                "CPUExecutionProvider"
              ],
              "requested_provider_options": {
                "arena_extend_strategy": "kSameAsRequested",
                "cuda_device_id": 0,
                "cudnn_conv_algo_search": "HEURISTIC",
                "do_copy_in_default_stream": true,
                "gpu_mem_limit_mib": 2048
              },
              "requested_providers": [
                "CUDAExecutionProvider",
                "CPUExecutionProvider"
              ],
              "stage": "t3",
              "threads": "bounded by caller; default 1 intra-op and 1 inter-op",
              "verification_only": false
            },
            "speech_token_count_with_silence": 137,
            "t3_used": true
          },
          "vocoder": {
            "audio_samples": 131520,
            "audio_seconds": 5.48,
            "mel_calibration": {
              "applied": true,
              "delta_path": "/home/terryd/gooning/voicecloning/artifacts/nano_lab/mel_calibration_asmr/delta.npy",
              "delta_sha256": "f2fe4c931a6d2d68e8a7be9775761c6e1911dd9740c9f3715861debc99637e83",
              "enabled": true,
              "report": "/home/terryd/gooning/voicecloning/artifacts/nano_lab/mel_calibration_asmr/report.json",
              "report_sha256": "df5644ca3f83a8dbea1a5d8887d902475edf01b7335040d1a8e20b3e877e9719",
              "strength": 1.0
            },
            "mel_length": 274,
            "runtime": {
              "cuda_arena_shrinkage_after_run": true,
              "cuda_kv_cache_location": "numpy_cpu",
              "cuda_kv_resident_active": false,
              "cuda_kv_resident_requested": true,
              "cuda_memory_pattern_enabled": false,
              "fallback_disabled": true,
              "graph": "/home/terryd/gooning/voicecloning/artifacts/nano_lab/onnx_staged_adapter_aligned_all_attn/vocoder/nano_hift_vocoder.onnx",
              "inputs": [
                "speech_feat",
                "phase_noise",
                "sine_noise"
              ],
              "io_binding_calls": 0,
              "ort_provider": "cuda",
              "ort_version": "1.26.0",
              "outputs": [
                "audio"
              ],
              "profile_requested": false,
              "profiling": {
                "enabled": false,
                "ended": false,
                "profile_path": null,
                "profile_prefix": null
              },
              "provider_metadata": {
                "available": [
                  "TensorrtExecutionProvider",
                  "CUDAExecutionProvider",
                  "CPUExecutionProvider"
                ],
                "cuda_options": {
                  "arena_extend_strategy": "kSameAsRequested",
                  "cudnn_conv_algo_search": "HEURISTIC",
                  "device_id": 0,
                  "do_copy_in_default_stream": true,
                  "gpu_mem_limit": 2147483648,
                  "use_tf32": 0
                },
                "preload_dlls": {
                  "attempted": true,
                  "directory": "",
                  "status": "ok"
                },
                "requested": "cuda"
              },
              "providers": [
                "CUDAExecutionProvider",
                "CPUExecutionProvider"
              ],
              "requested_provider_options": {
                "arena_extend_strategy": "kSameAsRequested",
                "cuda_device_id": 0,
                "cudnn_conv_algo_search": "HEURISTIC",
                "do_copy_in_default_stream": true,
                "gpu_mem_limit_mib": 2048
              },
              "requested_providers": [
                "CUDAExecutionProvider",
                "CPUExecutionProvider"
              ],
              "stage": "vocoder",
              "threads": "bounded by caller; default 1 intra-op and 1 inter-op",
              "verification_only": false
            }
          }
        },
        "stage_seconds": {
          "estimator": 0.1737547610027832,
          "flow": 0.03983976099698339,
          "tokens": 3.683187385002384,
          "vocoder": 1.3874606449971907
        },
        "text": "Did you remember the blue folder? I thought we agreed to meet at half past nine.",
        "voice": "asmr_fitted_experimental",
        "warm_generation_seconds": 5.284273200006282,
        "watermarker_init_seconds": 0.0
      },
      {
        "actual_rss_current_mib": 1795.04,
        "actual_rss_peak_mib": 1795.04,
        "audio_seconds": 6.52,
        "case_id": "asmr_warm_new",
        "cold_generation_seconds": null,
        "cold_or_warm": "warm",
        "finish_result": {
          "audio_samples": 156480,
          "audio_seconds": 6.52,
          "master_processing": {
            "achieved_lufs": -19.000000223824266,
            "gain_db": 9.053117612318992,
            "highpass_hz": 45,
            "noise_gate": false,
            "target_lufs": -19,
            "true_peak_ceiling_dbtp": -1,
            "true_peak_oversampling": 4
          },
          "output": "/home/terryd/gooning/voicecloning/artifacts/nano_lab/onnx_batch_asmr_fitted_fp32/asmr_warm_new.wav",
          "sample_rate": 24000,
          "schema_version": 1,
          "source": "/home/terryd/gooning/voicecloning/artifacts/nano_lab/onnx_batch_asmr_fitted_fp32/cases/002_asmr_warm_new/vocoder/audio.npz",
          "trim_fade": {
            "fade_ms": 20,
            "n_trim": 480
          },
          "watermark": "PerthImplicitWatermarker",
          "watermark_applied": true
        },
        "finish_seconds": 0.322162341006333,
        "full_worker_request_seconds": 6.208935902999656,
        "generation_seconds": 5.885432972994749,
        "output": "/home/terryd/gooning/voicecloning/artifacts/nano_lab/onnx_batch_asmr_fitted_fp32/asmr_warm_new.wav",
        "rss_current_mib": 1795.04,
        "rss_peak_mib": 1795.04,
        "run_dir": "/home/terryd/gooning/voicecloning/artifacts/nano_lab/onnx_batch_asmr_fitted_fp32/cases/002_asmr_warm_new",
        "seed": 47,
        "session_creation_seconds": {
          "flow_encoder": 0.0,
          "meanflow_estimator": 0.0,
          "t3": 0.0,
          "vocoder": 0.0
        },
        "session_creation_total_seconds": 0.0,
        "stage_results": {
          "estimator": {
            "mel_length": 326,
            "prompt_feat_length": 500,
            "runtime": {
              "cuda_arena_shrinkage_after_run": true,
              "cuda_kv_cache_location": "numpy_cpu",
              "cuda_kv_resident_active": false,
              "cuda_kv_resident_requested": true,
              "cuda_memory_pattern_enabled": false,
              "fallback_disabled": true,
              "graph": "/home/terryd/gooning/voicecloning/artifacts/nano_lab/onnx_staged_adapter_aligned_all_attn/meanflow_estimator/nano_meanflow_estimator.onnx",
              "inputs": [
                "x",
                "mask",
                "mu",
                "t",
                "speaker_embedding",
                "cond",
                "r"
              ],
              "io_binding_calls": 0,
              "ort_provider": "cuda",
              "ort_version": "1.26.0",
              "outputs": [
                "dxdt"
              ],
              "profile_requested": false,
              "profiling": {
                "enabled": false,
                "ended": false,
                "profile_path": null,
                "profile_prefix": null
              },
              "provider_metadata": {
                "available": [
                  "TensorrtExecutionProvider",
                  "CUDAExecutionProvider",
                  "CPUExecutionProvider"
                ],
                "cuda_options": {
                  "arena_extend_strategy": "kSameAsRequested",
                  "cudnn_conv_algo_search": "HEURISTIC",
                  "device_id": 0,
                  "do_copy_in_default_stream": true,
                  "gpu_mem_limit": 2147483648,
                  "use_tf32": 0
                },
                "preload_dlls": {
                  "attempted": true,
                  "directory": "",
                  "status": "ok"
                },
                "requested": "cuda"
              },
              "providers": [
                "CUDAExecutionProvider",
                "CPUExecutionProvider"
              ],
              "requested_provider_options": {
                "arena_extend_strategy": "kSameAsRequested",
                "cuda_device_id": 0,
                "cudnn_conv_algo_search": "HEURISTIC",
                "do_copy_in_default_stream": true,
                "gpu_mem_limit_mib": 2048
              },
              "requested_providers": [
                "CUDAExecutionProvider",
                "CPUExecutionProvider"
              ],
              "stage": "meanflow_estimator",
              "threads": "bounded by caller; default 1 intra-op and 1 inter-op",
              "verification_only": false
            },
            "seed": 47,
            "speech_token_count": 163,
            "steps": 2
          },
          "flow": {
            "mel_length": 826,
            "prompt_feat_length": 500,
            "prompt_token_count": 250,
            "runtime": {
              "cuda_arena_shrinkage_after_run": true,
              "cuda_kv_cache_location": "numpy_cpu",
              "cuda_kv_resident_active": false,
              "cuda_kv_resident_requested": true,
              "cuda_memory_pattern_enabled": false,
              "fallback_disabled": true,
              "graph": "/home/terryd/gooning/voicecloning/artifacts/nano_lab/onnx_staged_adapter_aligned_all_attn/flow_encoder/nano_flow_encoder.onnx",
              "inputs": [
                "speech_tokens",
                "token_lengths"
              ],
              "io_binding_calls": 0,
              "ort_provider": "cuda",
              "ort_version": "1.26.0",
              "outputs": [
                "mu",
                "mask"
              ],
              "profile_requested": false,
              "profiling": {
                "enabled": false,
                "ended": false,
                "profile_path": null,
                "profile_prefix": null
              },
              "provider_metadata": {
                "available": [
                  "TensorrtExecutionProvider",
                  "CUDAExecutionProvider",
                  "CPUExecutionProvider"
                ],
                "cuda_options": {
                  "arena_extend_strategy": "kSameAsRequested",
                  "cudnn_conv_algo_search": "HEURISTIC",
                  "device_id": 0,
                  "do_copy_in_default_stream": true,
                  "gpu_mem_limit": 2147483648,
                  "use_tf32": 0
                },
                "preload_dlls": {
                  "attempted": true,
                  "directory": "",
                  "status": "ok"
                },
                "requested": "cuda"
              },
              "providers": [
                "CUDAExecutionProvider",
                "CPUExecutionProvider"
              ],
              "requested_provider_options": {
                "arena_extend_strategy": "kSameAsRequested",
                "cuda_device_id": 0,
                "cudnn_conv_algo_search": "HEURISTIC",
                "do_copy_in_default_stream": true,
                "gpu_mem_limit_mib": 2048
              },
              "requested_providers": [
                "CUDAExecutionProvider",
                "CPUExecutionProvider"
              ],
              "stage": "flow_encoder",
              "threads": "bounded by caller; default 1 intra-op and 1 inter-op",
              "verification_only": false
            },
            "speech_token_count": 163
          },
          "tokens": {
            "eos_seen": true,
            "experimental_t3": true,
            "generated_token_count": 160,
            "length_limit_reached": false,
            "mode": "t3_generated_numpy_sampler",
            "prefill_sequence_length": 358,
            "raw_sampled_token_count": 161,
            "runtime": {
              "cuda_arena_shrinkage_after_run": true,
              "cuda_kv_cache_location": "cuda_ortvalue",
              "cuda_kv_resident_active": true,
              "cuda_kv_resident_requested": true,
              "cuda_memory_pattern_enabled": false,
              "fallback_disabled": true,
              "graph": "/home/terryd/gooning/voicecloning/artifacts/nano_lab/onnx_staged_adapter_aligned_all_attn/t3/nano_t3_kv.onnx",
              "inputs": [
                "inputs_embeds",
                "cache_position",
                "past_0",
                "past_1",
                "past_2",
                "past_3",
                "past_4",
                "past_5",
                "past_6",
                "past_7",
                "past_8",
                "past_9",
                "past_10",
                "past_11",
                "past_12",
                "past_13",
                "past_14",
                "past_15",
                "past_16",
                "past_17",
                "past_18",
                "past_19",
                "past_20",
                "past_21",
                "past_22",
                "past_23"
              ],
              "io_binding_calls": 431,
              "ort_provider": "cuda",
              "ort_version": "1.26.0",
              "outputs": [
                "logits",
                "present_0",
                "present_1",
                "present_2",
                "present_3",
                "present_4",
                "present_5",
                "present_6",
                "present_7",
                "present_8",
                "present_9",
                "present_10",
                "present_11",
                "present_12",
                "present_13",
                "present_14",
                "present_15",
                "present_16",
                "present_17",
                "present_18",
                "present_19",
                "present_20",
                "present_21",
                "present_22",
                "present_23"
              ],
              "profile_requested": false,
              "profiling": {
                "enabled": false,
                "ended": false,
                "profile_path": null,
                "profile_prefix": null
              },
              "provider_metadata": {
                "available": [
                  "TensorrtExecutionProvider",
                  "CUDAExecutionProvider",
                  "CPUExecutionProvider"
                ],
                "cuda_options": {
                  "arena_extend_strategy": "kSameAsRequested",
                  "cudnn_conv_algo_search": "HEURISTIC",
                  "device_id": 0,
                  "do_copy_in_default_stream": true,
                  "gpu_mem_limit": 2147483648,
                  "use_tf32": 0
                },
                "preload_dlls": {
                  "attempted": true,
                  "directory": "",
                  "status": "ok"
                },
                "requested": "cuda"
              },
              "providers": [
                "CUDAExecutionProvider",
                "CPUExecutionProvider"
              ],
              "requested_provider_options": {
                "arena_extend_strategy": "kSameAsRequested",
                "cuda_device_id": 0,
                "cudnn_conv_algo_search": "HEURISTIC",
                "do_copy_in_default_stream": true,
                "gpu_mem_limit_mib": 2048
              },
              "requested_providers": [
                "CUDAExecutionProvider",
                "CPUExecutionProvider"
              ],
              "stage": "t3",
              "threads": "bounded by caller; default 1 intra-op and 1 inter-op",
              "verification_only": false
            },
            "speech_token_count_with_silence": 163,
            "t3_used": true
          },
          "vocoder": {
            "audio_samples": 156480,
            "audio_seconds": 6.52,
            "mel_calibration": {
              "applied": true,
              "delta_path": "/home/terryd/gooning/voicecloning/artifacts/nano_lab/mel_calibration_asmr/delta.npy",
              "delta_sha256": "f2fe4c931a6d2d68e8a7be9775761c6e1911dd9740c9f3715861debc99637e83",
              "enabled": true,
              "report": "/home/terryd/gooning/voicecloning/artifacts/nano_lab/mel_calibration_asmr/report.json",
              "report_sha256": "df5644ca3f83a8dbea1a5d8887d902475edf01b7335040d1a8e20b3e877e9719",
              "strength": 1.0
            },
            "mel_length": 326,
            "runtime": {
              "cuda_arena_shrinkage_after_run": true,
              "cuda_kv_cache_location": "numpy_cpu",
              "cuda_kv_resident_active": false,
              "cuda_kv_resident_requested": true,
              "cuda_memory_pattern_enabled": false,
              "fallback_disabled": true,
              "graph": "/home/terryd/gooning/voicecloning/artifacts/nano_lab/onnx_staged_adapter_aligned_all_attn/vocoder/nano_hift_vocoder.onnx",
              "inputs": [
                "speech_feat",
                "phase_noise",
                "sine_noise"
              ],
              "io_binding_calls": 0,
              "ort_provider": "cuda",
              "ort_version": "1.26.0",
              "outputs": [
                "audio"
              ],
              "profile_requested": false,
              "profiling": {
                "enabled": false,
                "ended": false,
                "profile_path": null,
                "profile_prefix": null
              },
              "provider_metadata": {
                "available": [
                  "TensorrtExecutionProvider",
                  "CUDAExecutionProvider",
                  "CPUExecutionProvider"
                ],
                "cuda_options": {
                  "arena_extend_strategy": "kSameAsRequested",
                  "cudnn_conv_algo_search": "HEURISTIC",
                  "device_id": 0,
                  "do_copy_in_default_stream": true,
                  "gpu_mem_limit": 2147483648,
                  "use_tf32": 0
                },
                "preload_dlls": {
                  "attempted": true,
                  "directory": "",
                  "status": "ok"
                },
                "requested": "cuda"
              },
              "providers": [
                "CUDAExecutionProvider",
                "CPUExecutionProvider"
              ],
              "requested_provider_options": {
                "arena_extend_strategy": "kSameAsRequested",
                "cuda_device_id": 0,
                "cudnn_conv_algo_search": "HEURISTIC",
                "do_copy_in_default_stream": true,
                "gpu_mem_limit_mib": 2048
              },
              "requested_providers": [
                "CUDAExecutionProvider",
                "CPUExecutionProvider"
              ],
              "stage": "vocoder",
              "threads": "bounded by caller; default 1 intra-op and 1 inter-op",
              "verification_only": false
            }
          }
        },
        "stage_seconds": {
          "estimator": 0.4409929829998873,
          "flow": 0.05956746199808549,
          "tokens": 4.115136291999079,
          "vocoder": 1.2697083279999788
        },
        "text": "The last train had already left when I reached the station. A small light was still on above the ticket office.",
        "voice": "asmr_fitted_experimental",
        "warm_generation_seconds": 5.885432972994749,
        "watermarker_init_seconds": 0.0
      }
    ],
    "elapsed_seconds": 43.99430783499702,
    "finish_in_worker": true,
    "gpu_arena": {
      "note": "Each ORT session has its own arena; summed limits can add. This is not a total GPU allocation guarantee.",
      "per_session_limit_mib": 2048,
      "reference_device_budget_mib": 8192,
      "session_count": 4,
      "theoretical_sum_mib": 8192
    },
    "ort_profile": false,
    "ort_provider": "cuda",
    "rss_current_mib": 1795.1,
    "rss_peak_mib": 1795.1,
    "rss_sample_interval_seconds": 0.05,
    "schema_version": 1,
    "sessions_created": {
      "flow_encoder": {
        "case_index": 0,
        "provider": "cuda",
        "seconds": 1.2786278359999415,
        "stage": "flow_encoder"
      },
      "meanflow_estimator": {
        "case_index": 0,
        "provider": "cuda",
        "seconds": 6.730212686998129,
        "stage": "meanflow_estimator"
      },
      "t3": {
        "case_index": 0,
        "provider": "cuda",
        "seconds": 4.721202455999446,
        "stage": "t3"
      },
      "vocoder": {
        "case_index": 0,
        "provider": "cuda",
        "seconds": 1.045915105001768,
        "stage": "vocoder"
      }
    },
    "stages_retained": [
      "t3",
      "flow_encoder",
      "meanflow_estimator",
      "vocoder"
    ],
    "status": "ok",
    "torch_imported": true,
    "watermarker_init_seconds": 6.492250263996539,
    "worker_pid": 401597
  },
  "worker_seconds": 46.62300317500194
}
          Finished with result: success
Main processes terminated with: code=exited, status=0/SUCCESS
               Service runtime: 1min 545ms
             CPU time consumed: 1min 1.614s
                   Memory peak: 2.3G (swap: 0B)
