MemoryMax=3072MiB, MemoryHigh=2500MiB, no swap, 2 CPU cores, one job; desktop reserve=4GiB
Running as unit: nano-lab-model.service
{
  "batch_dir": "/home/terryd/gooning/voicecloning/artifacts/nano_lab/onnx_batch_harvey_fitted_cached",
  "batch_source_sha256": "ad3a9cb77e3c1ed7db70d038aeb0c5d70922d16a12b40b1b2497abd720e0cf2b",
  "case_count": 3,
  "cases": [
    {
      "actual_rss_current_mib": 1776.63,
      "actual_rss_peak_mib": 1776.63,
      "audio_seconds": 6.54,
      "case_id": "harvey_cold",
      "cold_generation_seconds": 18.844967000994075,
      "cold_or_warm": "cold",
      "finish_result": {
        "audio_samples": 156960,
        "audio_seconds": 6.54,
        "master_processing": {
          "achieved_lufs": -21.777760282630826,
          "gain_db": 0.6376901145680713,
          "highpass_hz": 45,
          "noise_gate": false,
          "target_lufs": -19,
          "true_peak_ceiling_dbtp": -1,
          "true_peak_oversampling": 4
        },
        "output": "/home/terryd/gooning/voicecloning/artifacts/nano_lab/onnx_batch_harvey_fitted_cached/harvey_cold.wav",
        "sample_rate": 24000,
        "schema_version": 1,
        "source": "/home/terryd/gooning/voicecloning/artifacts/nano_lab/onnx_batch_harvey_fitted_cached/cases/000_harvey_cold/vocoder/audio.npz",
        "trim_fade": {
          "fade_ms": 20,
          "n_trim": 480
        },
        "watermark": "PerthImplicitWatermarker",
        "watermark_applied": true
      },
      "finish_seconds": 0.8804005909987609,
      "full_worker_request_seconds": 25.865932000997418,
      "generation_seconds": 18.844967000994075,
      "output": "/home/terryd/gooning/voicecloning/artifacts/nano_lab/onnx_batch_harvey_fitted_cached/harvey_cold.wav",
      "prepare_rss_peak_mib": 264.39,
      "prepare_seconds": 4.579793647993938,
      "rss_current_mib": 1776.63,
      "rss_peak_mib": 1776.63,
      "run_dir": "/home/terryd/gooning/voicecloning/artifacts/nano_lab/onnx_batch_harvey_fitted_cached/cases/000_harvey_cold",
      "seed": 31,
      "session_creation_seconds": {
        "flow_encoder": 1.0006081559986342,
        "meanflow_estimator": 5.690068697993411,
        "t3": 4.238002238002082,
        "vocoder": 0.7827626680009416
      },
      "session_creation_total_seconds": 11.711441759995068,
      "stage_results": {
        "estimator": {
          "mel_length": 327,
          "prompt_feat_length": 355,
          "runtime": {
            "cuda_arena_shrinkage_after_run": true,
            "cuda_kv_cache_location": "numpy_cpu",
            "cuda_kv_resident_active": false,
            "cuda_kv_resident_requested": true,
            "cuda_memory_pattern_enabled": false,
            "fallback_disabled": true,
            "graph": "/home/terryd/gooning/voicecloning/artifacts/nano_lab/onnx_staged_adapter_harvey_rank2/meanflow_estimator/nano_meanflow_estimator.onnx",
            "inputs": [
              "x",
              "mask",
              "mu",
              "t",
              "speaker_embedding",
              "cond",
              "r"
            ],
            "io_binding_calls": 0,
            "ort_provider": "cuda",
            "ort_version": "1.26.0",
            "outputs": [
              "dxdt"
            ],
            "profile_requested": false,
            "profiling": {
              "enabled": false,
              "ended": false,
              "profile_path": null,
              "profile_prefix": null
            },
            "provider_metadata": {
              "available": [
                "TensorrtExecutionProvider",
                "CUDAExecutionProvider",
                "CPUExecutionProvider"
              ],
              "cuda_options": {
                "arena_extend_strategy": "kSameAsRequested",
                "cudnn_conv_algo_search": "HEURISTIC",
                "device_id": 0,
                "do_copy_in_default_stream": true,
                "gpu_mem_limit": 2147483648,
                "use_tf32": 0
              },
              "preload_dlls": {
                "attempted": true,
                "directory": "",
                "status": "ok"
              },
              "requested": "cuda"
            },
            "providers": [
              "CUDAExecutionProvider",
              "CPUExecutionProvider"
            ],
            "requested_provider_options": {
              "arena_extend_strategy": "kSameAsRequested",
              "cuda_device_id": 0,
              "cudnn_conv_algo_search": "HEURISTIC",
              "do_copy_in_default_stream": true,
              "gpu_mem_limit_mib": 2048
            },
            "requested_providers": [
              "CUDAExecutionProvider",
              "CPUExecutionProvider"
            ],
            "stage": "meanflow_estimator",
            "threads": "bounded by caller; default 1 intra-op and 1 inter-op",
            "verification_only": false
          },
          "seed": 31,
          "speech_token_count": 164,
          "steps": 2
        },
        "flow": {
          "mel_length": 682,
          "prompt_feat_length": 355,
          "prompt_token_count": 177,
          "runtime": {
            "cuda_arena_shrinkage_after_run": true,
            "cuda_kv_cache_location": "numpy_cpu",
            "cuda_kv_resident_active": false,
            "cuda_kv_resident_requested": true,
            "cuda_memory_pattern_enabled": false,
            "fallback_disabled": true,
            "graph": "/home/terryd/gooning/voicecloning/artifacts/nano_lab/onnx_staged_adapter_harvey_rank2/flow_encoder/nano_flow_encoder.onnx",
            "inputs": [
              "speech_tokens",
              "token_lengths"
            ],
            "io_binding_calls": 0,
            "ort_provider": "cuda",
            "ort_version": "1.26.0",
            "outputs": [
              "mu",
              "mask"
            ],
            "profile_requested": false,
            "profiling": {
              "enabled": false,
              "ended": false,
              "profile_path": null,
              "profile_prefix": null
            },
            "provider_metadata": {
              "available": [
                "TensorrtExecutionProvider",
                "CUDAExecutionProvider",
                "CPUExecutionProvider"
              ],
              "cuda_options": {
                "arena_extend_strategy": "kSameAsRequested",
                "cudnn_conv_algo_search": "HEURISTIC",
                "device_id": 0,
                "do_copy_in_default_stream": true,
                "gpu_mem_limit": 2147483648,
                "use_tf32": 0
              },
              "preload_dlls": {
                "attempted": true,
                "directory": "",
                "status": "ok"
              },
              "requested": "cuda"
            },
            "providers": [
              "CUDAExecutionProvider",
              "CPUExecutionProvider"
            ],
            "requested_provider_options": {
              "arena_extend_strategy": "kSameAsRequested",
              "cuda_device_id": 0,
              "cudnn_conv_algo_search": "HEURISTIC",
              "do_copy_in_default_stream": true,
              "gpu_mem_limit_mib": 2048
            },
            "requested_providers": [
              "CUDAExecutionProvider",
              "CPUExecutionProvider"
            ],
            "stage": "flow_encoder",
            "threads": "bounded by caller; default 1 intra-op and 1 inter-op",
            "verification_only": false
          },
          "speech_token_count": 164
        },
        "tokens": {
          "eos_seen": true,
          "experimental_t3": true,
          "generated_token_count": 161,
          "length_limit_reached": false,
          "mode": "t3_generated_numpy_sampler",
          "prefill_sequence_length": 203,
          "raw_sampled_token_count": 162,
          "runtime": {
            "cuda_arena_shrinkage_after_run": true,
            "cuda_kv_cache_location": "cuda_ortvalue",
            "cuda_kv_resident_active": true,
            "cuda_kv_resident_requested": true,
            "cuda_memory_pattern_enabled": false,
            "fallback_disabled": true,
            "graph": "/home/terryd/gooning/voicecloning/artifacts/nano_lab/onnx_staged_adapter_harvey_rank2/t3/nano_t3_kv.onnx",
            "inputs": [
              "inputs_embeds",
              "cache_position",
              "past_0",
              "past_1",
              "past_2",
              "past_3",
              "past_4",
              "past_5",
              "past_6",
              "past_7",
              "past_8",
              "past_9",
              "past_10",
              "past_11",
              "past_12",
              "past_13",
              "past_14",
              "past_15",
              "past_16",
              "past_17",
              "past_18",
              "past_19",
              "past_20",
              "past_21",
              "past_22",
              "past_23"
            ],
            "io_binding_calls": 162,
            "ort_provider": "cuda",
            "ort_version": "1.26.0",
            "outputs": [
              "logits",
              "present_0",
              "present_1",
              "present_2",
              "present_3",
              "present_4",
              "present_5",
              "present_6",
              "present_7",
              "present_8",
              "present_9",
              "present_10",
              "present_11",
              "present_12",
              "present_13",
              "present_14",
              "present_15",
              "present_16",
              "present_17",
              "present_18",
              "present_19",
              "present_20",
              "present_21",
              "present_22",
              "present_23"
            ],
            "profile_requested": false,
            "profiling": {
              "enabled": false,
              "ended": false,
              "profile_path": null,
              "profile_prefix": null
            },
            "provider_metadata": {
              "available": [
                "TensorrtExecutionProvider",
                "CUDAExecutionProvider",
                "CPUExecutionProvider"
              ],
              "cuda_options": {
                "arena_extend_strategy": "kSameAsRequested",
                "cudnn_conv_algo_search": "HEURISTIC",
                "device_id": 0,
                "do_copy_in_default_stream": true,
                "gpu_mem_limit": 2147483648,
                "use_tf32": 0
              },
              "preload_dlls": {
                "attempted": true,
                "directory": "",
                "status": "ok"
              },
              "requested": "cuda"
            },
            "providers": [
              "CUDAExecutionProvider",
              "CPUExecutionProvider"
            ],
            "requested_provider_options": {
              "arena_extend_strategy": "kSameAsRequested",
              "cuda_device_id": 0,
              "cudnn_conv_algo_search": "HEURISTIC",
              "do_copy_in_default_stream": true,
              "gpu_mem_limit_mib": 2048
            },
            "requested_providers": [
              "CUDAExecutionProvider",
              "CPUExecutionProvider"
            ],
            "stage": "t3",
            "threads": "bounded by caller; default 1 intra-op and 1 inter-op",
            "verification_only": false
          },
          "speech_token_count_with_silence": 164,
          "t3_used": true
        },
        "vocoder": {
          "audio_samples": 156960,
          "audio_seconds": 6.54,
          "mel_calibration": {
            "applied": false,
            "delta_sha256": null,
            "enabled": false,
            "report": null,
            "report_sha256": null,
            "strength": 0.0
          },
          "mel_length": 327,
          "runtime": {
            "cuda_arena_shrinkage_after_run": true,
            "cuda_kv_cache_location": "numpy_cpu",
            "cuda_kv_resident_active": false,
            "cuda_kv_resident_requested": true,
            "cuda_memory_pattern_enabled": false,
            "fallback_disabled": true,
            "graph": "/home/terryd/gooning/voicecloning/artifacts/nano_lab/onnx_staged_adapter_harvey_rank2/vocoder/nano_hift_vocoder.onnx",
            "inputs": [
              "speech_feat",
              "phase_noise",
              "sine_noise"
            ],
            "io_binding_calls": 0,
            "ort_provider": "cuda",
            "ort_version": "1.26.0",
            "outputs": [
              "audio"
            ],
            "profile_requested": false,
            "profiling": {
              "enabled": false,
              "ended": false,
              "profile_path": null,
              "profile_prefix": null
            },
            "provider_metadata": {
              "available": [
                "TensorrtExecutionProvider",
                "CUDAExecutionProvider",
                "CPUExecutionProvider"
              ],
              "cuda_options": {
                "arena_extend_strategy": "kSameAsRequested",
                "cudnn_conv_algo_search": "HEURISTIC",
                "device_id": 0,
                "do_copy_in_default_stream": true,
                "gpu_mem_limit": 2147483648,
                "use_tf32": 0
              },
              "preload_dlls": {
                "attempted": true,
                "directory": "",
                "status": "ok"
              },
              "requested": "cuda"
            },
            "providers": [
              "CUDAExecutionProvider",
              "CPUExecutionProvider"
            ],
            "requested_provider_options": {
              "arena_extend_strategy": "kSameAsRequested",
              "cuda_device_id": 0,
              "cudnn_conv_algo_search": "HEURISTIC",
              "do_copy_in_default_stream": true,
              "gpu_mem_limit_mib": 2048
            },
            "requested_providers": [
              "CUDAExecutionProvider",
              "CPUExecutionProvider"
            ],
            "stage": "vocoder",
            "threads": "bounded by caller; default 1 intra-op and 1 inter-op",
            "verification_only": false
          }
        }
      },
      "stage_seconds": {
        "estimator": 6.005291836001561,
        "flow": 1.4096162249988993,
        "tokens": 10.110595527999976,
        "vocoder": 1.3194282300028135
      },
      "text": "We have a clear plan. Check the details, prepare your next move, and walk into that meeting with confidence.",
      "voice": "harvey_fitted_experimental",
      "warm_generation_seconds": null,
      "watermarker_init_seconds": 6.139638114000263
    },
    {
      "actual_rss_current_mib": 1786.59,
      "actual_rss_peak_mib": 1790.72,
      "audio_seconds": 6.54,
      "case_id": "harvey_warm_repeat",
      "cold_generation_seconds": null,
      "cold_or_warm": "warm",
      "finish_result": {
        "audio_samples": 156960,
        "audio_seconds": 6.54,
        "master_processing": {
          "achieved_lufs": -21.777764101749792,
          "gain_db": 0.6376863637148178,
          "highpass_hz": 45,
          "noise_gate": false,
          "target_lufs": -19,
          "true_peak_ceiling_dbtp": -1,
          "true_peak_oversampling": 4
        },
        "output": "/home/terryd/gooning/voicecloning/artifacts/nano_lab/onnx_batch_harvey_fitted_cached/harvey_warm_repeat.wav",
        "sample_rate": 24000,
        "schema_version": 1,
        "source": "/home/terryd/gooning/voicecloning/artifacts/nano_lab/onnx_batch_harvey_fitted_cached/cases/001_harvey_warm_repeat/vocoder/audio.npz",
        "trim_fade": {
          "fade_ms": 20,
          "n_trim": 480
        },
        "watermark": "PerthImplicitWatermarker",
        "watermark_applied": true
      },
      "finish_seconds": 0.3303407359999255,
      "full_worker_request_seconds": 3.157398519004346,
      "generation_seconds": 2.8261324139966746,
      "output": "/home/terryd/gooning/voicecloning/artifacts/nano_lab/onnx_batch_harvey_fitted_cached/harvey_warm_repeat.wav",
      "prepare_rss_peak_mib": 264.36,
      "prepare_seconds": 4.580408870999236,
      "rss_current_mib": 1786.59,
      "rss_peak_mib": 1790.72,
      "run_dir": "/home/terryd/gooning/voicecloning/artifacts/nano_lab/onnx_batch_harvey_fitted_cached/cases/001_harvey_warm_repeat",
      "seed": 31,
      "session_creation_seconds": {
        "flow_encoder": 0.0,
        "meanflow_estimator": 0.0,
        "t3": 0.0,
        "vocoder": 0.0
      },
      "session_creation_total_seconds": 0.0,
      "stage_results": {
        "estimator": {
          "mel_length": 327,
          "prompt_feat_length": 355,
          "runtime": {
            "cuda_arena_shrinkage_after_run": true,
            "cuda_kv_cache_location": "numpy_cpu",
            "cuda_kv_resident_active": false,
            "cuda_kv_resident_requested": true,
            "cuda_memory_pattern_enabled": false,
            "fallback_disabled": true,
            "graph": "/home/terryd/gooning/voicecloning/artifacts/nano_lab/onnx_staged_adapter_harvey_rank2/meanflow_estimator/nano_meanflow_estimator.onnx",
            "inputs": [
              "x",
              "mask",
              "mu",
              "t",
              "speaker_embedding",
              "cond",
              "r"
            ],
            "io_binding_calls": 0,
            "ort_provider": "cuda",
            "ort_version": "1.26.0",
            "outputs": [
              "dxdt"
            ],
            "profile_requested": false,
            "profiling": {
              "enabled": false,
              "ended": false,
              "profile_path": null,
              "profile_prefix": null
            },
            "provider_metadata": {
              "available": [
                "TensorrtExecutionProvider",
                "CUDAExecutionProvider",
                "CPUExecutionProvider"
              ],
              "cuda_options": {
                "arena_extend_strategy": "kSameAsRequested",
                "cudnn_conv_algo_search": "HEURISTIC",
                "device_id": 0,
                "do_copy_in_default_stream": true,
                "gpu_mem_limit": 2147483648,
                "use_tf32": 0
              },
              "preload_dlls": {
                "attempted": true,
                "directory": "",
                "status": "ok"
              },
              "requested": "cuda"
            },
            "providers": [
              "CUDAExecutionProvider",
              "CPUExecutionProvider"
            ],
            "requested_provider_options": {
              "arena_extend_strategy": "kSameAsRequested",
              "cuda_device_id": 0,
              "cudnn_conv_algo_search": "HEURISTIC",
              "do_copy_in_default_stream": true,
              "gpu_mem_limit_mib": 2048
            },
            "requested_providers": [
              "CUDAExecutionProvider",
              "CPUExecutionProvider"
            ],
            "stage": "meanflow_estimator",
            "threads": "bounded by caller; default 1 intra-op and 1 inter-op",
            "verification_only": false
          },
          "seed": 31,
          "speech_token_count": 164,
          "steps": 2
        },
        "flow": {
          "mel_length": 682,
          "prompt_feat_length": 355,
          "prompt_token_count": 177,
          "runtime": {
            "cuda_arena_shrinkage_after_run": true,
            "cuda_kv_cache_location": "numpy_cpu",
            "cuda_kv_resident_active": false,
            "cuda_kv_resident_requested": true,
            "cuda_memory_pattern_enabled": false,
            "fallback_disabled": true,
            "graph": "/home/terryd/gooning/voicecloning/artifacts/nano_lab/onnx_staged_adapter_harvey_rank2/flow_encoder/nano_flow_encoder.onnx",
            "inputs": [
              "speech_tokens",
              "token_lengths"
            ],
            "io_binding_calls": 0,
            "ort_provider": "cuda",
            "ort_version": "1.26.0",
            "outputs": [
              "mu",
              "mask"
            ],
            "profile_requested": false,
            "profiling": {
              "enabled": false,
              "ended": false,
              "profile_path": null,
              "profile_prefix": null
            },
            "provider_metadata": {
              "available": [
                "TensorrtExecutionProvider",
                "CUDAExecutionProvider",
                "CPUExecutionProvider"
              ],
              "cuda_options": {
                "arena_extend_strategy": "kSameAsRequested",
                "cudnn_conv_algo_search": "HEURISTIC",
                "device_id": 0,
                "do_copy_in_default_stream": true,
                "gpu_mem_limit": 2147483648,
                "use_tf32": 0
              },
              "preload_dlls": {
                "attempted": true,
                "directory": "",
                "status": "ok"
              },
              "requested": "cuda"
            },
            "providers": [
              "CUDAExecutionProvider",
              "CPUExecutionProvider"
            ],
            "requested_provider_options": {
              "arena_extend_strategy": "kSameAsRequested",
              "cuda_device_id": 0,
              "cudnn_conv_algo_search": "HEURISTIC",
              "do_copy_in_default_stream": true,
              "gpu_mem_limit_mib": 2048
            },
            "requested_providers": [
              "CUDAExecutionProvider",
              "CPUExecutionProvider"
            ],
            "stage": "flow_encoder",
            "threads": "bounded by caller; default 1 intra-op and 1 inter-op",
            "verification_only": false
          },
          "speech_token_count": 164
        },
        "tokens": {
          "eos_seen": true,
          "experimental_t3": true,
          "generated_token_count": 161,
          "length_limit_reached": false,
          "mode": "t3_generated_numpy_sampler",
          "prefill_sequence_length": 203,
          "raw_sampled_token_count": 162,
          "runtime": {
            "cuda_arena_shrinkage_after_run": true,
            "cuda_kv_cache_location": "cuda_ortvalue",
            "cuda_kv_resident_active": true,
            "cuda_kv_resident_requested": true,
            "cuda_memory_pattern_enabled": false,
            "fallback_disabled": true,
            "graph": "/home/terryd/gooning/voicecloning/artifacts/nano_lab/onnx_staged_adapter_harvey_rank2/t3/nano_t3_kv.onnx",
            "inputs": [
              "inputs_embeds",
              "cache_position",
              "past_0",
              "past_1",
              "past_2",
              "past_3",
              "past_4",
              "past_5",
              "past_6",
              "past_7",
              "past_8",
              "past_9",
              "past_10",
              "past_11",
              "past_12",
              "past_13",
              "past_14",
              "past_15",
              "past_16",
              "past_17",
              "past_18",
              "past_19",
              "past_20",
              "past_21",
              "past_22",
              "past_23"
            ],
            "io_binding_calls": 324,
            "ort_provider": "cuda",
            "ort_version": "1.26.0",
            "outputs": [
              "logits",
              "present_0",
              "present_1",
              "present_2",
              "present_3",
              "present_4",
              "present_5",
              "present_6",
              "present_7",
              "present_8",
              "present_9",
              "present_10",
              "present_11",
              "present_12",
              "present_13",
              "present_14",
              "present_15",
              "present_16",
              "present_17",
              "present_18",
              "present_19",
              "present_20",
              "present_21",
              "present_22",
              "present_23"
            ],
            "profile_requested": false,
            "profiling": {
              "enabled": false,
              "ended": false,
              "profile_path": null,
              "profile_prefix": null
            },
            "provider_metadata": {
              "available": [
                "TensorrtExecutionProvider",
                "CUDAExecutionProvider",
                "CPUExecutionProvider"
              ],
              "cuda_options": {
                "arena_extend_strategy": "kSameAsRequested",
                "cudnn_conv_algo_search": "HEURISTIC",
                "device_id": 0,
                "do_copy_in_default_stream": true,
                "gpu_mem_limit": 2147483648,
                "use_tf32": 0
              },
              "preload_dlls": {
                "attempted": true,
                "directory": "",
                "status": "ok"
              },
              "requested": "cuda"
            },
            "providers": [
              "CUDAExecutionProvider",
              "CPUExecutionProvider"
            ],
            "requested_provider_options": {
              "arena_extend_strategy": "kSameAsRequested",
              "cuda_device_id": 0,
              "cudnn_conv_algo_search": "HEURISTIC",
              "do_copy_in_default_stream": true,
              "gpu_mem_limit_mib": 2048
            },
            "requested_providers": [
              "CUDAExecutionProvider",
              "CPUExecutionProvider"
            ],
            "stage": "t3",
            "threads": "bounded by caller; default 1 intra-op and 1 inter-op",
            "verification_only": false
          },
          "speech_token_count_with_silence": 164,
          "t3_used": true
        },
        "vocoder": {
          "audio_samples": 156960,
          "audio_seconds": 6.54,
          "mel_calibration": {
            "applied": false,
            "delta_sha256": null,
            "enabled": false,
            "report": null,
            "report_sha256": null,
            "strength": 0.0
          },
          "mel_length": 327,
          "runtime": {
            "cuda_arena_shrinkage_after_run": true,
            "cuda_kv_cache_location": "numpy_cpu",
            "cuda_kv_resident_active": false,
            "cuda_kv_resident_requested": true,
            "cuda_memory_pattern_enabled": false,
            "fallback_disabled": true,
            "graph": "/home/terryd/gooning/voicecloning/artifacts/nano_lab/onnx_staged_adapter_harvey_rank2/vocoder/nano_hift_vocoder.onnx",
            "inputs": [
              "speech_feat",
              "phase_noise",
              "sine_noise"
            ],
            "io_binding_calls": 0,
            "ort_provider": "cuda",
            "ort_version": "1.26.0",
            "outputs": [
              "audio"
            ],
            "profile_requested": false,
            "profiling": {
              "enabled": false,
              "ended": false,
              "profile_path": null,
              "profile_prefix": null
            },
            "provider_metadata": {
              "available": [
                "TensorrtExecutionProvider",
                "CUDAExecutionProvider",
                "CPUExecutionProvider"
              ],
              "cuda_options": {
                "arena_extend_strategy": "kSameAsRequested",
                "cudnn_conv_algo_search": "HEURISTIC",
                "device_id": 0,
                "do_copy_in_default_stream": true,
                "gpu_mem_limit": 2147483648,
                "use_tf32": 0
              },
              "preload_dlls": {
                "attempted": true,
                "directory": "",
                "status": "ok"
              },
              "requested": "cuda"
            },
            "providers": [
              "CUDAExecutionProvider",
              "CPUExecutionProvider"
            ],
            "requested_provider_options": {
              "arena_extend_strategy": "kSameAsRequested",
              "cuda_device_id": 0,
              "cudnn_conv_algo_search": "HEURISTIC",
              "do_copy_in_default_stream": true,
              "gpu_mem_limit_mib": 2048
            },
            "requested_providers": [
              "CUDAExecutionProvider",
              "CPUExecutionProvider"
            ],
            "stage": "vocoder",
            "threads": "bounded by caller; default 1 intra-op and 1 inter-op",
            "verification_only": false
          }
        }
      },
      "stage_seconds": {
        "estimator": 0.1933328140003141,
        "flow": 0.03379514999687672,
        "tokens": 2.3430239989975234,
        "vocoder": 0.2559530210055527
      },
      "text": "We have a clear plan. Check the details, prepare your next move, and walk into that meeting with confidence.",
      "voice": "harvey_fitted_experimental",
      "warm_generation_seconds": 2.8261324139966746,
      "watermarker_init_seconds": 0.0
    },
    {
      "actual_rss_current_mib": 1789.97,
      "actual_rss_peak_mib": 1796.68,
      "audio_seconds": 4.1,
      "case_id": "harvey_warm_new",
      "cold_generation_seconds": null,
      "cold_or_warm": "warm",
      "finish_result": {
        "audio_samples": 98400,
        "audio_seconds": 4.1,
        "master_processing": {
          "achieved_lufs": -19.416895620992815,
          "gain_db": 3.1368176425614918,
          "highpass_hz": 45,
          "noise_gate": false,
          "target_lufs": -19,
          "true_peak_ceiling_dbtp": -1,
          "true_peak_oversampling": 4
        },
        "output": "/home/terryd/gooning/voicecloning/artifacts/nano_lab/onnx_batch_harvey_fitted_cached/harvey_warm_new.wav",
        "sample_rate": 24000,
        "schema_version": 1,
        "source": "/home/terryd/gooning/voicecloning/artifacts/nano_lab/onnx_batch_harvey_fitted_cached/cases/002_harvey_warm_new/vocoder/audio.npz",
        "trim_fade": {
          "fade_ms": 20,
          "n_trim": 480
        },
        "watermark": "PerthImplicitWatermarker",
        "watermark_applied": true
      },
      "finish_seconds": 0.13168631799635477,
      "full_worker_request_seconds": 2.707963947999815,
      "generation_seconds": 2.575478115999431,
      "output": "/home/terryd/gooning/voicecloning/artifacts/nano_lab/onnx_batch_harvey_fitted_cached/harvey_warm_new.wav",
      "prepare_rss_peak_mib": 264.43,
      "prepare_seconds": 3.9634770409975317,
      "rss_current_mib": 1789.97,
      "rss_peak_mib": 1796.68,
      "run_dir": "/home/terryd/gooning/voicecloning/artifacts/nano_lab/onnx_batch_harvey_fitted_cached/cases/002_harvey_warm_new",
      "seed": 47,
      "session_creation_seconds": {
        "flow_encoder": 0.0,
        "meanflow_estimator": 0.0,
        "t3": 0.0,
        "vocoder": 0.0
      },
      "session_creation_total_seconds": 0.0,
      "stage_results": {
        "estimator": {
          "mel_length": 205,
          "prompt_feat_length": 355,
          "runtime": {
            "cuda_arena_shrinkage_after_run": true,
            "cuda_kv_cache_location": "numpy_cpu",
            "cuda_kv_resident_active": false,
            "cuda_kv_resident_requested": true,
            "cuda_memory_pattern_enabled": false,
            "fallback_disabled": true,
            "graph": "/home/terryd/gooning/voicecloning/artifacts/nano_lab/onnx_staged_adapter_harvey_rank2/meanflow_estimator/nano_meanflow_estimator.onnx",
            "inputs": [
              "x",
              "mask",
              "mu",
              "t",
              "speaker_embedding",
              "cond",
              "r"
            ],
            "io_binding_calls": 0,
            "ort_provider": "cuda",
            "ort_version": "1.26.0",
            "outputs": [
              "dxdt"
            ],
            "profile_requested": false,
            "profiling": {
              "enabled": false,
              "ended": false,
              "profile_path": null,
              "profile_prefix": null
            },
            "provider_metadata": {
              "available": [
                "TensorrtExecutionProvider",
                "CUDAExecutionProvider",
                "CPUExecutionProvider"
              ],
              "cuda_options": {
                "arena_extend_strategy": "kSameAsRequested",
                "cudnn_conv_algo_search": "HEURISTIC",
                "device_id": 0,
                "do_copy_in_default_stream": true,
                "gpu_mem_limit": 2147483648,
                "use_tf32": 0
              },
              "preload_dlls": {
                "attempted": true,
                "directory": "",
                "status": "ok"
              },
              "requested": "cuda"
            },
            "providers": [
              "CUDAExecutionProvider",
              "CPUExecutionProvider"
            ],
            "requested_provider_options": {
              "arena_extend_strategy": "kSameAsRequested",
              "cuda_device_id": 0,
              "cudnn_conv_algo_search": "HEURISTIC",
              "do_copy_in_default_stream": true,
              "gpu_mem_limit_mib": 2048
            },
            "requested_providers": [
              "CUDAExecutionProvider",
              "CPUExecutionProvider"
            ],
            "stage": "meanflow_estimator",
            "threads": "bounded by caller; default 1 intra-op and 1 inter-op",
            "verification_only": false
          },
          "seed": 47,
          "speech_token_count": 103,
          "steps": 2
        },
        "flow": {
          "mel_length": 560,
          "prompt_feat_length": 355,
          "prompt_token_count": 177,
          "runtime": {
            "cuda_arena_shrinkage_after_run": true,
            "cuda_kv_cache_location": "numpy_cpu",
            "cuda_kv_resident_active": false,
            "cuda_kv_resident_requested": true,
            "cuda_memory_pattern_enabled": false,
            "fallback_disabled": true,
            "graph": "/home/terryd/gooning/voicecloning/artifacts/nano_lab/onnx_staged_adapter_harvey_rank2/flow_encoder/nano_flow_encoder.onnx",
            "inputs": [
              "speech_tokens",
              "token_lengths"
            ],
            "io_binding_calls": 0,
            "ort_provider": "cuda",
            "ort_version": "1.26.0",
            "outputs": [
              "mu",
              "mask"
            ],
            "profile_requested": false,
            "profiling": {
              "enabled": false,
              "ended": false,
              "profile_path": null,
              "profile_prefix": null
            },
            "provider_metadata": {
              "available": [
                "TensorrtExecutionProvider",
                "CUDAExecutionProvider",
                "CPUExecutionProvider"
              ],
              "cuda_options": {
                "arena_extend_strategy": "kSameAsRequested",
                "cudnn_conv_algo_search": "HEURISTIC",
                "device_id": 0,
                "do_copy_in_default_stream": true,
                "gpu_mem_limit": 2147483648,
                "use_tf32": 0
              },
              "preload_dlls": {
                "attempted": true,
                "directory": "",
                "status": "ok"
              },
              "requested": "cuda"
            },
            "providers": [
              "CUDAExecutionProvider",
              "CPUExecutionProvider"
            ],
            "requested_provider_options": {
              "arena_extend_strategy": "kSameAsRequested",
              "cuda_device_id": 0,
              "cudnn_conv_algo_search": "HEURISTIC",
              "do_copy_in_default_stream": true,
              "gpu_mem_limit_mib": 2048
            },
            "requested_providers": [
              "CUDAExecutionProvider",
              "CPUExecutionProvider"
            ],
            "stage": "flow_encoder",
            "threads": "bounded by caller; default 1 intra-op and 1 inter-op",
            "verification_only": false
          },
          "speech_token_count": 103
        },
        "tokens": {
          "eos_seen": true,
          "experimental_t3": true,
          "generated_token_count": 100,
          "length_limit_reached": false,
          "mode": "t3_generated_numpy_sampler",
          "prefill_sequence_length": 198,
          "raw_sampled_token_count": 101,
          "runtime": {
            "cuda_arena_shrinkage_after_run": true,
            "cuda_kv_cache_location": "cuda_ortvalue",
            "cuda_kv_resident_active": true,
            "cuda_kv_resident_requested": true,
            "cuda_memory_pattern_enabled": false,
            "fallback_disabled": true,
            "graph": "/home/terryd/gooning/voicecloning/artifacts/nano_lab/onnx_staged_adapter_harvey_rank2/t3/nano_t3_kv.onnx",
            "inputs": [
              "inputs_embeds",
              "cache_position",
              "past_0",
              "past_1",
              "past_2",
              "past_3",
              "past_4",
              "past_5",
              "past_6",
              "past_7",
              "past_8",
              "past_9",
              "past_10",
              "past_11",
              "past_12",
              "past_13",
              "past_14",
              "past_15",
              "past_16",
              "past_17",
              "past_18",
              "past_19",
              "past_20",
              "past_21",
              "past_22",
              "past_23"
            ],
            "io_binding_calls": 425,
            "ort_provider": "cuda",
            "ort_version": "1.26.0",
            "outputs": [
              "logits",
              "present_0",
              "present_1",
              "present_2",
              "present_3",
              "present_4",
              "present_5",
              "present_6",
              "present_7",
              "present_8",
              "present_9",
              "present_10",
              "present_11",
              "present_12",
              "present_13",
              "present_14",
              "present_15",
              "present_16",
              "present_17",
              "present_18",
              "present_19",
              "present_20",
              "present_21",
              "present_22",
              "present_23"
            ],
            "profile_requested": false,
            "profiling": {
              "enabled": false,
              "ended": false,
              "profile_path": null,
              "profile_prefix": null
            },
            "provider_metadata": {
              "available": [
                "TensorrtExecutionProvider",
                "CUDAExecutionProvider",
                "CPUExecutionProvider"
              ],
              "cuda_options": {
                "arena_extend_strategy": "kSameAsRequested",
                "cudnn_conv_algo_search": "HEURISTIC",
                "device_id": 0,
                "do_copy_in_default_stream": true,
                "gpu_mem_limit": 2147483648,
                "use_tf32": 0
              },
              "preload_dlls": {
                "attempted": true,
                "directory": "",
                "status": "ok"
              },
              "requested": "cuda"
            },
            "providers": [
              "CUDAExecutionProvider",
              "CPUExecutionProvider"
            ],
            "requested_provider_options": {
              "arena_extend_strategy": "kSameAsRequested",
              "cuda_device_id": 0,
              "cudnn_conv_algo_search": "HEURISTIC",
              "do_copy_in_default_stream": true,
              "gpu_mem_limit_mib": 2048
            },
            "requested_providers": [
              "CUDAExecutionProvider",
              "CPUExecutionProvider"
            ],
            "stage": "t3",
            "threads": "bounded by caller; default 1 intra-op and 1 inter-op",
            "verification_only": false
          },
          "speech_token_count_with_silence": 103,
          "t3_used": true
        },
        "vocoder": {
          "audio_samples": 98400,
          "audio_seconds": 4.1,
          "mel_calibration": {
            "applied": false,
            "delta_sha256": null,
            "enabled": false,
            "report": null,
            "report_sha256": null,
            "strength": 0.0
          },
          "mel_length": 205,
          "runtime": {
            "cuda_arena_shrinkage_after_run": true,
            "cuda_kv_cache_location": "numpy_cpu",
            "cuda_kv_resident_active": false,
            "cuda_kv_resident_requested": true,
            "cuda_memory_pattern_enabled": false,
            "fallback_disabled": true,
            "graph": "/home/terryd/gooning/voicecloning/artifacts/nano_lab/onnx_staged_adapter_harvey_rank2/vocoder/nano_hift_vocoder.onnx",
            "inputs": [
              "speech_feat",
              "phase_noise",
              "sine_noise"
            ],
            "io_binding_calls": 0,
            "ort_provider": "cuda",
            "ort_version": "1.26.0",
            "outputs": [
              "audio"
            ],
            "profile_requested": false,
            "profiling": {
              "enabled": false,
              "ended": false,
              "profile_path": null,
              "profile_prefix": null
            },
            "provider_metadata": {
              "available": [
                "TensorrtExecutionProvider",
                "CUDAExecutionProvider",
                "CPUExecutionProvider"
              ],
              "cuda_options": {
                "arena_extend_strategy": "kSameAsRequested",
                "cudnn_conv_algo_search": "HEURISTIC",
                "device_id": 0,
                "do_copy_in_default_stream": true,
                "gpu_mem_limit": 2147483648,
                "use_tf32": 0
              },
              "preload_dlls": {
                "attempted": true,
                "directory": "",
                "status": "ok"
              },
              "requested": "cuda"
            },
            "providers": [
              "CUDAExecutionProvider",
              "CPUExecutionProvider"
            ],
            "requested_provider_options": {
              "arena_extend_strategy": "kSameAsRequested",
              "cuda_device_id": 0,
              "cudnn_conv_algo_search": "HEURISTIC",
              "do_copy_in_default_stream": true,
              "gpu_mem_limit_mib": 2048
            },
            "requested_providers": [
              "CUDAExecutionProvider",
              "CPUExecutionProvider"
            ],
            "stage": "vocoder",
            "threads": "bounded by caller; default 1 intra-op and 1 inter-op",
            "verification_only": false
          }
        }
      },
      "stage_seconds": {
        "estimator": 0.32624312799453037,
        "flow": 0.045273875002749264,
        "tokens": 1.7837090969987912,
        "vocoder": 0.4202286210056627
      },
      "text": "Did you remember the blue folder? I thought we agreed to meet at half past nine.",
      "voice": "harvey_fitted_experimental",
      "warm_generation_seconds": 2.575478115999431,
      "watermarker_init_seconds": 0.0
    }
  ],
  "cuda_kv_resident": true,
  "end_to_end_seconds": 46.84481122800207,
  "experimental_t3": true,
  "experimental_t3_limitation": "The long T3 reference at sequence length 400 is not within the strict 3e-4 cache gate: 176 of 7.4M cache values exceeded the gate (max abs 0.000989; relative L2 1.44e-5). Logits, lengths 32/128, and decode cases passed. This integration run is experimental and does not claim full numerical T3 verification.",
  "finish_in_worker": true,
  "finish_seconds": 1.3424276449950412,
  "gpu_arena": {
    "note": "Each ORT session has its own arena; summed limits can add. This is not a total GPU allocation guarantee.",
    "per_session_limit_mib": 2048,
    "reference_device_budget_mib": 8192,
    "session_count": 4,
    "theoretical_sum_mib": 8192
  },
  "manifest": "/home/terryd/gooning/voicecloning/artifacts/nano_lab/onnx_batch_harvey_fitted_manifest.json",
  "manifest_sha256": "f27988e48810145c750e368dc3749364fde364dad74705aee0bb5fb191f9c2a1",
  "max_tree_peak_mib": 1939.57,
  "model_dir": "/home/terryd/gooning/voicecloning/artifacts/nano_lab/onnx_staged_adapter_harvey_rank2",
  "model_manifest_sha256": {
    "flow_encoder": "a9e6d3ab0a0c1bfd721a95e9012beddaa5eb55d25fb75829d904aca1ea9645b2",
    "meanflow_estimator": "5fa7bfb0dde0a818f50518b6d5b157f5d2998f04137f2137ae47c7b09cba9c7c",
    "t3": "9513b5814d6831684f0d91d42020f860be7f957ace94bd530841e87b0f53c0a2",
    "vocoder": "9d4fc85a206c8b7a1326ad0194317ac98cac7665cc7dac23c5ac83a06a562e69"
  },
  "ort_profile": false,
  "ort_provider": "cuda",
  "pipeline_source_sha256": "f65508968336b8bbe030a4257961e94c47a919fbe66a889a534dd46f8934d990",
  "prepare_seconds": 13.123679559990705,
  "process_tree_rss": {
    "definition": "maximum sampled simultaneous sum of parent and all descendant process RSS",
    "max_serial_peak_mib": 1939.57,
    "sampling_interval_seconds": 0.05
  },
  "python_executable": "/home/terryd/gooning/voicecloning/.venv-nano-ort/bin/python",
  "schema_version": 1,
  "status": "ok",
  "timing_definition": "generation_seconds covers tokens+flow+estimator+vocoder in the persistent worker; full_worker_request_seconds also includes optional in-worker Perth/master/WAV; end_to_end_seconds includes serial prepare, worker startup, and finish work",
  "warm_compute_is_not_request_latency": true,
  "worker": {
    "cases": [
      {
        "actual_rss_current_mib": 1776.63,
        "actual_rss_peak_mib": 1776.63,
        "audio_seconds": 6.54,
        "case_id": "harvey_cold",
        "cold_generation_seconds": 18.844967000994075,
        "cold_or_warm": "cold",
        "finish_result": {
          "audio_samples": 156960,
          "audio_seconds": 6.54,
          "master_processing": {
            "achieved_lufs": -21.777760282630826,
            "gain_db": 0.6376901145680713,
            "highpass_hz": 45,
            "noise_gate": false,
            "target_lufs": -19,
            "true_peak_ceiling_dbtp": -1,
            "true_peak_oversampling": 4
          },
          "output": "/home/terryd/gooning/voicecloning/artifacts/nano_lab/onnx_batch_harvey_fitted_cached/harvey_cold.wav",
          "sample_rate": 24000,
          "schema_version": 1,
          "source": "/home/terryd/gooning/voicecloning/artifacts/nano_lab/onnx_batch_harvey_fitted_cached/cases/000_harvey_cold/vocoder/audio.npz",
          "trim_fade": {
            "fade_ms": 20,
            "n_trim": 480
          },
          "watermark": "PerthImplicitWatermarker",
          "watermark_applied": true
        },
        "finish_seconds": 0.8804005909987609,
        "full_worker_request_seconds": 25.865932000997418,
        "generation_seconds": 18.844967000994075,
        "output": "/home/terryd/gooning/voicecloning/artifacts/nano_lab/onnx_batch_harvey_fitted_cached/harvey_cold.wav",
        "rss_current_mib": 1776.63,
        "rss_peak_mib": 1776.63,
        "run_dir": "/home/terryd/gooning/voicecloning/artifacts/nano_lab/onnx_batch_harvey_fitted_cached/cases/000_harvey_cold",
        "seed": 31,
        "session_creation_seconds": {
          "flow_encoder": 1.0006081559986342,
          "meanflow_estimator": 5.690068697993411,
          "t3": 4.238002238002082,
          "vocoder": 0.7827626680009416
        },
        "session_creation_total_seconds": 11.711441759995068,
        "stage_results": {
          "estimator": {
            "mel_length": 327,
            "prompt_feat_length": 355,
            "runtime": {
              "cuda_arena_shrinkage_after_run": true,
              "cuda_kv_cache_location": "numpy_cpu",
              "cuda_kv_resident_active": false,
              "cuda_kv_resident_requested": true,
              "cuda_memory_pattern_enabled": false,
              "fallback_disabled": true,
              "graph": "/home/terryd/gooning/voicecloning/artifacts/nano_lab/onnx_staged_adapter_harvey_rank2/meanflow_estimator/nano_meanflow_estimator.onnx",
              "inputs": [
                "x",
                "mask",
                "mu",
                "t",
                "speaker_embedding",
                "cond",
                "r"
              ],
              "io_binding_calls": 0,
              "ort_provider": "cuda",
              "ort_version": "1.26.0",
              "outputs": [
                "dxdt"
              ],
              "profile_requested": false,
              "profiling": {
                "enabled": false,
                "ended": false,
                "profile_path": null,
                "profile_prefix": null
              },
              "provider_metadata": {
                "available": [
                  "TensorrtExecutionProvider",
                  "CUDAExecutionProvider",
                  "CPUExecutionProvider"
                ],
                "cuda_options": {
                  "arena_extend_strategy": "kSameAsRequested",
                  "cudnn_conv_algo_search": "HEURISTIC",
                  "device_id": 0,
                  "do_copy_in_default_stream": true,
                  "gpu_mem_limit": 2147483648,
                  "use_tf32": 0
                },
                "preload_dlls": {
                  "attempted": true,
                  "directory": "",
                  "status": "ok"
                },
                "requested": "cuda"
              },
              "providers": [
                "CUDAExecutionProvider",
                "CPUExecutionProvider"
              ],
              "requested_provider_options": {
                "arena_extend_strategy": "kSameAsRequested",
                "cuda_device_id": 0,
                "cudnn_conv_algo_search": "HEURISTIC",
                "do_copy_in_default_stream": true,
                "gpu_mem_limit_mib": 2048
              },
              "requested_providers": [
                "CUDAExecutionProvider",
                "CPUExecutionProvider"
              ],
              "stage": "meanflow_estimator",
              "threads": "bounded by caller; default 1 intra-op and 1 inter-op",
              "verification_only": false
            },
            "seed": 31,
            "speech_token_count": 164,
            "steps": 2
          },
          "flow": {
            "mel_length": 682,
            "prompt_feat_length": 355,
            "prompt_token_count": 177,
            "runtime": {
              "cuda_arena_shrinkage_after_run": true,
              "cuda_kv_cache_location": "numpy_cpu",
              "cuda_kv_resident_active": false,
              "cuda_kv_resident_requested": true,
              "cuda_memory_pattern_enabled": false,
              "fallback_disabled": true,
              "graph": "/home/terryd/gooning/voicecloning/artifacts/nano_lab/onnx_staged_adapter_harvey_rank2/flow_encoder/nano_flow_encoder.onnx",
              "inputs": [
                "speech_tokens",
                "token_lengths"
              ],
              "io_binding_calls": 0,
              "ort_provider": "cuda",
              "ort_version": "1.26.0",
              "outputs": [
                "mu",
                "mask"
              ],
              "profile_requested": false,
              "profiling": {
                "enabled": false,
                "ended": false,
                "profile_path": null,
                "profile_prefix": null
              },
              "provider_metadata": {
                "available": [
                  "TensorrtExecutionProvider",
                  "CUDAExecutionProvider",
                  "CPUExecutionProvider"
                ],
                "cuda_options": {
                  "arena_extend_strategy": "kSameAsRequested",
                  "cudnn_conv_algo_search": "HEURISTIC",
                  "device_id": 0,
                  "do_copy_in_default_stream": true,
                  "gpu_mem_limit": 2147483648,
                  "use_tf32": 0
                },
                "preload_dlls": {
                  "attempted": true,
                  "directory": "",
                  "status": "ok"
                },
                "requested": "cuda"
              },
              "providers": [
                "CUDAExecutionProvider",
                "CPUExecutionProvider"
              ],
              "requested_provider_options": {
                "arena_extend_strategy": "kSameAsRequested",
                "cuda_device_id": 0,
                "cudnn_conv_algo_search": "HEURISTIC",
                "do_copy_in_default_stream": true,
                "gpu_mem_limit_mib": 2048
              },
              "requested_providers": [
                "CUDAExecutionProvider",
                "CPUExecutionProvider"
              ],
              "stage": "flow_encoder",
              "threads": "bounded by caller; default 1 intra-op and 1 inter-op",
              "verification_only": false
            },
            "speech_token_count": 164
          },
          "tokens": {
            "eos_seen": true,
            "experimental_t3": true,
            "generated_token_count": 161,
            "length_limit_reached": false,
            "mode": "t3_generated_numpy_sampler",
            "prefill_sequence_length": 203,
            "raw_sampled_token_count": 162,
            "runtime": {
              "cuda_arena_shrinkage_after_run": true,
              "cuda_kv_cache_location": "cuda_ortvalue",
              "cuda_kv_resident_active": true,
              "cuda_kv_resident_requested": true,
              "cuda_memory_pattern_enabled": false,
              "fallback_disabled": true,
              "graph": "/home/terryd/gooning/voicecloning/artifacts/nano_lab/onnx_staged_adapter_harvey_rank2/t3/nano_t3_kv.onnx",
              "inputs": [
                "inputs_embeds",
                "cache_position",
                "past_0",
                "past_1",
                "past_2",
                "past_3",
                "past_4",
                "past_5",
                "past_6",
                "past_7",
                "past_8",
                "past_9",
                "past_10",
                "past_11",
                "past_12",
                "past_13",
                "past_14",
                "past_15",
                "past_16",
                "past_17",
                "past_18",
                "past_19",
                "past_20",
                "past_21",
                "past_22",
                "past_23"
              ],
              "io_binding_calls": 162,
              "ort_provider": "cuda",
              "ort_version": "1.26.0",
              "outputs": [
                "logits",
                "present_0",
                "present_1",
                "present_2",
                "present_3",
                "present_4",
                "present_5",
                "present_6",
                "present_7",
                "present_8",
                "present_9",
                "present_10",
                "present_11",
                "present_12",
                "present_13",
                "present_14",
                "present_15",
                "present_16",
                "present_17",
                "present_18",
                "present_19",
                "present_20",
                "present_21",
                "present_22",
                "present_23"
              ],
              "profile_requested": false,
              "profiling": {
                "enabled": false,
                "ended": false,
                "profile_path": null,
                "profile_prefix": null
              },
              "provider_metadata": {
                "available": [
                  "TensorrtExecutionProvider",
                  "CUDAExecutionProvider",
                  "CPUExecutionProvider"
                ],
                "cuda_options": {
                  "arena_extend_strategy": "kSameAsRequested",
                  "cudnn_conv_algo_search": "HEURISTIC",
                  "device_id": 0,
                  "do_copy_in_default_stream": true,
                  "gpu_mem_limit": 2147483648,
                  "use_tf32": 0
                },
                "preload_dlls": {
                  "attempted": true,
                  "directory": "",
                  "status": "ok"
                },
                "requested": "cuda"
              },
              "providers": [
                "CUDAExecutionProvider",
                "CPUExecutionProvider"
              ],
              "requested_provider_options": {
                "arena_extend_strategy": "kSameAsRequested",
                "cuda_device_id": 0,
                "cudnn_conv_algo_search": "HEURISTIC",
                "do_copy_in_default_stream": true,
                "gpu_mem_limit_mib": 2048
              },
              "requested_providers": [
                "CUDAExecutionProvider",
                "CPUExecutionProvider"
              ],
              "stage": "t3",
              "threads": "bounded by caller; default 1 intra-op and 1 inter-op",
              "verification_only": false
            },
            "speech_token_count_with_silence": 164,
            "t3_used": true
          },
          "vocoder": {
            "audio_samples": 156960,
            "audio_seconds": 6.54,
            "mel_calibration": {
              "applied": false,
              "delta_sha256": null,
              "enabled": false,
              "report": null,
              "report_sha256": null,
              "strength": 0.0
            },
            "mel_length": 327,
            "runtime": {
              "cuda_arena_shrinkage_after_run": true,
              "cuda_kv_cache_location": "numpy_cpu",
              "cuda_kv_resident_active": false,
              "cuda_kv_resident_requested": true,
              "cuda_memory_pattern_enabled": false,
              "fallback_disabled": true,
              "graph": "/home/terryd/gooning/voicecloning/artifacts/nano_lab/onnx_staged_adapter_harvey_rank2/vocoder/nano_hift_vocoder.onnx",
              "inputs": [
                "speech_feat",
                "phase_noise",
                "sine_noise"
              ],
              "io_binding_calls": 0,
              "ort_provider": "cuda",
              "ort_version": "1.26.0",
              "outputs": [
                "audio"
              ],
              "profile_requested": false,
              "profiling": {
                "enabled": false,
                "ended": false,
                "profile_path": null,
                "profile_prefix": null
              },
              "provider_metadata": {
                "available": [
                  "TensorrtExecutionProvider",
                  "CUDAExecutionProvider",
                  "CPUExecutionProvider"
                ],
                "cuda_options": {
                  "arena_extend_strategy": "kSameAsRequested",
                  "cudnn_conv_algo_search": "HEURISTIC",
                  "device_id": 0,
                  "do_copy_in_default_stream": true,
                  "gpu_mem_limit": 2147483648,
                  "use_tf32": 0
                },
                "preload_dlls": {
                  "attempted": true,
                  "directory": "",
                  "status": "ok"
                },
                "requested": "cuda"
              },
              "providers": [
                "CUDAExecutionProvider",
                "CPUExecutionProvider"
              ],
              "requested_provider_options": {
                "arena_extend_strategy": "kSameAsRequested",
                "cuda_device_id": 0,
                "cudnn_conv_algo_search": "HEURISTIC",
                "do_copy_in_default_stream": true,
                "gpu_mem_limit_mib": 2048
              },
              "requested_providers": [
                "CUDAExecutionProvider",
                "CPUExecutionProvider"
              ],
              "stage": "vocoder",
              "threads": "bounded by caller; default 1 intra-op and 1 inter-op",
              "verification_only": false
            }
          }
        },
        "stage_seconds": {
          "estimator": 6.005291836001561,
          "flow": 1.4096162249988993,
          "tokens": 10.110595527999976,
          "vocoder": 1.3194282300028135
        },
        "text": "We have a clear plan. Check the details, prepare your next move, and walk into that meeting with confidence.",
        "voice": "harvey_fitted_experimental",
        "warm_generation_seconds": null,
        "watermarker_init_seconds": 6.139638114000263
      },
      {
        "actual_rss_current_mib": 1786.59,
        "actual_rss_peak_mib": 1790.72,
        "audio_seconds": 6.54,
        "case_id": "harvey_warm_repeat",
        "cold_generation_seconds": null,
        "cold_or_warm": "warm",
        "finish_result": {
          "audio_samples": 156960,
          "audio_seconds": 6.54,
          "master_processing": {
            "achieved_lufs": -21.777764101749792,
            "gain_db": 0.6376863637148178,
            "highpass_hz": 45,
            "noise_gate": false,
            "target_lufs": -19,
            "true_peak_ceiling_dbtp": -1,
            "true_peak_oversampling": 4
          },
          "output": "/home/terryd/gooning/voicecloning/artifacts/nano_lab/onnx_batch_harvey_fitted_cached/harvey_warm_repeat.wav",
          "sample_rate": 24000,
          "schema_version": 1,
          "source": "/home/terryd/gooning/voicecloning/artifacts/nano_lab/onnx_batch_harvey_fitted_cached/cases/001_harvey_warm_repeat/vocoder/audio.npz",
          "trim_fade": {
            "fade_ms": 20,
            "n_trim": 480
          },
          "watermark": "PerthImplicitWatermarker",
          "watermark_applied": true
        },
        "finish_seconds": 0.3303407359999255,
        "full_worker_request_seconds": 3.157398519004346,
        "generation_seconds": 2.8261324139966746,
        "output": "/home/terryd/gooning/voicecloning/artifacts/nano_lab/onnx_batch_harvey_fitted_cached/harvey_warm_repeat.wav",
        "rss_current_mib": 1786.59,
        "rss_peak_mib": 1790.72,
        "run_dir": "/home/terryd/gooning/voicecloning/artifacts/nano_lab/onnx_batch_harvey_fitted_cached/cases/001_harvey_warm_repeat",
        "seed": 31,
        "session_creation_seconds": {
          "flow_encoder": 0.0,
          "meanflow_estimator": 0.0,
          "t3": 0.0,
          "vocoder": 0.0
        },
        "session_creation_total_seconds": 0.0,
        "stage_results": {
          "estimator": {
            "mel_length": 327,
            "prompt_feat_length": 355,
            "runtime": {
              "cuda_arena_shrinkage_after_run": true,
              "cuda_kv_cache_location": "numpy_cpu",
              "cuda_kv_resident_active": false,
              "cuda_kv_resident_requested": true,
              "cuda_memory_pattern_enabled": false,
              "fallback_disabled": true,
              "graph": "/home/terryd/gooning/voicecloning/artifacts/nano_lab/onnx_staged_adapter_harvey_rank2/meanflow_estimator/nano_meanflow_estimator.onnx",
              "inputs": [
                "x",
                "mask",
                "mu",
                "t",
                "speaker_embedding",
                "cond",
                "r"
              ],
              "io_binding_calls": 0,
              "ort_provider": "cuda",
              "ort_version": "1.26.0",
              "outputs": [
                "dxdt"
              ],
              "profile_requested": false,
              "profiling": {
                "enabled": false,
                "ended": false,
                "profile_path": null,
                "profile_prefix": null
              },
              "provider_metadata": {
                "available": [
                  "TensorrtExecutionProvider",
                  "CUDAExecutionProvider",
                  "CPUExecutionProvider"
                ],
                "cuda_options": {
                  "arena_extend_strategy": "kSameAsRequested",
                  "cudnn_conv_algo_search": "HEURISTIC",
                  "device_id": 0,
                  "do_copy_in_default_stream": true,
                  "gpu_mem_limit": 2147483648,
                  "use_tf32": 0
                },
                "preload_dlls": {
                  "attempted": true,
                  "directory": "",
                  "status": "ok"
                },
                "requested": "cuda"
              },
              "providers": [
                "CUDAExecutionProvider",
                "CPUExecutionProvider"
              ],
              "requested_provider_options": {
                "arena_extend_strategy": "kSameAsRequested",
                "cuda_device_id": 0,
                "cudnn_conv_algo_search": "HEURISTIC",
                "do_copy_in_default_stream": true,
                "gpu_mem_limit_mib": 2048
              },
              "requested_providers": [
                "CUDAExecutionProvider",
                "CPUExecutionProvider"
              ],
              "stage": "meanflow_estimator",
              "threads": "bounded by caller; default 1 intra-op and 1 inter-op",
              "verification_only": false
            },
            "seed": 31,
            "speech_token_count": 164,
            "steps": 2
          },
          "flow": {
            "mel_length": 682,
            "prompt_feat_length": 355,
            "prompt_token_count": 177,
            "runtime": {
              "cuda_arena_shrinkage_after_run": true,
              "cuda_kv_cache_location": "numpy_cpu",
              "cuda_kv_resident_active": false,
              "cuda_kv_resident_requested": true,
              "cuda_memory_pattern_enabled": false,
              "fallback_disabled": true,
              "graph": "/home/terryd/gooning/voicecloning/artifacts/nano_lab/onnx_staged_adapter_harvey_rank2/flow_encoder/nano_flow_encoder.onnx",
              "inputs": [
                "speech_tokens",
                "token_lengths"
              ],
              "io_binding_calls": 0,
              "ort_provider": "cuda",
              "ort_version": "1.26.0",
              "outputs": [
                "mu",
                "mask"
              ],
              "profile_requested": false,
              "profiling": {
                "enabled": false,
                "ended": false,
                "profile_path": null,
                "profile_prefix": null
              },
              "provider_metadata": {
                "available": [
                  "TensorrtExecutionProvider",
                  "CUDAExecutionProvider",
                  "CPUExecutionProvider"
                ],
                "cuda_options": {
                  "arena_extend_strategy": "kSameAsRequested",
                  "cudnn_conv_algo_search": "HEURISTIC",
                  "device_id": 0,
                  "do_copy_in_default_stream": true,
                  "gpu_mem_limit": 2147483648,
                  "use_tf32": 0
                },
                "preload_dlls": {
                  "attempted": true,
                  "directory": "",
                  "status": "ok"
                },
                "requested": "cuda"
              },
              "providers": [
                "CUDAExecutionProvider",
                "CPUExecutionProvider"
              ],
              "requested_provider_options": {
                "arena_extend_strategy": "kSameAsRequested",
                "cuda_device_id": 0,
                "cudnn_conv_algo_search": "HEURISTIC",
                "do_copy_in_default_stream": true,
                "gpu_mem_limit_mib": 2048
              },
              "requested_providers": [
                "CUDAExecutionProvider",
                "CPUExecutionProvider"
              ],
              "stage": "flow_encoder",
              "threads": "bounded by caller; default 1 intra-op and 1 inter-op",
              "verification_only": false
            },
            "speech_token_count": 164
          },
          "tokens": {
            "eos_seen": true,
            "experimental_t3": true,
            "generated_token_count": 161,
            "length_limit_reached": false,
            "mode": "t3_generated_numpy_sampler",
            "prefill_sequence_length": 203,
            "raw_sampled_token_count": 162,
            "runtime": {
              "cuda_arena_shrinkage_after_run": true,
              "cuda_kv_cache_location": "cuda_ortvalue",
              "cuda_kv_resident_active": true,
              "cuda_kv_resident_requested": true,
              "cuda_memory_pattern_enabled": false,
              "fallback_disabled": true,
              "graph": "/home/terryd/gooning/voicecloning/artifacts/nano_lab/onnx_staged_adapter_harvey_rank2/t3/nano_t3_kv.onnx",
              "inputs": [
                "inputs_embeds",
                "cache_position",
                "past_0",
                "past_1",
                "past_2",
                "past_3",
                "past_4",
                "past_5",
                "past_6",
                "past_7",
                "past_8",
                "past_9",
                "past_10",
                "past_11",
                "past_12",
                "past_13",
                "past_14",
                "past_15",
                "past_16",
                "past_17",
                "past_18",
                "past_19",
                "past_20",
                "past_21",
                "past_22",
                "past_23"
              ],
              "io_binding_calls": 324,
              "ort_provider": "cuda",
              "ort_version": "1.26.0",
              "outputs": [
                "logits",
                "present_0",
                "present_1",
                "present_2",
                "present_3",
                "present_4",
                "present_5",
                "present_6",
                "present_7",
                "present_8",
                "present_9",
                "present_10",
                "present_11",
                "present_12",
                "present_13",
                "present_14",
                "present_15",
                "present_16",
                "present_17",
                "present_18",
                "present_19",
                "present_20",
                "present_21",
                "present_22",
                "present_23"
              ],
              "profile_requested": false,
              "profiling": {
                "enabled": false,
                "ended": false,
                "profile_path": null,
                "profile_prefix": null
              },
              "provider_metadata": {
                "available": [
                  "TensorrtExecutionProvider",
                  "CUDAExecutionProvider",
                  "CPUExecutionProvider"
                ],
                "cuda_options": {
                  "arena_extend_strategy": "kSameAsRequested",
                  "cudnn_conv_algo_search": "HEURISTIC",
                  "device_id": 0,
                  "do_copy_in_default_stream": true,
                  "gpu_mem_limit": 2147483648,
                  "use_tf32": 0
                },
                "preload_dlls": {
                  "attempted": true,
                  "directory": "",
                  "status": "ok"
                },
                "requested": "cuda"
              },
              "providers": [
                "CUDAExecutionProvider",
                "CPUExecutionProvider"
              ],
              "requested_provider_options": {
                "arena_extend_strategy": "kSameAsRequested",
                "cuda_device_id": 0,
                "cudnn_conv_algo_search": "HEURISTIC",
                "do_copy_in_default_stream": true,
                "gpu_mem_limit_mib": 2048
              },
              "requested_providers": [
                "CUDAExecutionProvider",
                "CPUExecutionProvider"
              ],
              "stage": "t3",
              "threads": "bounded by caller; default 1 intra-op and 1 inter-op",
              "verification_only": false
            },
            "speech_token_count_with_silence": 164,
            "t3_used": true
          },
          "vocoder": {
            "audio_samples": 156960,
            "audio_seconds": 6.54,
            "mel_calibration": {
              "applied": false,
              "delta_sha256": null,
              "enabled": false,
              "report": null,
              "report_sha256": null,
              "strength": 0.0
            },
            "mel_length": 327,
            "runtime": {
              "cuda_arena_shrinkage_after_run": true,
              "cuda_kv_cache_location": "numpy_cpu",
              "cuda_kv_resident_active": false,
              "cuda_kv_resident_requested": true,
              "cuda_memory_pattern_enabled": false,
              "fallback_disabled": true,
              "graph": "/home/terryd/gooning/voicecloning/artifacts/nano_lab/onnx_staged_adapter_harvey_rank2/vocoder/nano_hift_vocoder.onnx",
              "inputs": [
                "speech_feat",
                "phase_noise",
                "sine_noise"
              ],
              "io_binding_calls": 0,
              "ort_provider": "cuda",
              "ort_version": "1.26.0",
              "outputs": [
                "audio"
              ],
              "profile_requested": false,
              "profiling": {
                "enabled": false,
                "ended": false,
                "profile_path": null,
                "profile_prefix": null
              },
              "provider_metadata": {
                "available": [
                  "TensorrtExecutionProvider",
                  "CUDAExecutionProvider",
                  "CPUExecutionProvider"
                ],
                "cuda_options": {
                  "arena_extend_strategy": "kSameAsRequested",
                  "cudnn_conv_algo_search": "HEURISTIC",
                  "device_id": 0,
                  "do_copy_in_default_stream": true,
                  "gpu_mem_limit": 2147483648,
                  "use_tf32": 0
                },
                "preload_dlls": {
                  "attempted": true,
                  "directory": "",
                  "status": "ok"
                },
                "requested": "cuda"
              },
              "providers": [
                "CUDAExecutionProvider",
                "CPUExecutionProvider"
              ],
              "requested_provider_options": {
                "arena_extend_strategy": "kSameAsRequested",
                "cuda_device_id": 0,
                "cudnn_conv_algo_search": "HEURISTIC",
                "do_copy_in_default_stream": true,
                "gpu_mem_limit_mib": 2048
              },
              "requested_providers": [
                "CUDAExecutionProvider",
                "CPUExecutionProvider"
              ],
              "stage": "vocoder",
              "threads": "bounded by caller; default 1 intra-op and 1 inter-op",
              "verification_only": false
            }
          }
        },
        "stage_seconds": {
          "estimator": 0.1933328140003141,
          "flow": 0.03379514999687672,
          "tokens": 2.3430239989975234,
          "vocoder": 0.2559530210055527
        },
        "text": "We have a clear plan. Check the details, prepare your next move, and walk into that meeting with confidence.",
        "voice": "harvey_fitted_experimental",
        "warm_generation_seconds": 2.8261324139966746,
        "watermarker_init_seconds": 0.0
      },
      {
        "actual_rss_current_mib": 1789.97,
        "actual_rss_peak_mib": 1796.68,
        "audio_seconds": 4.1,
        "case_id": "harvey_warm_new",
        "cold_generation_seconds": null,
        "cold_or_warm": "warm",
        "finish_result": {
          "audio_samples": 98400,
          "audio_seconds": 4.1,
          "master_processing": {
            "achieved_lufs": -19.416895620992815,
            "gain_db": 3.1368176425614918,
            "highpass_hz": 45,
            "noise_gate": false,
            "target_lufs": -19,
            "true_peak_ceiling_dbtp": -1,
            "true_peak_oversampling": 4
          },
          "output": "/home/terryd/gooning/voicecloning/artifacts/nano_lab/onnx_batch_harvey_fitted_cached/harvey_warm_new.wav",
          "sample_rate": 24000,
          "schema_version": 1,
          "source": "/home/terryd/gooning/voicecloning/artifacts/nano_lab/onnx_batch_harvey_fitted_cached/cases/002_harvey_warm_new/vocoder/audio.npz",
          "trim_fade": {
            "fade_ms": 20,
            "n_trim": 480
          },
          "watermark": "PerthImplicitWatermarker",
          "watermark_applied": true
        },
        "finish_seconds": 0.13168631799635477,
        "full_worker_request_seconds": 2.707963947999815,
        "generation_seconds": 2.575478115999431,
        "output": "/home/terryd/gooning/voicecloning/artifacts/nano_lab/onnx_batch_harvey_fitted_cached/harvey_warm_new.wav",
        "rss_current_mib": 1789.97,
        "rss_peak_mib": 1796.68,
        "run_dir": "/home/terryd/gooning/voicecloning/artifacts/nano_lab/onnx_batch_harvey_fitted_cached/cases/002_harvey_warm_new",
        "seed": 47,
        "session_creation_seconds": {
          "flow_encoder": 0.0,
          "meanflow_estimator": 0.0,
          "t3": 0.0,
          "vocoder": 0.0
        },
        "session_creation_total_seconds": 0.0,
        "stage_results": {
          "estimator": {
            "mel_length": 205,
            "prompt_feat_length": 355,
            "runtime": {
              "cuda_arena_shrinkage_after_run": true,
              "cuda_kv_cache_location": "numpy_cpu",
              "cuda_kv_resident_active": false,
              "cuda_kv_resident_requested": true,
              "cuda_memory_pattern_enabled": false,
              "fallback_disabled": true,
              "graph": "/home/terryd/gooning/voicecloning/artifacts/nano_lab/onnx_staged_adapter_harvey_rank2/meanflow_estimator/nano_meanflow_estimator.onnx",
              "inputs": [
                "x",
                "mask",
                "mu",
                "t",
                "speaker_embedding",
                "cond",
                "r"
              ],
              "io_binding_calls": 0,
              "ort_provider": "cuda",
              "ort_version": "1.26.0",
              "outputs": [
                "dxdt"
              ],
              "profile_requested": false,
              "profiling": {
                "enabled": false,
                "ended": false,
                "profile_path": null,
                "profile_prefix": null
              },
              "provider_metadata": {
                "available": [
                  "TensorrtExecutionProvider",
                  "CUDAExecutionProvider",
                  "CPUExecutionProvider"
                ],
                "cuda_options": {
                  "arena_extend_strategy": "kSameAsRequested",
                  "cudnn_conv_algo_search": "HEURISTIC",
                  "device_id": 0,
                  "do_copy_in_default_stream": true,
                  "gpu_mem_limit": 2147483648,
                  "use_tf32": 0
                },
                "preload_dlls": {
                  "attempted": true,
                  "directory": "",
                  "status": "ok"
                },
                "requested": "cuda"
              },
              "providers": [
                "CUDAExecutionProvider",
                "CPUExecutionProvider"
              ],
              "requested_provider_options": {
                "arena_extend_strategy": "kSameAsRequested",
                "cuda_device_id": 0,
                "cudnn_conv_algo_search": "HEURISTIC",
                "do_copy_in_default_stream": true,
                "gpu_mem_limit_mib": 2048
              },
              "requested_providers": [
                "CUDAExecutionProvider",
                "CPUExecutionProvider"
              ],
              "stage": "meanflow_estimator",
              "threads": "bounded by caller; default 1 intra-op and 1 inter-op",
              "verification_only": false
            },
            "seed": 47,
            "speech_token_count": 103,
            "steps": 2
          },
          "flow": {
            "mel_length": 560,
            "prompt_feat_length": 355,
            "prompt_token_count": 177,
            "runtime": {
              "cuda_arena_shrinkage_after_run": true,
              "cuda_kv_cache_location": "numpy_cpu",
              "cuda_kv_resident_active": false,
              "cuda_kv_resident_requested": true,
              "cuda_memory_pattern_enabled": false,
              "fallback_disabled": true,
              "graph": "/home/terryd/gooning/voicecloning/artifacts/nano_lab/onnx_staged_adapter_harvey_rank2/flow_encoder/nano_flow_encoder.onnx",
              "inputs": [
                "speech_tokens",
                "token_lengths"
              ],
              "io_binding_calls": 0,
              "ort_provider": "cuda",
              "ort_version": "1.26.0",
              "outputs": [
                "mu",
                "mask"
              ],
              "profile_requested": false,
              "profiling": {
                "enabled": false,
                "ended": false,
                "profile_path": null,
                "profile_prefix": null
              },
              "provider_metadata": {
                "available": [
                  "TensorrtExecutionProvider",
                  "CUDAExecutionProvider",
                  "CPUExecutionProvider"
                ],
                "cuda_options": {
                  "arena_extend_strategy": "kSameAsRequested",
                  "cudnn_conv_algo_search": "HEURISTIC",
                  "device_id": 0,
                  "do_copy_in_default_stream": true,
                  "gpu_mem_limit": 2147483648,
                  "use_tf32": 0
                },
                "preload_dlls": {
                  "attempted": true,
                  "directory": "",
                  "status": "ok"
                },
                "requested": "cuda"
              },
              "providers": [
                "CUDAExecutionProvider",
                "CPUExecutionProvider"
              ],
              "requested_provider_options": {
                "arena_extend_strategy": "kSameAsRequested",
                "cuda_device_id": 0,
                "cudnn_conv_algo_search": "HEURISTIC",
                "do_copy_in_default_stream": true,
                "gpu_mem_limit_mib": 2048
              },
              "requested_providers": [
                "CUDAExecutionProvider",
                "CPUExecutionProvider"
              ],
              "stage": "flow_encoder",
              "threads": "bounded by caller; default 1 intra-op and 1 inter-op",
              "verification_only": false
            },
            "speech_token_count": 103
          },
          "tokens": {
            "eos_seen": true,
            "experimental_t3": true,
            "generated_token_count": 100,
            "length_limit_reached": false,
            "mode": "t3_generated_numpy_sampler",
            "prefill_sequence_length": 198,
            "raw_sampled_token_count": 101,
            "runtime": {
              "cuda_arena_shrinkage_after_run": true,
              "cuda_kv_cache_location": "cuda_ortvalue",
              "cuda_kv_resident_active": true,
              "cuda_kv_resident_requested": true,
              "cuda_memory_pattern_enabled": false,
              "fallback_disabled": true,
              "graph": "/home/terryd/gooning/voicecloning/artifacts/nano_lab/onnx_staged_adapter_harvey_rank2/t3/nano_t3_kv.onnx",
              "inputs": [
                "inputs_embeds",
                "cache_position",
                "past_0",
                "past_1",
                "past_2",
                "past_3",
                "past_4",
                "past_5",
                "past_6",
                "past_7",
                "past_8",
                "past_9",
                "past_10",
                "past_11",
                "past_12",
                "past_13",
                "past_14",
                "past_15",
                "past_16",
                "past_17",
                "past_18",
                "past_19",
                "past_20",
                "past_21",
                "past_22",
                "past_23"
              ],
              "io_binding_calls": 425,
              "ort_provider": "cuda",
              "ort_version": "1.26.0",
              "outputs": [
                "logits",
                "present_0",
                "present_1",
                "present_2",
                "present_3",
                "present_4",
                "present_5",
                "present_6",
                "present_7",
                "present_8",
                "present_9",
                "present_10",
                "present_11",
                "present_12",
                "present_13",
                "present_14",
                "present_15",
                "present_16",
                "present_17",
                "present_18",
                "present_19",
                "present_20",
                "present_21",
                "present_22",
                "present_23"
              ],
              "profile_requested": false,
              "profiling": {
                "enabled": false,
                "ended": false,
                "profile_path": null,
                "profile_prefix": null
              },
              "provider_metadata": {
                "available": [
                  "TensorrtExecutionProvider",
                  "CUDAExecutionProvider",
                  "CPUExecutionProvider"
                ],
                "cuda_options": {
                  "arena_extend_strategy": "kSameAsRequested",
                  "cudnn_conv_algo_search": "HEURISTIC",
                  "device_id": 0,
                  "do_copy_in_default_stream": true,
                  "gpu_mem_limit": 2147483648,
                  "use_tf32": 0
                },
                "preload_dlls": {
                  "attempted": true,
                  "directory": "",
                  "status": "ok"
                },
                "requested": "cuda"
              },
              "providers": [
                "CUDAExecutionProvider",
                "CPUExecutionProvider"
              ],
              "requested_provider_options": {
                "arena_extend_strategy": "kSameAsRequested",
                "cuda_device_id": 0,
                "cudnn_conv_algo_search": "HEURISTIC",
                "do_copy_in_default_stream": true,
                "gpu_mem_limit_mib": 2048
              },
              "requested_providers": [
                "CUDAExecutionProvider",
                "CPUExecutionProvider"
              ],
              "stage": "t3",
              "threads": "bounded by caller; default 1 intra-op and 1 inter-op",
              "verification_only": false
            },
            "speech_token_count_with_silence": 103,
            "t3_used": true
          },
          "vocoder": {
            "audio_samples": 98400,
            "audio_seconds": 4.1,
            "mel_calibration": {
              "applied": false,
              "delta_sha256": null,
              "enabled": false,
              "report": null,
              "report_sha256": null,
              "strength": 0.0
            },
            "mel_length": 205,
            "runtime": {
              "cuda_arena_shrinkage_after_run": true,
              "cuda_kv_cache_location": "numpy_cpu",
              "cuda_kv_resident_active": false,
              "cuda_kv_resident_requested": true,
              "cuda_memory_pattern_enabled": false,
              "fallback_disabled": true,
              "graph": "/home/terryd/gooning/voicecloning/artifacts/nano_lab/onnx_staged_adapter_harvey_rank2/vocoder/nano_hift_vocoder.onnx",
              "inputs": [
                "speech_feat",
                "phase_noise",
                "sine_noise"
              ],
              "io_binding_calls": 0,
              "ort_provider": "cuda",
              "ort_version": "1.26.0",
              "outputs": [
                "audio"
              ],
              "profile_requested": false,
              "profiling": {
                "enabled": false,
                "ended": false,
                "profile_path": null,
                "profile_prefix": null
              },
              "provider_metadata": {
                "available": [
                  "TensorrtExecutionProvider",
                  "CUDAExecutionProvider",
                  "CPUExecutionProvider"
                ],
                "cuda_options": {
                  "arena_extend_strategy": "kSameAsRequested",
                  "cudnn_conv_algo_search": "HEURISTIC",
                  "device_id": 0,
                  "do_copy_in_default_stream": true,
                  "gpu_mem_limit": 2147483648,
                  "use_tf32": 0
                },
                "preload_dlls": {
                  "attempted": true,
                  "directory": "",
                  "status": "ok"
                },
                "requested": "cuda"
              },
              "providers": [
                "CUDAExecutionProvider",
                "CPUExecutionProvider"
              ],
              "requested_provider_options": {
                "arena_extend_strategy": "kSameAsRequested",
                "cuda_device_id": 0,
                "cudnn_conv_algo_search": "HEURISTIC",
                "do_copy_in_default_stream": true,
                "gpu_mem_limit_mib": 2048
              },
              "requested_providers": [
                "CUDAExecutionProvider",
                "CPUExecutionProvider"
              ],
              "stage": "vocoder",
              "threads": "bounded by caller; default 1 intra-op and 1 inter-op",
              "verification_only": false
            }
          }
        },
        "stage_seconds": {
          "estimator": 0.32624312799453037,
          "flow": 0.045273875002749264,
          "tokens": 1.7837090969987912,
          "vocoder": 0.4202286210056627
        },
        "text": "Did you remember the blue folder? I thought we agreed to meet at half past nine.",
        "voice": "harvey_fitted_experimental",
        "warm_generation_seconds": 2.575478115999431,
        "watermarker_init_seconds": 0.0
      }
    ],
    "elapsed_seconds": 31.746296782999707,
    "finish_in_worker": true,
    "gpu_arena": {
      "note": "Each ORT session has its own arena; summed limits can add. This is not a total GPU allocation guarantee.",
      "per_session_limit_mib": 2048,
      "reference_device_budget_mib": 8192,
      "session_count": 4,
      "theoretical_sum_mib": 8192
    },
    "ort_profile": false,
    "ort_provider": "cuda",
    "rss_current_mib": 1789.05,
    "rss_peak_mib": 1798.33,
    "rss_sample_interval_seconds": 0.05,
    "schema_version": 1,
    "sessions_created": {
      "flow_encoder": {
        "case_index": 0,
        "provider": "cuda",
        "seconds": 1.0006081559986342,
        "stage": "flow_encoder"
      },
      "meanflow_estimator": {
        "case_index": 0,
        "provider": "cuda",
        "seconds": 5.690068697993411,
        "stage": "meanflow_estimator"
      },
      "t3": {
        "case_index": 0,
        "provider": "cuda",
        "seconds": 4.238002238002082,
        "stage": "t3"
      },
      "vocoder": {
        "case_index": 0,
        "provider": "cuda",
        "seconds": 0.7827626680009416,
        "stage": "vocoder"
      }
    },
    "stages_retained": [
      "t3",
      "flow_encoder",
      "meanflow_estimator",
      "vocoder"
    ],
    "status": "ok",
    "torch_imported": true,
    "watermarker_init_seconds": 6.139638114000263,
    "worker_pid": 403007
  },
  "worker_seconds": 33.70958974100358
}
          Finished with result: success
Main processes terminated with: code=exited, status=0/SUCCESS
               Service runtime: 47.374s
             CPU time consumed: 49.322s
                   Memory peak: 1.5G (swap: 0B)
