MemoryMax=1280MiB, MemoryHigh=1024MiB, no swap, 2 CPU cores, one job; desktop reserve=4GiB
Running as unit: nano-lab-model.service
/home/terryd/gooning/voicecloning/scripts/nano_lab/onnx_spectral.py:316: DeprecationWarning: You are using the legacy TorchScript-based ONNX export. Starting in PyTorch 2.9, the new torch.export-based ONNX exporter has become the default. Learn more about the new export logic: https://docs.pytorch.org/docs/stable/onnx_export.html. For exporting control flow: https://pytorch.org/tutorials/beginner/onnx/export_control_flow_model_to_onnx_tutorial.html
  torch.onnx.export(
/home/terryd/gooning/voicecloning/scripts/nano_lab/onnx_spectral.py:137: TracerWarning: Converting a tensor to a Python boolean might cause the trace to be incorrect. We can't record the data flow of Python values, so this value will be treated as a constant in the future. This means that the trace might not generalize to other inputs!
  if value.shape[-1] <= n_fft // 2:
/home/terryd/gooning/voicecloning/voicebox/backend/venv/lib/python3.12/site-packages/torch/onnx/_internal/torchscript_exporter/jit_utils.py:308: UserWarning: Constant folding - Only steps=1 can be constant folded for opset >= 10 onnx::Slice op. Constant folding not applied. (Triggered internally at /pytorch/torch/csrc/jit/passes/onnx/constant_fold.cpp:178.)
  _C._jit_pass_onnx_node_shape_type_inference(node, params_dict, opset_version)
/home/terryd/gooning/voicecloning/voicebox/backend/venv/lib/python3.12/site-packages/torch/onnx/_internal/torchscript_exporter/utils.py:714: UserWarning: Constant folding - Only steps=1 can be constant folded for opset >= 10 onnx::Slice op. Constant folding not applied. (Triggered internally at /pytorch/torch/csrc/jit/passes/onnx/constant_fold.cpp:178.)
  _C._jit_pass_onnx_graph_shape_type_inference(
/home/terryd/gooning/voicecloning/voicebox/backend/venv/lib/python3.12/site-packages/torch/onnx/_internal/torchscript_exporter/utils.py:1187: UserWarning: Constant folding - Only steps=1 can be constant folded for opset >= 10 onnx::Slice op. Constant folding not applied. (Triggered internally at /pytorch/torch/csrc/jit/passes/onnx/constant_fold.cpp:178.)
  _C._jit_pass_onnx_graph_shape_type_inference(
/home/terryd/gooning/voicecloning/scripts/nano_lab/onnx_spectral.py:167: TracerWarning: Converting a tensor to a Python boolean might cause the trace to be incorrect. We can't record the data flow of Python values, so this value will be treated as a constant in the future. This means that the trace might not generalize to other inputs!
  if magnitude.ndim != 3 or phase.ndim != 3 or magnitude.shape != phase.shape:
/home/terryd/gooning/voicecloning/scripts/nano_lab/onnx_spectral.py:172: TracerWarning: Converting a tensor to a Python boolean might cause the trace to be incorrect. We can't record the data flow of Python values, so this value will be treated as a constant in the future. This means that the trace might not generalize to other inputs!
  if magnitude.shape[1] != n_freqs:
{
  "istft": {
    "examples": {
      "inputs": 2,
      "outputs": 1,
      "path": "examples.npz"
    },
    "export_seconds": 0.10713195099924633,
    "graph": {
      "bytes": 4210,
      "inputs": [
        "magnitude",
        "phase"
      ],
      "nodes": 34,
      "opset": 18,
      "outputs": [
        "audio"
      ],
      "path": "nano_istft_real.onnx"
    },
    "kind": "istft",
    "parameters": {
      "center": true,
      "hop_length": 4,
      "n_fft": 16,
      "normalization": "unnormalized DFT + overlap window-square envelope",
      "one_sided": true,
      "pad_mode": "reflect",
      "periodic_hann": true
    },
    "schema_version": 1,
    "stage": "istft",
    "status": "exported",
    "torch_peak_rss_bytes": 560590848,
    "verification": {
      "command": "onnx_spectral.py verify --kind istft",
      "status": "not_run"
    }
  },
  "roundtrip": {
    "examples": {
      "inputs": 1,
      "outputs": 1,
      "path": "examples.npz"
    },
    "export_seconds": 0.10670488699906855,
    "graph": {
      "bytes": 9198,
      "inputs": [
        "waveform"
      ],
      "nodes": 80,
      "opset": 18,
      "outputs": [
        "audio"
      ],
      "path": "nano_roundtrip_real.onnx"
    },
    "kind": "roundtrip",
    "parameters": {
      "center": true,
      "hop_length": 4,
      "n_fft": 16,
      "normalization": "unnormalized DFT + overlap window-square envelope",
      "one_sided": true,
      "pad_mode": "reflect",
      "periodic_hann": true
    },
    "schema_version": 1,
    "stage": "roundtrip",
    "status": "exported",
    "torch_peak_rss_bytes": 561721344,
    "verification": {
      "command": "onnx_spectral.py verify --kind roundtrip",
      "status": "not_run"
    }
  },
  "stft": {
    "examples": {
      "inputs": 1,
      "outputs": 2,
      "path": "examples.npz"
    },
    "export_seconds": 0.45122603900017566,
    "graph": {
      "bytes": 3985,
      "inputs": [
        "waveform"
      ],
      "nodes": 30,
      "opset": 18,
      "outputs": [
        "real",
        "imag"
      ],
      "path": "nano_stft_real.onnx"
    },
    "kind": "stft",
    "parameters": {
      "center": true,
      "hop_length": 4,
      "n_fft": 16,
      "normalization": "unnormalized DFT + overlap window-square envelope",
      "one_sided": true,
      "pad_mode": "reflect",
      "periodic_hann": true
    },
    "schema_version": 1,
    "stage": "stft",
    "status": "exported",
    "torch_peak_rss_bytes": 557555712,
    "verification": {
      "command": "onnx_spectral.py verify --kind stft",
      "status": "not_run"
    }
  }
}
          Finished with result: success
Main processes terminated with: code=exited, status=0/SUCCESS
               Service runtime: 8.678s
             CPU time consumed: 7.613s
                   Memory peak: 516.9M (swap: 0B)
