MemoryMax=1024MiB, MemoryHigh=819MiB, no swap, 2 CPU cores, one job; desktop reserve=4GiB
Running as unit: nano-lab-model.service
{
  "schema_version": 1,
  "generated_by": "scripts/nano_lab/reference_evaluator.py",
  "manifest": "/home/terryd/gooning/voicecloning/artifacts/nano_lab/references/manifest.json",
  "runtime": {
    "cpu_threads": 2,
    "whisper_enabled": true,
    "speaker_enabled": false,
    "whisper_model": "/home/terryd/gooning/voicecloning/Whisper_fast_package/models/tiny.en",
    "heldout_variant": "natural",
    "excluded_heldout_ids": [],
    "rss_mb": {
      "rss_before_models_mb": 97.91,
      "rss_after_whisper_mb": 390.34,
      "rss_after_evaluation_mb": 445.21
    }
  },
  "inputs": [
    {
      "label": "asmr7_train_01",
      "audio_path": "/home/terryd/gooning/voicecloning/artifacts/nano_lab/references/asmr7/asmr7_train_01/asmr7_train_01__natural.wav",
      "family": "asmr7",
      "expected_text": "So as the one throwing the party, and it also being my party, I would like to announce.",
      "measurements": {
        "duration_s": 6.0,
        "sample_rate_hz": 24000,
        "channels": 1,
        "rms_dbfs": -23.052,
        "peak_dbfs": -2.0,
        "crest_db": 21.051,
        "dc_offset": -1.307e-05,
        "clipping_fraction_abs_ge_minus_0.01dbfs": 0.0,
        "near_clip_fraction_abs_ge_minus_0.1dbfs": 0.0,
        "burst_p99_dbfs_proxy_30ms": -12.694,
        "noise_floor_dbfs_proxy_low10pct_frames": -59.88,
        "speech_level_dbfs_proxy_high50pct_frames": -23.581,
        "snr_db_proxy_high50_minus_low10": 36.299,
        "stationary_high_band_dbfs_proxy_low10pct_frames": -98.517,
        "spectral_centroid_hz": 1031.396,
        "spectral_flatness_proxy": 0.026551,
        "high_band_fraction_proxy_ge8khz": 0.003862,
        "noise_fields_are_heuristic_proxies": true
      },
      "rss_after_audio_load_mb": 392.25,
      "asr": {
        "text": "Okay, gather around everybody. Great. So, as the one throwing the party.",
        "segments": [
          {
            "start_s": 0.0,
            "end_s": 6.0,
            "text": "Okay, gather around everybody. Great. So, as the one throwing the party.",
            "avg_logprob": -0.394995,
            "no_speech_prob": 0.015999
          }
        ],
        "language": "en",
        "elapsed_s": 1.055397,
        "real_time_factor": 0.175899,
        "model": "bundled faster-whisper tiny.en",
        "compute_type": "int8",
        "cpu_threads": 2
      },
      "wer": {
        "wer": 0.888889,
        "reference_word_count": 18,
        "hypothesis_word_count": 12,
        "substitutions": 0,
        "deletions": 11,
        "insertions": 5,
        "reference_words": [
          "so",
          "as",
          "the",
          "one",
          "throwing",
          "the",
          "party",
          "and",
          "it",
          "also",
          "being",
          "my",
          "party",
          "i",
          "would",
          "like",
          "to",
          "announce"
        ],
        "hypothesis_words": [
          "okay",
          "gather",
          "around",
          "everybody",
          "great",
          "so",
          "as",
          "the",
          "one",
          "throwing",
          "the",
          "party"
        ]
      },
      "wer_contraction_normalized": {
        "wer": 0.888889,
        "reference_word_count": 18,
        "hypothesis_word_count": 12,
        "substitutions": 0,
        "deletions": 11,
        "insertions": 5,
        "reference_words": [
          "so",
          "as",
          "the",
          "one",
          "throwing",
          "the",
          "party",
          "and",
          "it",
          "also",
          "being",
          "my",
          "party",
          "i",
          "would",
          "like",
          "to",
          "announce"
        ],
        "hypothesis_words": [
          "okay",
          "gather",
          "around",
          "everybody",
          "great",
          "so",
          "as",
          "the",
          "one",
          "throwing",
          "the",
          "party"
        ]
      }
    },
    {
      "label": "asmr7_train_02",
      "audio_path": "/home/terryd/gooning/voicecloning/artifacts/nano_lab/references/asmr7/asmr7_train_02/asmr7_train_02__natural.wav",
      "family": "asmr7",
      "expected_text": "There's a closet in pretty much every room in this house, so we might as well put them to use.",
      "measurements": {
        "duration_s": 5.9,
        "sample_rate_hz": 24000,
        "channels": 1,
        "rms_dbfs": -23.476,
        "peak_dbfs": -3.205,
        "crest_db": 20.271,
        "dc_offset": -1.747e-05,
        "clipping_fraction_abs_ge_minus_0.01dbfs": 0.0,
        "near_clip_fraction_abs_ge_minus_0.1dbfs": 0.0,
        "burst_p99_dbfs_proxy_30ms": -15.309,
        "noise_floor_dbfs_proxy_low10pct_frames": -48.98,
        "speech_level_dbfs_proxy_high50pct_frames": -22.484,
        "snr_db_proxy_high50_minus_low10": 26.496,
        "stationary_high_band_dbfs_proxy_low10pct_frames": -90.314,
        "spectral_centroid_hz": 919.61,
        "spectral_flatness_proxy": 0.055302,
        "high_band_fraction_proxy_ge8khz": 0.027793,
        "noise_fields_are_heuristic_proxies": true
      },
      "rss_after_audio_load_mb": 418.27,
      "asr": {
        "text": "There's a closet in pretty much every room in this house, so we might as well put them to use.",
        "segments": [
          {
            "start_s": 0.0,
            "end_s": 6.0,
            "text": "There's a closet in pretty much every room in this house, so we might as well put them to use.",
            "avg_logprob": -0.276446,
            "no_speech_prob": 0.021339
          }
        ],
        "language": "en",
        "elapsed_s": 1.357259,
        "real_time_factor": 0.230044,
        "model": "bundled faster-whisper tiny.en",
        "compute_type": "int8",
        "cpu_threads": 2
      },
      "wer": {
        "wer": 0.0,
        "reference_word_count": 20,
        "hypothesis_word_count": 20,
        "substitutions": 0,
        "deletions": 0,
        "insertions": 0,
        "reference_words": [
          "there's",
          "a",
          "closet",
          "in",
          "pretty",
          "much",
          "every",
          "room",
          "in",
          "this",
          "house",
          "so",
          "we",
          "might",
          "as",
          "well",
          "put",
          "them",
          "to",
          "use"
        ],
        "hypothesis_words": [
          "there's",
          "a",
          "closet",
          "in",
          "pretty",
          "much",
          "every",
          "room",
          "in",
          "this",
          "house",
          "so",
          "we",
          "might",
          "as",
          "well",
          "put",
          "them",
          "to",
          "use"
        ]
      },
      "wer_contraction_normalized": {
        "wer": 0.0,
        "reference_word_count": 21,
        "hypothesis_word_count": 21,
        "substitutions": 0,
        "deletions": 0,
        "insertions": 0,
        "reference_words": [
          "there",
          "is",
          "a",
          "closet",
          "in",
          "pretty",
          "much",
          "every",
          "room",
          "in",
          "this",
          "house",
          "so",
          "we",
          "might",
          "as",
          "well",
          "put",
          "them",
          "to",
          "use"
        ],
        "hypothesis_words": [
          "there",
          "is",
          "a",
          "closet",
          "in",
          "pretty",
          "much",
          "every",
          "room",
          "in",
          "this",
          "house",
          "so",
          "we",
          "might",
          "as",
          "well",
          "put",
          "them",
          "to",
          "use"
        ]
      }
    },
    {
      "label": "asmr7_train_03",
      "audio_path": "/home/terryd/gooning/voicecloning/artifacts/nano_lab/references/asmr7/asmr7_train_03/asmr7_train_03__natural.wav",
      "family": "asmr7",
      "expected_text": "I'll be nice enough to let whoever started the game up to go on first.",
      "measurements": {
        "duration_s": 4.9,
        "sample_rate_hz": 24000,
        "channels": 1,
        "rms_dbfs": -22.184,
        "peak_dbfs": -3.233,
        "crest_db": 18.95,
        "dc_offset": -1.347e-05,
        "clipping_fraction_abs_ge_minus_0.01dbfs": 0.0,
        "near_clip_fraction_abs_ge_minus_0.1dbfs": 0.0,
        "burst_p99_dbfs_proxy_30ms": -13.025,
        "noise_floor_dbfs_proxy_low10pct_frames": -46.002,
        "speech_level_dbfs_proxy_high50pct_frames": -22.777,
        "snr_db_proxy_high50_minus_low10": 23.225,
        "stationary_high_band_dbfs_proxy_low10pct_frames": -92.986,
        "spectral_centroid_hz": 767.799,
        "spectral_flatness_proxy": 0.040795,
        "high_band_fraction_proxy_ge8khz": 0.012712,
        "noise_fields_are_heuristic_proxies": true
      },
      "rss_after_audio_load_mb": 418.5,
      "asr": {
        "text": "I'll be nice enough to let whoever start of the game up, too. Go on first.",
        "segments": [
          {
            "start_s": 0.0,
            "end_s": 4.4,
            "text": "I'll be nice enough to let whoever start of the game up, too. Go on first.",
            "avg_logprob": -0.331823,
            "no_speech_prob": 0.032081
          }
        ],
        "language": "en",
        "elapsed_s": 0.984982,
        "real_time_factor": 0.201017,
        "model": "bundled faster-whisper tiny.en",
        "compute_type": "int8",
        "cpu_threads": 2
      },
      "wer": {
        "wer": 0.2,
        "reference_word_count": 15,
        "hypothesis_word_count": 16,
        "substitutions": 2,
        "deletions": 0,
        "insertions": 1,
        "reference_words": [
          "i'll",
          "be",
          "nice",
          "enough",
          "to",
          "let",
          "whoever",
          "started",
          "the",
          "game",
          "up",
          "to",
          "go",
          "on",
          "first"
        ],
        "hypothesis_words": [
          "i'll",
          "be",
          "nice",
          "enough",
          "to",
          "let",
          "whoever",
          "start",
          "of",
          "the",
          "game",
          "up",
          "too",
          "go",
          "on",
          "first"
        ]
      },
      "wer_contraction_normalized": {
        "wer": 0.1875,
        "reference_word_count": 16,
        "hypothesis_word_count": 17,
        "substitutions": 2,
        "deletions": 0,
        "insertions": 1,
        "reference_words": [
          "i",
          "will",
          "be",
          "nice",
          "enough",
          "to",
          "let",
          "whoever",
          "started",
          "the",
          "game",
          "up",
          "to",
          "go",
          "on",
          "first"
        ],
        "hypothesis_words": [
          "i",
          "will",
          "be",
          "nice",
          "enough",
          "to",
          "let",
          "whoever",
          "start",
          "of",
          "the",
          "game",
          "up",
          "too",
          "go",
          "on",
          "first"
        ]
      }
    },
    {
      "label": "asmr7_train_04",
      "audio_path": "/home/terryd/gooning/voicecloning/artifacts/nano_lab/references/asmr7/asmr7_train_04/asmr7_train_04__natural.wav",
      "family": "asmr7",
      "expected_text": "It's my birthday, so they better make these seven minutes worth it. Please be cute.",
      "measurements": {
        "duration_s": 6.2,
        "sample_rate_hz": 24000,
        "channels": 1,
        "rms_dbfs": -23.191,
        "peak_dbfs": -2.0,
        "crest_db": 21.192,
        "dc_offset": -2.201e-05,
        "clipping_fraction_abs_ge_minus_0.01dbfs": 0.0,
        "near_clip_fraction_abs_ge_minus_0.1dbfs": 0.0,
        "burst_p99_dbfs_proxy_30ms": -11.223,
        "noise_floor_dbfs_proxy_low10pct_frames": -45.733,
        "speech_level_dbfs_proxy_high50pct_frames": -23.884,
        "snr_db_proxy_high50_minus_low10": 21.849,
        "stationary_high_band_dbfs_proxy_low10pct_frames": -76.097,
        "spectral_centroid_hz": 1201.312,
        "spectral_flatness_proxy": 0.05792,
        "high_band_fraction_proxy_ge8khz": 0.008192,
        "noise_fields_are_heuristic_proxies": true
      },
      "rss_after_audio_load_mb": 418.52,
      "asr": {
        "text": "It's my birthday, so they better make these seven minutes worth it.",
        "segments": [
          {
            "start_s": 0.0,
            "end_s": 4.0,
            "text": "It's my birthday, so they better make these seven minutes worth it.",
            "avg_logprob": -0.505672,
            "no_speech_prob": 0.024475
          }
        ],
        "language": "en",
        "elapsed_s": 1.021412,
        "real_time_factor": 0.164744,
        "model": "bundled faster-whisper tiny.en",
        "compute_type": "int8",
        "cpu_threads": 2
      },
      "wer": {
        "wer": 0.2,
        "reference_word_count": 15,
        "hypothesis_word_count": 12,
        "substitutions": 0,
        "deletions": 3,
        "insertions": 0,
        "reference_words": [
          "it's",
          "my",
          "birthday",
          "so",
          "they",
          "better",
          "make",
          "these",
          "seven",
          "minutes",
          "worth",
          "it",
          "please",
          "be",
          "cute"
        ],
        "hypothesis_words": [
          "it's",
          "my",
          "birthday",
          "so",
          "they",
          "better",
          "make",
          "these",
          "seven",
          "minutes",
          "worth",
          "it"
        ]
      },
      "wer_contraction_normalized": {
        "wer": 0.1875,
        "reference_word_count": 16,
        "hypothesis_word_count": 13,
        "substitutions": 0,
        "deletions": 3,
        "insertions": 0,
        "reference_words": [
          "it",
          "is",
          "my",
          "birthday",
          "so",
          "they",
          "better",
          "make",
          "these",
          "seven",
          "minutes",
          "worth",
          "it",
          "please",
          "be",
          "cute"
        ],
        "hypothesis_words": [
          "it",
          "is",
          "my",
          "birthday",
          "so",
          "they",
          "better",
          "make",
          "these",
          "seven",
          "minutes",
          "worth",
          "it"
        ]
      }
    },
    {
      "label": "asmr7_train_05",
      "audio_path": "/home/terryd/gooning/voicecloning/artifacts/nano_lab/references/asmr7/asmr7_train_05/asmr7_train_05__natural.wav",
      "family": "asmr7",
      "expected_text": "What did I do to end up here with you? I know I spun the bottle. Fucking dumbass.",
      "measurements": {
        "duration_s": 7.2,
        "sample_rate_hz": 24000,
        "channels": 1,
        "rms_dbfs": -23.138,
        "peak_dbfs": -2.067,
        "crest_db": 21.071,
        "dc_offset": -1.502e-05,
        "clipping_fraction_abs_ge_minus_0.01dbfs": 0.0,
        "near_clip_fraction_abs_ge_minus_0.1dbfs": 0.0,
        "burst_p99_dbfs_proxy_30ms": -12.141,
        "noise_floor_dbfs_proxy_low10pct_frames": -59.107,
        "speech_level_dbfs_proxy_high50pct_frames": -25.457,
        "snr_db_proxy_high50_minus_low10": 33.65,
        "stationary_high_band_dbfs_proxy_low10pct_frames": -94.834,
        "spectral_centroid_hz": 924.299,
        "spectral_flatness_proxy": 0.044318,
        "high_band_fraction_proxy_ge8khz": 0.015376,
        "noise_fields_are_heuristic_proxies": true
      },
      "rss_after_audio_load_mb": 419.88,
      "asr": {
        "text": "What did I do to end up here with you? I knew I spun the bottle. Fucking dumbass.",
        "segments": [
          {
            "start_s": 0.0,
            "end_s": 2.0,
            "text": "What did I do to end up here with you?",
            "avg_logprob": -0.393116,
            "no_speech_prob": 0.125484
          },
          {
            "start_s": 4.0,
            "end_s": 6.0,
            "text": "I knew I spun the bottle.",
            "avg_logprob": -0.393116,
            "no_speech_prob": 0.125484
          },
          {
            "start_s": 6.0,
            "end_s": 7.0,
            "text": "Fucking dumbass.",
            "avg_logprob": -0.393116,
            "no_speech_prob": 0.125484
          }
        ],
        "language": "en",
        "elapsed_s": 1.16286,
        "real_time_factor": 0.161508,
        "model": "bundled faster-whisper tiny.en",
        "compute_type": "int8",
        "cpu_threads": 2
      },
      "wer": {
        "wer": 0.055556,
        "reference_word_count": 18,
        "hypothesis_word_count": 18,
        "substitutions": 1,
        "deletions": 0,
        "insertions": 0,
        "reference_words": [
          "what",
          "did",
          "i",
          "do",
          "to",
          "end",
          "up",
          "here",
          "with",
          "you",
          "i",
          "know",
          "i",
          "spun",
          "the",
          "bottle",
          "fucking",
          "dumbass"
        ],
        "hypothesis_words": [
          "what",
          "did",
          "i",
          "do",
          "to",
          "end",
          "up",
          "here",
          "with",
          "you",
          "i",
          "knew",
          "i",
          "spun",
          "the",
          "bottle",
          "fucking",
          "dumbass"
        ]
      },
      "wer_contraction_normalized": {
        "wer": 0.055556,
        "reference_word_count": 18,
        "hypothesis_word_count": 18,
        "substitutions": 1,
        "deletions": 0,
        "insertions": 0,
        "reference_words": [
          "what",
          "did",
          "i",
          "do",
          "to",
          "end",
          "up",
          "here",
          "with",
          "you",
          "i",
          "know",
          "i",
          "spun",
          "the",
          "bottle",
          "fucking",
          "dumbass"
        ],
        "hypothesis_words": [
          "what",
          "did",
          "i",
          "do",
          "to",
          "end",
          "up",
          "here",
          "with",
          "you",
          "i",
          "knew",
          "i",
          "spun",
          "the",
          "bottle",
          "fucking",
          "dumbass"
        ]
      }
    },
    {
      "label": "asmr7_train_06",
      "audio_path": "/home/terryd/gooning/voicecloning/artifacts/nano_lab/references/asmr7/asmr7_train_06/asmr7_train_06__natural.wav",
      "family": "asmr7",
      "expected_text": "For some reason, you're here now, and stuck in a closet with me.",
      "measurements": {
        "duration_s": 6.3,
        "sample_rate_hz": 24000,
        "channels": 1,
        "rms_dbfs": -26.018,
        "peak_dbfs": -6.266,
        "crest_db": 19.753,
        "dc_offset": 4.64e-06,
        "clipping_fraction_abs_ge_minus_0.01dbfs": 0.0,
        "near_clip_fraction_abs_ge_minus_0.1dbfs": 0.0,
        "burst_p99_dbfs_proxy_30ms": -17.824,
        "noise_floor_dbfs_proxy_low10pct_frames": -54.072,
        "speech_level_dbfs_proxy_high50pct_frames": -24.981,
        "snr_db_proxy_high50_minus_low10": 29.09,
        "stationary_high_band_dbfs_proxy_low10pct_frames": -90.704,
        "spectral_centroid_hz": 1067.337,
        "spectral_flatness_proxy": 0.072157,
        "high_band_fraction_proxy_ge8khz": 0.028083,
        "noise_fields_are_heuristic_proxies": true
      },
      "rss_after_audio_load_mb": 420.8,
      "asr": {
        "text": "some reason you're here now and stuck in a closet with me. I'm not sure this is more torture for me.",
        "segments": [
          {
            "start_s": 0.0,
            "end_s": 5.4,
            "text": "some reason you're here now and stuck in a closet with me. I'm not sure this is more",
            "avg_logprob": -0.324348,
            "no_speech_prob": 0.089233
          },
          {
            "start_s": 5.4,
            "end_s": 8.28,
            "text": "torture for me.",
            "avg_logprob": -0.324348,
            "no_speech_prob": 0.089233
          }
        ],
        "language": "en",
        "elapsed_s": 0.96895,
        "real_time_factor": 0.153802,
        "model": "bundled faster-whisper tiny.en",
        "compute_type": "int8",
        "cpu_threads": 2
      },
      "wer": {
        "wer": 0.769231,
        "reference_word_count": 13,
        "hypothesis_word_count": 21,
        "substitutions": 0,
        "deletions": 1,
        "insertions": 9,
        "reference_words": [
          "for",
          "some",
          "reason",
          "you're",
          "here",
          "now",
          "and",
          "stuck",
          "in",
          "a",
          "closet",
          "with",
          "me"
        ],
        "hypothesis_words": [
          "some",
          "reason",
          "you're",
          "here",
          "now",
          "and",
          "stuck",
          "in",
          "a",
          "closet",
          "with",
          "me",
          "i'm",
          "not",
          "sure",
          "this",
          "is",
          "more",
          "torture",
          "for",
          "me"
        ]
      },
      "wer_contraction_normalized": {
        "wer": 0.785714,
        "reference_word_count": 14,
        "hypothesis_word_count": 23,
        "substitutions": 0,
        "deletions": 1,
        "insertions": 10,
        "reference_words": [
          "for",
          "some",
          "reason",
          "you",
          "are",
          "here",
          "now",
          "and",
          "stuck",
          "in",
          "a",
          "closet",
          "with",
          "me"
        ],
        "hypothesis_words": [
          "some",
          "reason",
          "you",
          "are",
          "here",
          "now",
          "and",
          "stuck",
          "in",
          "a",
          "closet",
          "with",
          "me",
          "i",
          "am",
          "not",
          "sure",
          "this",
          "is",
          "more",
          "torture",
          "for",
          "me"
        ]
      }
    },
    {
      "label": "asmr7_train_07",
      "audio_path": "/home/terryd/gooning/voicecloning/artifacts/nano_lab/references/asmr7/asmr7_train_07/asmr7_train_07__natural.wav",
      "family": "asmr7",
      "expected_text": "And I hate you, you're too perfect, like untouchable by misfortune.",
      "measurements": {
        "duration_s": 6.1,
        "sample_rate_hz": 24000,
        "channels": 1,
        "rms_dbfs": -28.561,
        "peak_dbfs": -8.665,
        "crest_db": 19.896,
        "dc_offset": -2.724e-05,
        "clipping_fraction_abs_ge_minus_0.01dbfs": 0.0,
        "near_clip_fraction_abs_ge_minus_0.1dbfs": 0.0,
        "burst_p99_dbfs_proxy_30ms": -19.286,
        "noise_floor_dbfs_proxy_low10pct_frames": -59.694,
        "speech_level_dbfs_proxy_high50pct_frames": -30.115,
        "snr_db_proxy_high50_minus_low10": 29.579,
        "stationary_high_band_dbfs_proxy_low10pct_frames": -81.969,
        "spectral_centroid_hz": 1520.376,
        "spectral_flatness_proxy": 0.092513,
        "high_band_fraction_proxy_ge8khz": 0.021586,
        "noise_fields_are_heuristic_proxies": true
      },
      "rss_after_audio_load_mb": 420.81,
      "asr": {
        "text": "I hate you, you're too perfect, like untouchable by misfortune.",
        "segments": [
          {
            "start_s": 0.0,
            "end_s": 6.08,
            "text": "I hate you, you're too perfect, like untouchable by misfortune.",
            "avg_logprob": -0.492525,
            "no_speech_prob": 0.236853
          }
        ],
        "language": "en",
        "elapsed_s": 1.290344,
        "real_time_factor": 0.211532,
        "model": "bundled faster-whisper tiny.en",
        "compute_type": "int8",
        "cpu_threads": 2
      },
      "wer": {
        "wer": 0.090909,
        "reference_word_count": 11,
        "hypothesis_word_count": 10,
        "substitutions": 0,
        "deletions": 1,
        "insertions": 0,
        "reference_words": [
          "and",
          "i",
          "hate",
          "you",
          "you're",
          "too",
          "perfect",
          "like",
          "untouchable",
          "by",
          "misfortune"
        ],
        "hypothesis_words": [
          "i",
          "hate",
          "you",
          "you're",
          "too",
          "perfect",
          "like",
          "untouchable",
          "by",
          "misfortune"
        ]
      },
      "wer_contraction_normalized": {
        "wer": 0.083333,
        "reference_word_count": 12,
        "hypothesis_word_count": 11,
        "substitutions": 0,
        "deletions": 1,
        "insertions": 0,
        "reference_words": [
          "and",
          "i",
          "hate",
          "you",
          "you",
          "are",
          "too",
          "perfect",
          "like",
          "untouchable",
          "by",
          "misfortune"
        ],
        "hypothesis_words": [
          "i",
          "hate",
          "you",
          "you",
          "are",
          "too",
          "perfect",
          "like",
          "untouchable",
          "by",
          "misfortune"
        ]
      }
    },
    {
      "label": "asmr7_train_08",
      "audio_path": "/home/terryd/gooning/voicecloning/artifacts/nano_lab/references/asmr7/asmr7_train_08/asmr7_train_08__natural.wav",
      "family": "asmr7",
      "expected_text": "The fact is, when I see you, I see this cute little perfect being who lives in a bubble.",
      "measurements": {
        "duration_s": 6.3,
        "sample_rate_hz": 24000,
        "channels": 1,
        "rms_dbfs": -32.843,
        "peak_dbfs": -13.032,
        "crest_db": 19.811,
        "dc_offset": -1.569e-05,
        "clipping_fraction_abs_ge_minus_0.01dbfs": 0.0,
        "near_clip_fraction_abs_ge_minus_0.1dbfs": 0.0,
        "burst_p99_dbfs_proxy_30ms": -24.185,
        "noise_floor_dbfs_proxy_low10pct_frames": -59.432,
        "speech_level_dbfs_proxy_high50pct_frames": -34.127,
        "snr_db_proxy_high50_minus_low10": 25.304,
        "stationary_high_band_dbfs_proxy_low10pct_frames": -79.455,
        "spectral_centroid_hz": 1938.135,
        "spectral_flatness_proxy": 0.128316,
        "high_band_fraction_proxy_ge8khz": 0.123839,
        "noise_fields_are_heuristic_proxies": true
      },
      "rss_after_audio_load_mb": 420.82,
      "asr": {
        "text": "The fact is, when I see you, I see you.",
        "segments": [
          {
            "start_s": 0.0,
            "end_s": 7.0,
            "text": "The fact is, when I see you, I see you.",
            "avg_logprob": -0.40428,
            "no_speech_prob": 0.154089
          }
        ],
        "language": "en",
        "elapsed_s": 0.967737,
        "real_time_factor": 0.153609,
        "model": "bundled faster-whisper tiny.en",
        "compute_type": "int8",
        "cpu_threads": 2
      },
      "wer": {
        "wer": 0.526316,
        "reference_word_count": 19,
        "hypothesis_word_count": 10,
        "substitutions": 1,
        "deletions": 9,
        "insertions": 0,
        "reference_words": [
          "the",
          "fact",
          "is",
          "when",
          "i",
          "see",
          "you",
          "i",
          "see",
          "this",
          "cute",
          "little",
          "perfect",
          "being",
          "who",
          "lives",
          "in",
          "a",
          "bubble"
        ],
        "hypothesis_words": [
          "the",
          "fact",
          "is",
          "when",
          "i",
          "see",
          "you",
          "i",
          "see",
          "you"
        ]
      },
      "wer_contraction_normalized": {
        "wer": 0.526316,
        "reference_word_count": 19,
        "hypothesis_word_count": 10,
        "substitutions": 1,
        "deletions": 9,
        "insertions": 0,
        "reference_words": [
          "the",
          "fact",
          "is",
          "when",
          "i",
          "see",
          "you",
          "i",
          "see",
          "this",
          "cute",
          "little",
          "perfect",
          "being",
          "who",
          "lives",
          "in",
          "a",
          "bubble"
        ],
        "hypothesis_words": [
          "the",
          "fact",
          "is",
          "when",
          "i",
          "see",
          "you",
          "i",
          "see",
          "you"
        ]
      }
    },
    {
      "label": "asmr7_train_09",
      "audio_path": "/home/terryd/gooning/voicecloning/artifacts/nano_lab/references/asmr7/asmr7_train_09/asmr7_train_09__natural.wav",
      "family": "asmr7",
      "expected_text": "Okay, what I'm trying to say is that you made me jealous, that you live in this perfect world.",
      "measurements": {
        "duration_s": 6.0,
        "sample_rate_hz": 24000,
        "channels": 1,
        "rms_dbfs": -24.849,
        "peak_dbfs": -4.895,
        "crest_db": 19.954,
        "dc_offset": -1.556e-05,
        "clipping_fraction_abs_ge_minus_0.01dbfs": 0.0,
        "near_clip_fraction_abs_ge_minus_0.1dbfs": 0.0,
        "burst_p99_dbfs_proxy_30ms": -15.319,
        "noise_floor_dbfs_proxy_low10pct_frames": -59.652,
        "speech_level_dbfs_proxy_high50pct_frames": -24.332,
        "snr_db_proxy_high50_minus_low10": 35.32,
        "stationary_high_band_dbfs_proxy_low10pct_frames": -84.038,
        "spectral_centroid_hz": 1177.356,
        "spectral_flatness_proxy": 0.063637,
        "high_band_fraction_proxy_ge8khz": 0.025264,
        "noise_fields_are_heuristic_proxies": true
      },
      "rss_after_audio_load_mb": 420.82,
      "asr": {
        "text": "Okay, what I'm trying to say is that you made me chill.",
        "segments": [
          {
            "start_s": 0.0,
            "end_s": 6.0,
            "text": "Okay, what I'm trying to say is that you made me chill.",
            "avg_logprob": -0.420328,
            "no_speech_prob": 0.17182
          }
        ],
        "language": "en",
        "elapsed_s": 0.973619,
        "real_time_factor": 0.16227,
        "model": "bundled faster-whisper tiny.en",
        "compute_type": "int8",
        "cpu_threads": 2
      },
      "wer": {
        "wer": 0.421053,
        "reference_word_count": 19,
        "hypothesis_word_count": 12,
        "substitutions": 1,
        "deletions": 7,
        "insertions": 0,
        "reference_words": [
          "okay",
          "what",
          "i'm",
          "trying",
          "to",
          "say",
          "is",
          "that",
          "you",
          "made",
          "me",
          "jealous",
          "that",
          "you",
          "live",
          "in",
          "this",
          "perfect",
          "world"
        ],
        "hypothesis_words": [
          "okay",
          "what",
          "i'm",
          "trying",
          "to",
          "say",
          "is",
          "that",
          "you",
          "made",
          "me",
          "chill"
        ]
      },
      "wer_contraction_normalized": {
        "wer": 0.4,
        "reference_word_count": 20,
        "hypothesis_word_count": 13,
        "substitutions": 1,
        "deletions": 7,
        "insertions": 0,
        "reference_words": [
          "okay",
          "what",
          "i",
          "am",
          "trying",
          "to",
          "say",
          "is",
          "that",
          "you",
          "made",
          "me",
          "jealous",
          "that",
          "you",
          "live",
          "in",
          "this",
          "perfect",
          "world"
        ],
        "hypothesis_words": [
          "okay",
          "what",
          "i",
          "am",
          "trying",
          "to",
          "say",
          "is",
          "that",
          "you",
          "made",
          "me",
          "chill"
        ]
      }
    },
    {
      "label": "asmr7_valid_04",
      "audio_path": "/home/terryd/gooning/voicecloning/artifacts/nano_lab/references/asmr7/asmr7_heldout_04/asmr7_heldout_04__natural.wav",
      "family": "asmr7",
      "expected_text": "Thanks. Wait, that better not be implying I'm also a nerd because I will take back all the nice things I said about you.",
      "measurements": {
        "duration_s": 11.1,
        "sample_rate_hz": 24000,
        "channels": 1,
        "rms_dbfs": -27.106,
        "peak_dbfs": -9.485,
        "crest_db": 17.621,
        "dc_offset": -1.434e-05,
        "clipping_fraction_abs_ge_minus_0.01dbfs": 0.0,
        "near_clip_fraction_abs_ge_minus_0.1dbfs": 0.0,
        "burst_p99_dbfs_proxy_30ms": -17.749,
        "noise_floor_dbfs_proxy_low10pct_frames": -54.412,
        "speech_level_dbfs_proxy_high50pct_frames": -26.201,
        "snr_db_proxy_high50_minus_low10": 28.211,
        "stationary_high_band_dbfs_proxy_low10pct_frames": -93.11,
        "spectral_centroid_hz": 727.217,
        "spectral_flatness_proxy": 0.05361,
        "high_band_fraction_proxy_ge8khz": 0.020238,
        "noise_fields_are_heuristic_proxies": true
      },
      "rss_after_audio_load_mb": 422.79,
      "asr": {
        "text": "Thanks. Wait, that better not be implying that I'm also a nerd because I will take back all the nice things I said about you. I am not a nerd. And you know it.",
        "segments": [
          {
            "start_s": 0.0,
            "end_s": 1.0,
            "text": "Thanks.",
            "avg_logprob": -0.344954,
            "no_speech_prob": 0.072423
          },
          {
            "start_s": 1.0,
            "end_s": 4.4,
            "text": "Wait, that better not be implying that I'm also a nerd",
            "avg_logprob": -0.344954,
            "no_speech_prob": 0.072423
          },
          {
            "start_s": 4.4,
            "end_s": 7.2,
            "text": "because I will take back all the nice things I said about you.",
            "avg_logprob": -0.344954,
            "no_speech_prob": 0.072423
          },
          {
            "start_s": 8.2,
            "end_s": 10.16,
            "text": "I am not a nerd.",
            "avg_logprob": -0.344954,
            "no_speech_prob": 0.072423
          },
          {
            "start_s": 10.16,
            "end_s": 11.16,
            "text": "And you know it.",
            "avg_logprob": -0.344954,
            "no_speech_prob": 0.072423
          }
        ],
        "language": "en",
        "elapsed_s": 1.444829,
        "real_time_factor": 0.130165,
        "model": "bundled faster-whisper tiny.en",
        "compute_type": "int8",
        "cpu_threads": 2
      },
      "wer": {
        "wer": 0.416667,
        "reference_word_count": 24,
        "hypothesis_word_count": 34,
        "substitutions": 0,
        "deletions": 0,
        "insertions": 10,
        "reference_words": [
          "thanks",
          "wait",
          "that",
          "better",
          "not",
          "be",
          "implying",
          "i'm",
          "also",
          "a",
          "nerd",
          "because",
          "i",
          "will",
          "take",
          "back",
          "all",
          "the",
          "nice",
          "things",
          "i",
          "said",
          "about",
          "you"
        ],
        "hypothesis_words": [
          "thanks",
          "wait",
          "that",
          "better",
          "not",
          "be",
          "implying",
          "that",
          "i'm",
          "also",
          "a",
          "nerd",
          "because",
          "i",
          "will",
          "take",
          "back",
          "all",
          "the",
          "nice",
          "things",
          "i",
          "said",
          "about",
          "you",
          "i",
          "am",
          "not",
          "a",
          "nerd",
          "and",
          "you",
          "know",
          "it"
        ]
      },
      "wer_contraction_normalized": {
        "wer": 0.4,
        "reference_word_count": 25,
        "hypothesis_word_count": 35,
        "substitutions": 0,
        "deletions": 0,
        "insertions": 10,
        "reference_words": [
          "thanks",
          "wait",
          "that",
          "better",
          "not",
          "be",
          "implying",
          "i",
          "am",
          "also",
          "a",
          "nerd",
          "because",
          "i",
          "will",
          "take",
          "back",
          "all",
          "the",
          "nice",
          "things",
          "i",
          "said",
          "about",
          "you"
        ],
        "hypothesis_words": [
          "thanks",
          "wait",
          "that",
          "better",
          "not",
          "be",
          "implying",
          "that",
          "i",
          "am",
          "also",
          "a",
          "nerd",
          "because",
          "i",
          "will",
          "take",
          "back",
          "all",
          "the",
          "nice",
          "things",
          "i",
          "said",
          "about",
          "you",
          "i",
          "am",
          "not",
          "a",
          "nerd",
          "and",
          "you",
          "know",
          "it"
        ]
      }
    }
  ]
}
          Finished with result: success
Main processes terminated with: code=exited, status=0/SUCCESS
               Service runtime: 19.378s
             CPU time consumed: 31.739s
                   Memory peak: 515.1M (swap: 0B)
