
DevTools listening on ws://127.0.0.1:43485/devtools/browser/701f715d-127b-4fe5-a71d-b713e08df525
[534027:7:1002/083958.270192:ERROR:gpu/ipc/client/command_buffer_proxy_impl.cc:285] ContextResult::kTransientFailure: Failed to send GpuControl.CreateCommandBuffer.
[534037:7:1002/083958.270201:ERROR:gpu/ipc/client/command_buffer_proxy_impl.cc:285] ContextResult::kTransientFailure: Failed to send GpuControl.CreateCommandBuffer.
[534027:7:1002/083958.272178:ERROR:gpu/ipc/client/command_buffer_proxy_impl.cc:285] ContextResult::kTransientFailure: Failed to send GpuControl.CreateCommandBuffer.
[533933:533984:1002/083958.498444:ERROR:google_apis/gcm/engine/registration_request.cc:291] Registration response error message: DEPRECATED_ENDPOINT
[533933:533984:1002/083958.800127:ERROR:google_apis/gcm/engine/mcs_client.cc:702]   Error code: 401  Error message: Authentication Failed: wrong_secret
[533933:533984:1002/083958.800189:ERROR:google_apis/gcm/engine/mcs_client.cc:704] Failed to log in to GCM, resetting connection.
Warning: maxDynamicUniformBuffersPerPipelineLayout artificially reduced from 500000 to 16 to fit dynamic offset allocation limit.
Warning: maxDynamicStorageBuffersPerPipelineLayout artificially reduced from 500000 to 16 to fit dynamic offset allocation limit.
Warning: maxDynamicUniformBuffersPerPipelineLayout artificially reduced from 500000 to 16 to fit dynamic offset allocation limit.
Warning: maxDynamicStorageBuffersPerPipelineLayout artificially reduced from 500000 to 16 to fit dynamic offset allocation limit.
Created TensorFlow Lite XNNPACK delegate for CPU.
Created TensorFlow Lite XNNPACK delegate for CPU.
[533933:533984:1002/084025.266364:ERROR:google_apis/gcm/engine/registration_request.cc:291] Registration response error message: DEPRECATED_ENDPOINT
[533933:533984:1002/084123.254219:ERROR:google_apis/gcm/engine/registration_request.cc:291] Registration response error message: DEPRECATED_ENDPOINT
[533933:533984:1002/084249.072224:ERROR:google_apis/gcm/engine/registration_request.cc:291] Registration response error message: DEPRECATED_ENDPOINT
Warning: maxDynamicUniformBuffersPerPipelineLayout artificially reduced from 500000 to 16 to fit dynamic offset allocation limit.
Warning: maxDynamicStorageBuffersPerPipelineLayout artificially reduced from 500000 to 16 to fit dynamic offset allocation limit.
WARNING: All log messages before absl::InitializeLog() is called are written to STDERR
I0000 00:00:1790955776.634792  538985 environment.cc:523] Selected adapter: NVIDIA GeForce RTX 4060 Laptop GPU, arch=lovelace, vendor=nvidia, backend=Vulkan, adapterType=Discrete GPU
Warning: maxDynamicUniformBuffersPerPipelineLayout artificially reduced from 500000 to 16 to fit dynamic offset allocation limit.
Warning: maxDynamicStorageBuffersPerPipelineLayout artificially reduced from 500000 to 16 to fit dynamic offset allocation limit.
I0000 00:00:1790955777.894741  539058 environment.cc:523] Selected adapter: NVIDIA GeForce RTX 4060 Laptop GPU, arch=lovelace, vendor=nvidia, backend=Vulkan, adapterType=Discrete GPU
