MemoryMax=640MiB, MemoryHigh=512MiB, no swap, 2 CPU cores, one job; desktop reserve=4GiB
Running as unit: nano-lab-model.service
{
  "schema_version": 1,
  "generated_by": "scripts/nano_lab/reference_evaluator.py",
  "manifest": "/home/terryd/gooning/voicecloning/artifacts/nano_lab/references/manifest.json",
  "runtime": {
    "cpu_threads": 2,
    "whisper_enabled": false,
    "speaker_enabled": false,
    "whisper_model": "/home/terryd/gooning/voicecloning/Whisper_fast_package/models/tiny.en",
    "heldout_variant": "natural",
    "excluded_heldout_ids": [],
    "rss_mb": {
      "rss_before_models_mb": 97.91,
      "rss_after_evaluation_mb": 106.41
    }
  },
  "inputs": [
    {
      "label": "asmr7_repair_001",
      "audio_path": "/home/terryd/gooning/voicecloning/artifacts/nano_lab/dataset_repair_complete/clips/asmr7_repair_001.wav",
      "family": "asmr7",
      "expected_text": "",
      "measurements": {
        "duration_s": 4.18,
        "sample_rate_hz": 24000,
        "channels": 1,
        "rms_dbfs": -28.798,
        "peak_dbfs": -5.322,
        "crest_db": 23.476,
        "dc_offset": -6.85e-06,
        "clipping_fraction_abs_ge_minus_0.01dbfs": 0.0,
        "near_clip_fraction_abs_ge_minus_0.1dbfs": 0.0,
        "burst_p99_dbfs_proxy_30ms": -16.762,
        "noise_floor_dbfs_proxy_low10pct_frames": -56.688,
        "speech_level_dbfs_proxy_high50pct_frames": -34.632,
        "snr_db_proxy_high50_minus_low10": 22.057,
        "stationary_high_band_dbfs_proxy_low10pct_frames": -91.202,
        "spectral_centroid_hz": 903.492,
        "spectral_flatness_proxy": 0.040682,
        "high_band_fraction_proxy_ge8khz": 0.005762,
        "noise_fields_are_heuristic_proxies": true
      },
      "rss_after_audio_load_mb": 102.11
    },
    {
      "label": "asmr7_repair_002",
      "audio_path": "/home/terryd/gooning/voicecloning/artifacts/nano_lab/dataset_repair_complete/clips/asmr7_repair_002.wav",
      "family": "asmr7",
      "expected_text": "",
      "measurements": {
        "duration_s": 3.32,
        "sample_rate_hz": 24000,
        "channels": 1,
        "rms_dbfs": -29.731,
        "peak_dbfs": -9.984,
        "crest_db": 19.747,
        "dc_offset": 3.804e-05,
        "clipping_fraction_abs_ge_minus_0.01dbfs": 0.0,
        "near_clip_fraction_abs_ge_minus_0.1dbfs": 0.0,
        "burst_p99_dbfs_proxy_30ms": -21.186,
        "noise_floor_dbfs_proxy_low10pct_frames": -56.851,
        "speech_level_dbfs_proxy_high50pct_frames": -28.835,
        "snr_db_proxy_high50_minus_low10": 28.017,
        "stationary_high_band_dbfs_proxy_low10pct_frames": -100.077,
        "spectral_centroid_hz": 701.63,
        "spectral_flatness_proxy": 0.059536,
        "high_band_fraction_proxy_ge8khz": 0.010559,
        "noise_fields_are_heuristic_proxies": true
      },
      "rss_after_audio_load_mb": 102.12
    },
    {
      "label": "asmr7_repair_003",
      "audio_path": "/home/terryd/gooning/voicecloning/artifacts/nano_lab/dataset_repair_complete/clips/asmr7_repair_003.wav",
      "family": "asmr7",
      "expected_text": "",
      "measurements": {
        "duration_s": 4.46,
        "sample_rate_hz": 24000,
        "channels": 1,
        "rms_dbfs": -30.283,
        "peak_dbfs": -11.888,
        "crest_db": 18.396,
        "dc_offset": -1.586e-05,
        "clipping_fraction_abs_ge_minus_0.01dbfs": 0.0,
        "near_clip_fraction_abs_ge_minus_0.1dbfs": 0.0,
        "burst_p99_dbfs_proxy_30ms": -23.188,
        "noise_floor_dbfs_proxy_low10pct_frames": -57.718,
        "speech_level_dbfs_proxy_high50pct_frames": -28.617,
        "snr_db_proxy_high50_minus_low10": 29.101,
        "stationary_high_band_dbfs_proxy_low10pct_frames": -88.116,
        "spectral_centroid_hz": 717.644,
        "spectral_flatness_proxy": 0.056079,
        "high_band_fraction_proxy_ge8khz": 0.011187,
        "noise_fields_are_heuristic_proxies": true
      },
      "rss_after_audio_load_mb": 102.96
    },
    {
      "label": "asmr7_repair_004",
      "audio_path": "/home/terryd/gooning/voicecloning/artifacts/nano_lab/dataset_repair_complete/clips/asmr7_repair_004.wav",
      "family": "asmr7",
      "expected_text": "",
      "measurements": {
        "duration_s": 3.66,
        "sample_rate_hz": 24000,
        "channels": 1,
        "rms_dbfs": -32.186,
        "peak_dbfs": -15.358,
        "crest_db": 16.828,
        "dc_offset": -5.97e-06,
        "clipping_fraction_abs_ge_minus_0.01dbfs": 0.0,
        "near_clip_fraction_abs_ge_minus_0.1dbfs": 0.0,
        "burst_p99_dbfs_proxy_30ms": -23.684,
        "noise_floor_dbfs_proxy_low10pct_frames": -53.583,
        "speech_level_dbfs_proxy_high50pct_frames": -32.319,
        "snr_db_proxy_high50_minus_low10": 21.264,
        "stationary_high_band_dbfs_proxy_low10pct_frames": -83.746,
        "spectral_centroid_hz": 641.593,
        "spectral_flatness_proxy": 0.049118,
        "high_band_fraction_proxy_ge8khz": 0.011198,
        "noise_fields_are_heuristic_proxies": true
      },
      "rss_after_audio_load_mb": 102.42
    },
    {
      "label": "asmr7_repair_005",
      "audio_path": "/home/terryd/gooning/voicecloning/artifacts/nano_lab/dataset_repair_complete/clips/asmr7_repair_005.wav",
      "family": "asmr7",
      "expected_text": "",
      "measurements": {
        "duration_s": 3.98,
        "sample_rate_hz": 24000,
        "channels": 1,
        "rms_dbfs": -32.36,
        "peak_dbfs": -13.003,
        "crest_db": 19.357,
        "dc_offset": -6.18e-06,
        "clipping_fraction_abs_ge_minus_0.01dbfs": 0.0,
        "near_clip_fraction_abs_ge_minus_0.1dbfs": 0.0,
        "burst_p99_dbfs_proxy_30ms": -22.742,
        "noise_floor_dbfs_proxy_low10pct_frames": -63.231,
        "speech_level_dbfs_proxy_high50pct_frames": -32.476,
        "snr_db_proxy_high50_minus_low10": 30.755,
        "stationary_high_band_dbfs_proxy_low10pct_frames": -94.76,
        "spectral_centroid_hz": 666.191,
        "spectral_flatness_proxy": 0.028045,
        "high_band_fraction_proxy_ge8khz": 0.00469,
        "noise_fields_are_heuristic_proxies": true
      },
      "rss_after_audio_load_mb": 102.69
    },
    {
      "label": "asmr7_repair_006",
      "audio_path": "/home/terryd/gooning/voicecloning/artifacts/nano_lab/dataset_repair_complete/clips/asmr7_repair_006.wav",
      "family": "asmr7",
      "expected_text": "",
      "measurements": {
        "duration_s": 5.46,
        "sample_rate_hz": 24000,
        "channels": 1,
        "rms_dbfs": -34.085,
        "peak_dbfs": -14.254,
        "crest_db": 19.831,
        "dc_offset": 1.19e-06,
        "clipping_fraction_abs_ge_minus_0.01dbfs": 0.0,
        "near_clip_fraction_abs_ge_minus_0.1dbfs": 0.0,
        "burst_p99_dbfs_proxy_30ms": -26.269,
        "noise_floor_dbfs_proxy_low10pct_frames": -57.927,
        "speech_level_dbfs_proxy_high50pct_frames": -33.108,
        "snr_db_proxy_high50_minus_low10": 24.819,
        "stationary_high_band_dbfs_proxy_low10pct_frames": -96.881,
        "spectral_centroid_hz": 971.102,
        "spectral_flatness_proxy": 0.111668,
        "high_band_fraction_proxy_ge8khz": 0.034629,
        "noise_fields_are_heuristic_proxies": true
      },
      "rss_after_audio_load_mb": 100.27
    },
    {
      "label": "asmr7_repair_007",
      "audio_path": "/home/terryd/gooning/voicecloning/artifacts/nano_lab/dataset_repair_complete/clips/asmr7_repair_007.wav",
      "family": "asmr7",
      "expected_text": "",
      "measurements": {
        "duration_s": 3.96,
        "sample_rate_hz": 24000,
        "channels": 1,
        "rms_dbfs": -34.407,
        "peak_dbfs": -12.611,
        "crest_db": 21.796,
        "dc_offset": -3.5e-07,
        "clipping_fraction_abs_ge_minus_0.01dbfs": 0.0,
        "near_clip_fraction_abs_ge_minus_0.1dbfs": 0.0,
        "burst_p99_dbfs_proxy_30ms": -23.794,
        "noise_floor_dbfs_proxy_low10pct_frames": -60.931,
        "speech_level_dbfs_proxy_high50pct_frames": -37.083,
        "snr_db_proxy_high50_minus_low10": 23.847,
        "stationary_high_band_dbfs_proxy_low10pct_frames": -103.18,
        "spectral_centroid_hz": 865.041,
        "spectral_flatness_proxy": 0.051014,
        "high_band_fraction_proxy_ge8khz": 0.005811,
        "noise_fields_are_heuristic_proxies": true
      },
      "rss_after_audio_load_mb": 102.65
    },
    {
      "label": "asmr7_repair_008",
      "audio_path": "/home/terryd/gooning/voicecloning/artifacts/nano_lab/dataset_repair_complete/clips/asmr7_repair_008.wav",
      "family": "asmr7",
      "expected_text": "",
      "measurements": {
        "duration_s": 8.74,
        "sample_rate_hz": 24000,
        "channels": 1,
        "rms_dbfs": -34.306,
        "peak_dbfs": -14.13,
        "crest_db": 20.176,
        "dc_offset": -3.37e-06,
        "clipping_fraction_abs_ge_minus_0.01dbfs": 0.0,
        "near_clip_fraction_abs_ge_minus_0.1dbfs": 0.0,
        "burst_p99_dbfs_proxy_30ms": -24.108,
        "noise_floor_dbfs_proxy_low10pct_frames": -56.773,
        "speech_level_dbfs_proxy_high50pct_frames": -34.2,
        "snr_db_proxy_high50_minus_low10": 22.574,
        "stationary_high_band_dbfs_proxy_low10pct_frames": -101.722,
        "spectral_centroid_hz": 799.959,
        "spectral_flatness_proxy": 0.093029,
        "high_band_fraction_proxy_ge8khz": 0.016556,
        "noise_fields_are_heuristic_proxies": true
      },
      "rss_after_audio_load_mb": 105.31
    },
    {
      "label": "asmr7_repair_009",
      "audio_path": "/home/terryd/gooning/voicecloning/artifacts/nano_lab/dataset_repair_complete/clips/asmr7_repair_009.wav",
      "family": "asmr7",
      "expected_text": "",
      "measurements": {
        "duration_s": 6.2,
        "sample_rate_hz": 24000,
        "channels": 1,
        "rms_dbfs": -32.618,
        "peak_dbfs": -15.23,
        "crest_db": 17.388,
        "dc_offset": -3e-06,
        "clipping_fraction_abs_ge_minus_0.01dbfs": 0.0,
        "near_clip_fraction_abs_ge_minus_0.1dbfs": 0.0,
        "burst_p99_dbfs_proxy_30ms": -22.637,
        "noise_floor_dbfs_proxy_low10pct_frames": -54.326,
        "speech_level_dbfs_proxy_high50pct_frames": -31.923,
        "snr_db_proxy_high50_minus_low10": 22.403,
        "stationary_high_band_dbfs_proxy_low10pct_frames": -92.007,
        "spectral_centroid_hz": 1017.891,
        "spectral_flatness_proxy": 0.133978,
        "high_band_fraction_proxy_ge8khz": 0.038961,
        "noise_fields_are_heuristic_proxies": true
      },
      "rss_after_audio_load_mb": 105.32
    },
    {
      "label": "asmr7_repair_010",
      "audio_path": "/home/terryd/gooning/voicecloning/artifacts/nano_lab/dataset_repair_complete/clips/asmr7_repair_010.wav",
      "family": "asmr7",
      "expected_text": "",
      "measurements": {
        "duration_s": 3.82,
        "sample_rate_hz": 24000,
        "channels": 1,
        "rms_dbfs": -29.606,
        "peak_dbfs": -9.993,
        "crest_db": 19.613,
        "dc_offset": 1.495e-05,
        "clipping_fraction_abs_ge_minus_0.01dbfs": 0.0,
        "near_clip_fraction_abs_ge_minus_0.1dbfs": 0.0,
        "burst_p99_dbfs_proxy_30ms": -18.36,
        "noise_floor_dbfs_proxy_low10pct_frames": -51.649,
        "speech_level_dbfs_proxy_high50pct_frames": -29.778,
        "snr_db_proxy_high50_minus_low10": 21.871,
        "stationary_high_band_dbfs_proxy_low10pct_frames": -83.018,
        "spectral_centroid_hz": 1078.217,
        "spectral_flatness_proxy": 0.11238,
        "high_band_fraction_proxy_ge8khz": 0.014825,
        "noise_fields_are_heuristic_proxies": true
      },
      "rss_after_audio_load_mb": 105.32
    },
    {
      "label": "asmr7_repair_013",
      "audio_path": "/home/terryd/gooning/voicecloning/artifacts/nano_lab/dataset_repair_complete/clips/asmr7_repair_013.wav",
      "family": "asmr7",
      "expected_text": "",
      "measurements": {
        "duration_s": 3.34,
        "sample_rate_hz": 24000,
        "channels": 1,
        "rms_dbfs": -39.589,
        "peak_dbfs": -17.998,
        "crest_db": 21.591,
        "dc_offset": -3.179e-05,
        "clipping_fraction_abs_ge_minus_0.01dbfs": 0.0,
        "near_clip_fraction_abs_ge_minus_0.1dbfs": 0.0,
        "burst_p99_dbfs_proxy_30ms": -31.053,
        "noise_floor_dbfs_proxy_low10pct_frames": -65.176,
        "speech_level_dbfs_proxy_high50pct_frames": -38.374,
        "snr_db_proxy_high50_minus_low10": 26.801,
        "stationary_high_band_dbfs_proxy_low10pct_frames": -97.434,
        "spectral_centroid_hz": 751.363,
        "spectral_flatness_proxy": 0.044693,
        "high_band_fraction_proxy_ge8khz": 0.002749,
        "noise_fields_are_heuristic_proxies": true
      },
      "rss_after_audio_load_mb": 105.33
    },
    {
      "label": "asmr7_repair_014",
      "audio_path": "/home/terryd/gooning/voicecloning/artifacts/nano_lab/dataset_repair_complete/clips/asmr7_repair_014.wav",
      "family": "asmr7",
      "expected_text": "",
      "measurements": {
        "duration_s": 4.28,
        "sample_rate_hz": 24000,
        "channels": 1,
        "rms_dbfs": -43.482,
        "peak_dbfs": -23.877,
        "crest_db": 19.605,
        "dc_offset": -1.51e-06,
        "clipping_fraction_abs_ge_minus_0.01dbfs": 0.0,
        "near_clip_fraction_abs_ge_minus_0.1dbfs": 0.0,
        "burst_p99_dbfs_proxy_30ms": -34.649,
        "noise_floor_dbfs_proxy_low10pct_frames": -66.458,
        "speech_level_dbfs_proxy_high50pct_frames": -42.768,
        "snr_db_proxy_high50_minus_low10": 23.69,
        "stationary_high_band_dbfs_proxy_low10pct_frames": -101.608,
        "spectral_centroid_hz": 1740.567,
        "spectral_flatness_proxy": 0.230303,
        "high_band_fraction_proxy_ge8khz": 0.090286,
        "noise_fields_are_heuristic_proxies": true
      },
      "rss_after_audio_load_mb": 105.33
    },
    {
      "label": "asmr7_repair_015",
      "audio_path": "/home/terryd/gooning/voicecloning/artifacts/nano_lab/dataset_repair_complete/clips/asmr7_repair_015.wav",
      "family": "asmr7",
      "expected_text": "",
      "measurements": {
        "duration_s": 5.02,
        "sample_rate_hz": 24000,
        "channels": 1,
        "rms_dbfs": -43.086,
        "peak_dbfs": -23.074,
        "crest_db": 20.012,
        "dc_offset": 4.52e-06,
        "clipping_fraction_abs_ge_minus_0.01dbfs": 0.0,
        "near_clip_fraction_abs_ge_minus_0.1dbfs": 0.0,
        "burst_p99_dbfs_proxy_30ms": -33.224,
        "noise_floor_dbfs_proxy_low10pct_frames": -67.755,
        "speech_level_dbfs_proxy_high50pct_frames": -41.873,
        "snr_db_proxy_high50_minus_low10": 25.882,
        "stationary_high_band_dbfs_proxy_low10pct_frames": -100.152,
        "spectral_centroid_hz": 1376.782,
        "spectral_flatness_proxy": 0.169303,
        "high_band_fraction_proxy_ge8khz": 0.03007,
        "noise_fields_are_heuristic_proxies": true
      },
      "rss_after_audio_load_mb": 105.33
    },
    {
      "label": "asmr7_repair_016",
      "audio_path": "/home/terryd/gooning/voicecloning/artifacts/nano_lab/dataset_repair_complete/clips/asmr7_repair_016.wav",
      "family": "asmr7",
      "expected_text": "",
      "measurements": {
        "duration_s": 5.36,
        "sample_rate_hz": 24000,
        "channels": 1,
        "rms_dbfs": -35.915,
        "peak_dbfs": -20.566,
        "crest_db": 15.349,
        "dc_offset": 1.561e-05,
        "clipping_fraction_abs_ge_minus_0.01dbfs": 0.0,
        "near_clip_fraction_abs_ge_minus_0.1dbfs": 0.0,
        "burst_p99_dbfs_proxy_30ms": -28.608,
        "noise_floor_dbfs_proxy_low10pct_frames": -58.614,
        "speech_level_dbfs_proxy_high50pct_frames": -34.148,
        "snr_db_proxy_high50_minus_low10": 24.467,
        "stationary_high_band_dbfs_proxy_low10pct_frames": -88.844,
        "spectral_centroid_hz": 699.877,
        "spectral_flatness_proxy": 0.076331,
        "high_band_fraction_proxy_ge8khz": 0.020175,
        "noise_fields_are_heuristic_proxies": true
      },
      "rss_after_audio_load_mb": 105.33
    },
    {
      "label": "asmr7_repair_017",
      "audio_path": "/home/terryd/gooning/voicecloning/artifacts/nano_lab/dataset_repair_complete/clips/asmr7_repair_017.wav",
      "family": "asmr7",
      "expected_text": "",
      "measurements": {
        "duration_s": 5.88,
        "sample_rate_hz": 24000,
        "channels": 1,
        "rms_dbfs": -41.173,
        "peak_dbfs": -22.529,
        "crest_db": 18.644,
        "dc_offset": 2.056e-05,
        "clipping_fraction_abs_ge_minus_0.01dbfs": 0.0,
        "near_clip_fraction_abs_ge_minus_0.1dbfs": 0.0,
        "burst_p99_dbfs_proxy_30ms": -32.334,
        "noise_floor_dbfs_proxy_low10pct_frames": -64.54,
        "speech_level_dbfs_proxy_high50pct_frames": -40.543,
        "snr_db_proxy_high50_minus_low10": 23.997,
        "stationary_high_band_dbfs_proxy_low10pct_frames": -100.315,
        "spectral_centroid_hz": 863.036,
        "spectral_flatness_proxy": 0.107583,
        "high_band_fraction_proxy_ge8khz": 0.026036,
        "noise_fields_are_heuristic_proxies": true
      },
      "rss_after_audio_load_mb": 105.34
    },
    {
      "label": "asmr7_repair_018",
      "audio_path": "/home/terryd/gooning/voicecloning/artifacts/nano_lab/dataset_repair_complete/clips/asmr7_repair_018.wav",
      "family": "asmr7",
      "expected_text": "",
      "measurements": {
        "duration_s": 5.36,
        "sample_rate_hz": 24000,
        "channels": 1,
        "rms_dbfs": -39.897,
        "peak_dbfs": -23.101,
        "crest_db": 16.796,
        "dc_offset": 7.5e-07,
        "clipping_fraction_abs_ge_minus_0.01dbfs": 0.0,
        "near_clip_fraction_abs_ge_minus_0.1dbfs": 0.0,
        "burst_p99_dbfs_proxy_30ms": -33.388,
        "noise_floor_dbfs_proxy_low10pct_frames": -65.041,
        "speech_level_dbfs_proxy_high50pct_frames": -37.366,
        "snr_db_proxy_high50_minus_low10": 27.675,
        "stationary_high_band_dbfs_proxy_low10pct_frames": -98.826,
        "spectral_centroid_hz": 1108.509,
        "spectral_flatness_proxy": 0.149725,
        "high_band_fraction_proxy_ge8khz": 0.032032,
        "noise_fields_are_heuristic_proxies": true
      },
      "rss_after_audio_load_mb": 105.34
    },
    {
      "label": "asmr7_repair_019",
      "audio_path": "/home/terryd/gooning/voicecloning/artifacts/nano_lab/dataset_repair_complete/clips/asmr7_repair_019.wav",
      "family": "asmr7",
      "expected_text": "",
      "measurements": {
        "duration_s": 4.62,
        "sample_rate_hz": 24000,
        "channels": 1,
        "rms_dbfs": -41.651,
        "peak_dbfs": -23.029,
        "crest_db": 18.621,
        "dc_offset": 1.241e-05,
        "clipping_fraction_abs_ge_minus_0.01dbfs": 0.0,
        "near_clip_fraction_abs_ge_minus_0.1dbfs": 0.0,
        "burst_p99_dbfs_proxy_30ms": -31.9,
        "noise_floor_dbfs_proxy_low10pct_frames": -69.859,
        "speech_level_dbfs_proxy_high50pct_frames": -40.757,
        "snr_db_proxy_high50_minus_low10": 29.102,
        "stationary_high_band_dbfs_proxy_low10pct_frames": -102.588,
        "spectral_centroid_hz": 2096.873,
        "spectral_flatness_proxy": 0.24823,
        "high_band_fraction_proxy_ge8khz": 0.112931,
        "noise_fields_are_heuristic_proxies": true
      },
      "rss_after_audio_load_mb": 105.34
    },
    {
      "label": "asmr7_repair_021",
      "audio_path": "/home/terryd/gooning/voicecloning/artifacts/nano_lab/dataset_repair_complete/clips/asmr7_repair_021.wav",
      "family": "asmr7",
      "expected_text": "",
      "measurements": {
        "duration_s": 3.86,
        "sample_rate_hz": 24000,
        "channels": 1,
        "rms_dbfs": -47.015,
        "peak_dbfs": -26.458,
        "crest_db": 20.557,
        "dc_offset": -4.45e-06,
        "clipping_fraction_abs_ge_minus_0.01dbfs": 0.0,
        "near_clip_fraction_abs_ge_minus_0.1dbfs": 0.0,
        "burst_p99_dbfs_proxy_30ms": -38.794,
        "noise_floor_dbfs_proxy_low10pct_frames": -68.144,
        "speech_level_dbfs_proxy_high50pct_frames": -45.576,
        "snr_db_proxy_high50_minus_low10": 22.568,
        "stationary_high_band_dbfs_proxy_low10pct_frames": -94.458,
        "spectral_centroid_hz": 1851.703,
        "spectral_flatness_proxy": 0.191192,
        "high_band_fraction_proxy_ge8khz": 0.108989,
        "noise_fields_are_heuristic_proxies": true
      },
      "rss_after_audio_load_mb": 105.34
    },
    {
      "label": "asmr7_repair_022",
      "audio_path": "/home/terryd/gooning/voicecloning/artifacts/nano_lab/dataset_repair_complete/clips/asmr7_repair_022.wav",
      "family": "asmr7",
      "expected_text": "",
      "measurements": {
        "duration_s": 10.92,
        "sample_rate_hz": 24000,
        "channels": 1,
        "rms_dbfs": -34.965,
        "peak_dbfs": -17.251,
        "crest_db": 17.714,
        "dc_offset": -7.59e-06,
        "clipping_fraction_abs_ge_minus_0.01dbfs": 0.0,
        "near_clip_fraction_abs_ge_minus_0.1dbfs": 0.0,
        "burst_p99_dbfs_proxy_30ms": -26.424,
        "noise_floor_dbfs_proxy_low10pct_frames": -62.319,
        "speech_level_dbfs_proxy_high50pct_frames": -32.997,
        "snr_db_proxy_high50_minus_low10": 29.322,
        "stationary_high_band_dbfs_proxy_low10pct_frames": -93.188,
        "spectral_centroid_hz": 810.537,
        "spectral_flatness_proxy": 0.110436,
        "high_band_fraction_proxy_ge8khz": 0.020052,
        "noise_fields_are_heuristic_proxies": true
      },
      "rss_after_audio_load_mb": 106.38
    },
    {
      "label": "asmr7_repair_023",
      "audio_path": "/home/terryd/gooning/voicecloning/artifacts/nano_lab/dataset_repair_complete/clips/asmr7_repair_023.wav",
      "family": "asmr7",
      "expected_text": "",
      "measurements": {
        "duration_s": 7.26,
        "sample_rate_hz": 24000,
        "channels": 1,
        "rms_dbfs": -39.656,
        "peak_dbfs": -22.402,
        "crest_db": 17.253,
        "dc_offset": 5.5e-06,
        "clipping_fraction_abs_ge_minus_0.01dbfs": 0.0,
        "near_clip_fraction_abs_ge_minus_0.1dbfs": 0.0,
        "burst_p99_dbfs_proxy_30ms": -30.429,
        "noise_floor_dbfs_proxy_low10pct_frames": -63.557,
        "speech_level_dbfs_proxy_high50pct_frames": -39.42,
        "snr_db_proxy_high50_minus_low10": 24.137,
        "stationary_high_band_dbfs_proxy_low10pct_frames": -94.831,
        "spectral_centroid_hz": 584.556,
        "spectral_flatness_proxy": 0.05847,
        "high_band_fraction_proxy_ge8khz": 0.007106,
        "noise_fields_are_heuristic_proxies": true
      },
      "rss_after_audio_load_mb": 106.38
    },
    {
      "label": "asmr7_repair_024",
      "audio_path": "/home/terryd/gooning/voicecloning/artifacts/nano_lab/dataset_repair_complete/clips/asmr7_repair_024.wav",
      "family": "asmr7",
      "expected_text": "",
      "measurements": {
        "duration_s": 3.74,
        "sample_rate_hz": 24000,
        "channels": 1,
        "rms_dbfs": -41.588,
        "peak_dbfs": -24.185,
        "crest_db": 17.404,
        "dc_offset": 6.07e-06,
        "clipping_fraction_abs_ge_minus_0.01dbfs": 0.0,
        "near_clip_fraction_abs_ge_minus_0.1dbfs": 0.0,
        "burst_p99_dbfs_proxy_30ms": -35.975,
        "noise_floor_dbfs_proxy_low10pct_frames": -62.869,
        "speech_level_dbfs_proxy_high50pct_frames": -39.574,
        "snr_db_proxy_high50_minus_low10": 23.296,
        "stationary_high_band_dbfs_proxy_low10pct_frames": -94.085,
        "spectral_centroid_hz": 1272.209,
        "spectral_flatness_proxy": 0.178481,
        "high_band_fraction_proxy_ge8khz": 0.037145,
        "noise_fields_are_heuristic_proxies": true
      },
      "rss_after_audio_load_mb": 106.39
    },
    {
      "label": "asmr7_repair_026",
      "audio_path": "/home/terryd/gooning/voicecloning/artifacts/nano_lab/dataset_repair_complete/clips/asmr7_repair_026.wav",
      "family": "asmr7",
      "expected_text": "",
      "measurements": {
        "duration_s": 6.62,
        "sample_rate_hz": 24000,
        "channels": 1,
        "rms_dbfs": -44.38,
        "peak_dbfs": -22.04,
        "crest_db": 22.34,
        "dc_offset": -3.78e-06,
        "clipping_fraction_abs_ge_minus_0.01dbfs": 0.0,
        "near_clip_fraction_abs_ge_minus_0.1dbfs": 0.0,
        "burst_p99_dbfs_proxy_30ms": -34.581,
        "noise_floor_dbfs_proxy_low10pct_frames": -68.856,
        "speech_level_dbfs_proxy_high50pct_frames": -43.575,
        "snr_db_proxy_high50_minus_low10": 25.281,
        "stationary_high_band_dbfs_proxy_low10pct_frames": -90.614,
        "spectral_centroid_hz": 2375.281,
        "spectral_flatness_proxy": 0.266994,
        "high_band_fraction_proxy_ge8khz": 0.035695,
        "noise_fields_are_heuristic_proxies": true
      },
      "rss_after_audio_load_mb": 106.39
    },
    {
      "label": "asmr7_repair_027",
      "audio_path": "/home/terryd/gooning/voicecloning/artifacts/nano_lab/dataset_repair_complete/clips/asmr7_repair_027.wav",
      "family": "asmr7",
      "expected_text": "",
      "measurements": {
        "duration_s": 6.38,
        "sample_rate_hz": 24000,
        "channels": 1,
        "rms_dbfs": -42.496,
        "peak_dbfs": -20.617,
        "crest_db": 21.879,
        "dc_offset": -2.1e-06,
        "clipping_fraction_abs_ge_minus_0.01dbfs": 0.0,
        "near_clip_fraction_abs_ge_minus_0.1dbfs": 0.0,
        "burst_p99_dbfs_proxy_30ms": -32.191,
        "noise_floor_dbfs_proxy_low10pct_frames": -63.604,
        "speech_level_dbfs_proxy_high50pct_frames": -42.6,
        "snr_db_proxy_high50_minus_low10": 21.005,
        "stationary_high_band_dbfs_proxy_low10pct_frames": -91.705,
        "spectral_centroid_hz": 3429.033,
        "spectral_flatness_proxy": 0.339198,
        "high_band_fraction_proxy_ge8khz": 0.257086,
        "noise_fields_are_heuristic_proxies": true
      },
      "rss_after_audio_load_mb": 106.39
    },
    {
      "label": "asmr7_repair_028",
      "audio_path": "/home/terryd/gooning/voicecloning/artifacts/nano_lab/dataset_repair_complete/clips/asmr7_repair_028.wav",
      "family": "asmr7",
      "expected_text": "",
      "measurements": {
        "duration_s": 5.22,
        "sample_rate_hz": 24000,
        "channels": 1,
        "rms_dbfs": -41.689,
        "peak_dbfs": -20.476,
        "crest_db": 21.213,
        "dc_offset": -5.61e-06,
        "clipping_fraction_abs_ge_minus_0.01dbfs": 0.0,
        "near_clip_fraction_abs_ge_minus_0.1dbfs": 0.0,
        "burst_p99_dbfs_proxy_30ms": -35.336,
        "noise_floor_dbfs_proxy_low10pct_frames": -62.802,
        "speech_level_dbfs_proxy_high50pct_frames": -39.094,
        "snr_db_proxy_high50_minus_low10": 23.708,
        "stationary_high_band_dbfs_proxy_low10pct_frames": -90.769,
        "spectral_centroid_hz": 1124.721,
        "spectral_flatness_proxy": 0.14993,
        "high_band_fraction_proxy_ge8khz": 0.017214,
        "noise_fields_are_heuristic_proxies": true
      },
      "rss_after_audio_load_mb": 106.39
    },
    {
      "label": "asmr7_repair_029",
      "audio_path": "/home/terryd/gooning/voicecloning/artifacts/nano_lab/dataset_repair_complete/clips/asmr7_repair_029.wav",
      "family": "asmr7",
      "expected_text": "",
      "measurements": {
        "duration_s": 5.4,
        "sample_rate_hz": 24000,
        "channels": 1,
        "rms_dbfs": -49.655,
        "peak_dbfs": -27.058,
        "crest_db": 22.597,
        "dc_offset": -2.62e-06,
        "clipping_fraction_abs_ge_minus_0.01dbfs": 0.0,
        "near_clip_fraction_abs_ge_minus_0.1dbfs": 0.0,
        "burst_p99_dbfs_proxy_30ms": -39.026,
        "noise_floor_dbfs_proxy_low10pct_frames": -70.76,
        "speech_level_dbfs_proxy_high50pct_frames": -54.647,
        "snr_db_proxy_high50_minus_low10": 16.113,
        "stationary_high_band_dbfs_proxy_low10pct_frames": -93.47,
        "spectral_centroid_hz": 2232.111,
        "spectral_flatness_proxy": 0.2356,
        "high_band_fraction_proxy_ge8khz": 0.076181,
        "noise_fields_are_heuristic_proxies": true
      },
      "rss_after_audio_load_mb": 106.39
    },
    {
      "label": "asmr7_repair_030",
      "audio_path": "/home/terryd/gooning/voicecloning/artifacts/nano_lab/dataset_repair_complete/clips/asmr7_repair_030.wav",
      "family": "asmr7",
      "expected_text": "",
      "measurements": {
        "duration_s": 7.3,
        "sample_rate_hz": 24000,
        "channels": 1,
        "rms_dbfs": -40.317,
        "peak_dbfs": -21.73,
        "crest_db": 18.587,
        "dc_offset": -1.211e-05,
        "clipping_fraction_abs_ge_minus_0.01dbfs": 0.0,
        "near_clip_fraction_abs_ge_minus_0.1dbfs": 0.0,
        "burst_p99_dbfs_proxy_30ms": -32.658,
        "noise_floor_dbfs_proxy_low10pct_frames": -66.67,
        "speech_level_dbfs_proxy_high50pct_frames": -38.199,
        "snr_db_proxy_high50_minus_low10": 28.471,
        "stationary_high_band_dbfs_proxy_low10pct_frames": -102.672,
        "spectral_centroid_hz": 1640.018,
        "spectral_flatness_proxy": 0.212859,
        "high_band_fraction_proxy_ge8khz": 0.085116,
        "noise_fields_are_heuristic_proxies": true
      },
      "rss_after_audio_load_mb": 106.4
    },
    {
      "label": "asmr7_repair_031",
      "audio_path": "/home/terryd/gooning/voicecloning/artifacts/nano_lab/dataset_repair_complete/clips/asmr7_repair_031.wav",
      "family": "asmr7",
      "expected_text": "",
      "measurements": {
        "duration_s": 3.44,
        "sample_rate_hz": 24000,
        "channels": 1,
        "rms_dbfs": -39.471,
        "peak_dbfs": -23.429,
        "crest_db": 16.042,
        "dc_offset": -1.859e-05,
        "clipping_fraction_abs_ge_minus_0.01dbfs": 0.0,
        "near_clip_fraction_abs_ge_minus_0.1dbfs": 0.0,
        "burst_p99_dbfs_proxy_30ms": -29.219,
        "noise_floor_dbfs_proxy_low10pct_frames": -61.811,
        "speech_level_dbfs_proxy_high50pct_frames": -39.855,
        "snr_db_proxy_high50_minus_low10": 21.957,
        "stationary_high_band_dbfs_proxy_low10pct_frames": -102.211,
        "spectral_centroid_hz": 1034.782,
        "spectral_flatness_proxy": 0.104694,
        "high_band_fraction_proxy_ge8khz": 0.057159,
        "noise_fields_are_heuristic_proxies": true
      },
      "rss_after_audio_load_mb": 106.4
    },
    {
      "label": "asmr7_repair_032",
      "audio_path": "/home/terryd/gooning/voicecloning/artifacts/nano_lab/dataset_repair_complete/clips/asmr7_repair_032.wav",
      "family": "asmr7",
      "expected_text": "",
      "measurements": {
        "duration_s": 6.82,
        "sample_rate_hz": 24000,
        "channels": 1,
        "rms_dbfs": -40.076,
        "peak_dbfs": -20.412,
        "crest_db": 19.664,
        "dc_offset": -1.442e-05,
        "clipping_fraction_abs_ge_minus_0.01dbfs": 0.0,
        "near_clip_fraction_abs_ge_minus_0.1dbfs": 0.0,
        "burst_p99_dbfs_proxy_30ms": -31.92,
        "noise_floor_dbfs_proxy_low10pct_frames": -61.829,
        "speech_level_dbfs_proxy_high50pct_frames": -38.406,
        "snr_db_proxy_high50_minus_low10": 23.423,
        "stationary_high_band_dbfs_proxy_low10pct_frames": -98.001,
        "spectral_centroid_hz": 1107.0,
        "spectral_flatness_proxy": 0.174998,
        "high_band_fraction_proxy_ge8khz": 0.033882,
        "noise_fields_are_heuristic_proxies": true
      },
      "rss_after_audio_load_mb": 106.4
    },
    {
      "label": "asmr7_repair_033",
      "audio_path": "/home/terryd/gooning/voicecloning/artifacts/nano_lab/dataset_repair_complete/clips/asmr7_repair_033.wav",
      "family": "asmr7",
      "expected_text": "",
      "measurements": {
        "duration_s": 4.1,
        "sample_rate_hz": 24000,
        "channels": 1,
        "rms_dbfs": -40.729,
        "peak_dbfs": -22.427,
        "crest_db": 18.302,
        "dc_offset": -8.08e-06,
        "clipping_fraction_abs_ge_minus_0.01dbfs": 0.0,
        "near_clip_fraction_abs_ge_minus_0.1dbfs": 0.0,
        "burst_p99_dbfs_proxy_30ms": -31.888,
        "noise_floor_dbfs_proxy_low10pct_frames": -64.484,
        "speech_level_dbfs_proxy_high50pct_frames": -40.242,
        "snr_db_proxy_high50_minus_low10": 24.241,
        "stationary_high_band_dbfs_proxy_low10pct_frames": -101.553,
        "spectral_centroid_hz": 716.567,
        "spectral_flatness_proxy": 0.053984,
        "high_band_fraction_proxy_ge8khz": 0.005832,
        "noise_fields_are_heuristic_proxies": true
      },
      "rss_after_audio_load_mb": 106.4
    },
    {
      "label": "asmr7_repair_034",
      "audio_path": "/home/terryd/gooning/voicecloning/artifacts/nano_lab/dataset_repair_complete/clips/asmr7_repair_034.wav",
      "family": "asmr7",
      "expected_text": "",
      "measurements": {
        "duration_s": 6.56,
        "sample_rate_hz": 24000,
        "channels": 1,
        "rms_dbfs": -42.994,
        "peak_dbfs": -22.006,
        "crest_db": 20.988,
        "dc_offset": -9.33e-06,
        "clipping_fraction_abs_ge_minus_0.01dbfs": 0.0,
        "near_clip_fraction_abs_ge_minus_0.1dbfs": 0.0,
        "burst_p99_dbfs_proxy_30ms": -36.888,
        "noise_floor_dbfs_proxy_low10pct_frames": -65.91,
        "speech_level_dbfs_proxy_high50pct_frames": -40.846,
        "snr_db_proxy_high50_minus_low10": 25.063,
        "stationary_high_band_dbfs_proxy_low10pct_frames": -102.91,
        "spectral_centroid_hz": 2654.464,
        "spectral_flatness_proxy": 0.332069,
        "high_band_fraction_proxy_ge8khz": 0.138249,
        "noise_fields_are_heuristic_proxies": true
      },
      "rss_after_audio_load_mb": 106.41
    }
  ]
}
          Finished with result: success
Main processes terminated with: code=exited, status=0/SUCCESS
               Service runtime: 3.257s
             CPU time consumed: 3.385s
                   Memory peak: 76.2M (swap: 0B)
