loaded PerthNet (Implicit) at step 250,000
{
  "elapsed_seconds": 6.450392484664917,
  "finished_unix": 1790701515.9527402,
  "result": {
    "audio_samples": 176640,
    "audio_seconds": 7.36,
    "master_processing": {
      "achieved_lufs": -22.105323678824497,
      "gain_db": 0.9197365404094433,
      "highpass_hz": 45,
      "noise_gate": false,
      "target_lufs": -19,
      "true_peak_ceiling_dbtp": -1,
      "true_peak_oversampling": 4
    },
    "output": "/home/terryd/gooning/voicecloning/artifacts/nano_lab/onnx_batch_cuda/soft_warm_repeat.wav",
    "sample_rate": 24000,
    "schema_version": 1,
    "source": "/home/terryd/gooning/voicecloning/artifacts/nano_lab/onnx_batch_cuda/cases/001_soft_warm_repeat/vocoder/audio.npz",
    "trim_fade": {
      "fade_ms": 20,
      "n_trim": 480
    },
    "watermark": "PerthImplicitWatermarker",
    "watermark_applied": true
  },
  "rss": {
    "peak_rss_bytes": 537317376,
    "rss_bytes": 508362752
  },
  "schema_version": 1,
  "stage": "finish",
  "started_unix": 1790701509.5023491,
  "status": "ok"
}
