{
  "elapsed_seconds": 2.6607816219329834,
  "finished_unix": 1790701466.2523108,
  "result": {
    "conditioning_cache": "/home/terryd/gooning/voicecloning/artifacts/nano_lab/sweep_round2/asmr_soft_morning_31.conds.pt",
    "field_count": 7,
    "mode": "zero_shot",
    "profile": "/home/terryd/gooning/voicecloning/voices/nano/asmr_soft.json",
    "skipped_optional_fields": [
      "t3.clap_emb",
      "t3.cond_prompt_speech_emb",
      "gen.prompt_feat_len"
    ]
  },
  "rss": {
    "peak_rss_bytes": 235601920,
    "rss_bytes": 236056576
  },
  "schema_version": 1,
  "stage": "prepare",
  "started_unix": 1790701463.59153,
  "status": "ok"
}
