MemoryMax=768MiB, MemoryHigh=614MiB, no swap, 2 CPU cores, one job; desktop reserve=4GiB
Running as unit: nano-lab-model.service; invocation ID: 4b8812d40bca49059c2821cecb00f716
{
  "command": [
    "scripts/nano_lab/codec_diagnostics.py",
    "vocoder-reference",
    "--label",
    "harvey_full",
    "--pipeline-run-dir",
    "artifacts/nano_lab/onnx_pipeline/harvey_complete_fixed",
    "--output-dir",
    "artifacts/nano_lab/codec_diagnostics"
  ],
  "elapsed_seconds": 12.684400081634521,
  "resources": {
    "peak_rss_bytes": 657915904,
    "rss_bytes": 564219904
  },
  "result": {
    "branch": "pipeline_mel",
    "diagnostics": {
      "f0_frames": 269,
      "f0_max_hz": 0.7627252340316772,
      "f0_mean_hz": 0.1476515382528305,
      "f0_min_hz": 5.135685205459595e-05,
      "phase_noise_l2": 6.763123989105225,
      "sine_noise_l2": 1078.8638916015625,
      "sine_waves_l2": 35.96210479736328,
      "sine_waves_rms": 0.033360555768013,
      "source_branch_l2": 2.1224780082702637,
      "source_branch_rms": 0.005906716454774141,
      "voiced_fraction": 0.0
    },
    "label": "harvey_full",
    "native_report": "/home/terryd/gooning/voicecloning/artifacts/nano_lab/codec_diagnostics/harvey_full.native.json",
    "waveform_samples": 129120
  },
  "status": "ok"
}
          Finished with result: success
Main processes terminated with: code=exited, status=0/SUCCESS
               Service runtime: 14.255s
             CPU time consumed: 19.150s
                   Memory peak: 518M (swap: 0B)
